
Discarded input sections

 .group         0x00000000        0xc ./source/App.o
 .group         0x00000000        0xc ./source/App.o
 .group         0x00000000        0xc ./source/App.o
 .group         0x00000000        0xc ./source/App.o
 .group         0x00000000        0xc ./source/App.o
 .text          0x00000000        0x0 ./source/App.o
 .data          0x00000000        0x0 ./source/App.o
 .bss           0x00000000        0x0 ./source/App.o
 .group         0x00000000        0xc ./source/gpio.o
 .group         0x00000000        0xc ./source/gpio.o
 .group         0x00000000        0xc ./source/gpio.o
 .group         0x00000000        0xc ./source/gpio.o
 .group         0x00000000        0xc ./source/gpio.o
 .group         0x00000000        0xc ./source/gpio.o
 .group         0x00000000        0xc ./source/gpio.o
 .group         0x00000000        0xc ./source/gpio.o
 .group         0x00000000        0xc ./source/gpio.o
 .group         0x00000000        0xc ./source/gpio.o
 .group         0x00000000        0xc ./source/gpio.o
 .text          0x00000000        0x0 ./source/gpio.o
 .data          0x00000000        0x0 ./source/gpio.o
 .bss           0x00000000        0x0 ./source/gpio.o
 .text.isPinValid
                0x00000000        0xc ./source/gpio.o
 .text.setPCRmux
                0x00000000       0x18 ./source/gpio.o
 .text.setPCRpullEnable
                0x00000000       0x10 ./source/gpio.o
 .text.setPCRpullUp
                0x00000000       0x10 ./source/gpio.o
 .text.setPCRpullDown
                0x00000000       0x10 ./source/gpio.o
 .text.setGPIOddr
                0x00000000        0xc ./source/gpio.o
 .text.setGPIOdataOut
                0x00000000       0x1c ./source/gpio.o
 .debug_macro   0x00000000      0xa5a ./source/gpio.o
 .debug_macro   0x00000000      0x34e ./source/gpio.o
 .debug_macro   0x00000000       0x22 ./source/gpio.o
 .debug_macro   0x00000000       0x3a ./source/gpio.o
 .group         0x00000000        0xc ./SDK/startup/hardware.o
 .group         0x00000000        0xc ./SDK/startup/hardware.o
 .group         0x00000000        0xc ./SDK/startup/hardware.o
 .group         0x00000000        0xc ./SDK/startup/hardware.o
 .group         0x00000000        0xc ./SDK/startup/hardware.o
 .group         0x00000000        0xc ./SDK/startup/hardware.o
 .group         0x00000000        0xc ./SDK/startup/hardware.o
 .group         0x00000000        0xc ./SDK/startup/hardware.o
 .group         0x00000000        0xc ./SDK/startup/hardware.o
 .group         0x00000000        0xc ./SDK/startup/hardware.o
 .group         0x00000000        0xc ./SDK/startup/hardware.o
 .group         0x00000000        0xc ./SDK/startup/hardware.o
 .group         0x00000000        0xc ./SDK/startup/hardware.o
 .text          0x00000000        0x0 ./SDK/startup/hardware.o
 .data          0x00000000        0x0 ./SDK/startup/hardware.o
 .bss           0x00000000        0x0 ./SDK/startup/hardware.o
 .debug_macro   0x00000000      0xa5a ./SDK/startup/hardware.o
 .debug_macro   0x00000000      0x34e ./SDK/startup/hardware.o
 .debug_macro   0x00000000       0x22 ./SDK/startup/hardware.o
 .debug_macro   0x00000000       0x5c ./SDK/startup/hardware.o
 .debug_macro   0x00000000       0x1c ./SDK/startup/hardware.o
 .debug_macro   0x00000000       0x22 ./SDK/startup/hardware.o
 .debug_macro   0x00000000       0xdf ./SDK/startup/hardware.o
 .debug_macro   0x00000000      0xecf ./SDK/startup/hardware.o
 .debug_macro   0x00000000       0x48 ./SDK/startup/hardware.o
 .debug_macro   0x00000000     0xe07b ./SDK/startup/hardware.o
 .group         0x00000000        0xc ./SDK/startup/main.o
 .group         0x00000000        0xc ./SDK/startup/main.o
 .group         0x00000000        0xc ./SDK/startup/main.o
 .group         0x00000000        0xc ./SDK/startup/main.o
 .group         0x00000000        0xc ./SDK/startup/main.o
 .group         0x00000000        0xc ./SDK/startup/main.o
 .group         0x00000000        0xc ./SDK/startup/main.o
 .group         0x00000000        0xc ./SDK/startup/main.o
 .group         0x00000000        0xc ./SDK/startup/main.o
 .group         0x00000000        0xc ./SDK/startup/main.o
 .group         0x00000000        0xc ./SDK/startup/main.o
 .group         0x00000000        0xc ./SDK/startup/main.o
 .group         0x00000000        0xc ./SDK/startup/main.o
 .text          0x00000000        0x0 ./SDK/startup/main.o
 .data          0x00000000        0x0 ./SDK/startup/main.o
 .bss           0x00000000        0x0 ./SDK/startup/main.o
 .debug_macro   0x00000000      0xa5a ./SDK/startup/main.o
 .debug_macro   0x00000000      0x34e ./SDK/startup/main.o
 .debug_macro   0x00000000       0x22 ./SDK/startup/main.o
 .debug_macro   0x00000000       0x10 ./SDK/startup/main.o
 .debug_macro   0x00000000       0x5c ./SDK/startup/main.o
 .debug_macro   0x00000000       0x1c ./SDK/startup/main.o
 .debug_macro   0x00000000       0x22 ./SDK/startup/main.o
 .debug_macro   0x00000000       0xdf ./SDK/startup/main.o
 .debug_macro   0x00000000      0xecf ./SDK/startup/main.o
 .debug_macro   0x00000000       0x48 ./SDK/startup/main.o
 .debug_macro   0x00000000     0xe07b ./SDK/startup/main.o
 .debug_macro   0x00000000     0x122b ./SDK/startup/main.o
 .debug_macro   0x00000000       0x16 ./SDK/startup/main.o
 .group         0x00000000        0xc ./SDK/startup/semihost_hardfault.o
 .text          0x00000000        0x0 ./SDK/startup/semihost_hardfault.o
 .data          0x00000000        0x0 ./SDK/startup/semihost_hardfault.o
 .bss           0x00000000        0x0 ./SDK/startup/semihost_hardfault.o
 .debug_macro   0x00000000      0xa5a ./SDK/startup/semihost_hardfault.o
 .group         0x00000000        0xc ./SDK/startup/startup_mk64f12.o
 .text          0x00000000        0x0 ./SDK/startup/startup_mk64f12.o
 .data          0x00000000        0x0 ./SDK/startup/startup_mk64f12.o
 .bss           0x00000000        0x0 ./SDK/startup/startup_mk64f12.o
 .debug_macro   0x00000000      0xa5a ./SDK/startup/startup_mk64f12.o
 .group         0x00000000        0xc ./SDK/CMSIS/system_MK64F12.o
 .group         0x00000000        0xc ./SDK/CMSIS/system_MK64F12.o
 .group         0x00000000        0xc ./SDK/CMSIS/system_MK64F12.o
 .group         0x00000000        0xc ./SDK/CMSIS/system_MK64F12.o
 .group         0x00000000        0xc ./SDK/CMSIS/system_MK64F12.o
 .group         0x00000000        0xc ./SDK/CMSIS/system_MK64F12.o
 .group         0x00000000        0xc ./SDK/CMSIS/system_MK64F12.o
 .group         0x00000000        0xc ./SDK/CMSIS/system_MK64F12.o
 .group         0x00000000        0xc ./SDK/CMSIS/system_MK64F12.o
 .group         0x00000000        0xc ./SDK/CMSIS/system_MK64F12.o
 .group         0x00000000        0xc ./SDK/CMSIS/system_MK64F12.o
 .text          0x00000000        0x0 ./SDK/CMSIS/system_MK64F12.o
 .data          0x00000000        0x0 ./SDK/CMSIS/system_MK64F12.o
 .bss           0x00000000        0x0 ./SDK/CMSIS/system_MK64F12.o
 .text.SystemCoreClockUpdate
                0x00000000      0x188 ./SDK/CMSIS/system_MK64F12.o
 .data.SystemCoreClock
                0x00000000        0x4 ./SDK/CMSIS/system_MK64F12.o
 .debug_macro   0x00000000      0xa5a ./SDK/CMSIS/system_MK64F12.o
 .debug_macro   0x00000000      0x34e ./SDK/CMSIS/system_MK64F12.o
 .debug_macro   0x00000000       0x10 ./SDK/CMSIS/system_MK64F12.o
 .debug_macro   0x00000000       0x5c ./SDK/CMSIS/system_MK64F12.o
 .debug_macro   0x00000000       0x1c ./SDK/CMSIS/system_MK64F12.o
 .debug_macro   0x00000000       0x22 ./SDK/CMSIS/system_MK64F12.o
 .debug_macro   0x00000000       0xdf ./SDK/CMSIS/system_MK64F12.o
 .debug_macro   0x00000000      0xecf ./SDK/CMSIS/system_MK64F12.o
 .debug_macro   0x00000000       0x48 ./SDK/CMSIS/system_MK64F12.o
 .debug_macro   0x00000000     0xe07b ./SDK/CMSIS/system_MK64F12.o
 .debug_macro   0x00000000     0x122b ./SDK/CMSIS/system_MK64F12.o

Memory Configuration

Name             Origin             Length             Attributes
PROGRAM_FLASH    0x00000000         0x00100000         xr
SRAM_UPPER       0x20000000         0x00030000         xrw
SRAM_LOWER       0x1fff0000         0x00010000         xrw
FLEX_RAM         0x14000000         0x00001000         xrw
*default*        0x00000000         0xffffffff

Linker script and memory map

LOAD ./source/App.o
LOAD ./source/gpio.o
LOAD ./SDK/startup/hardware.o
LOAD ./SDK/startup/main.o
LOAD ./SDK/startup/semihost_hardfault.o
LOAD ./SDK/startup/startup_mk64f12.o
LOAD ./SDK/CMSIS/system_MK64F12.o
START GROUP
LOAD c:/nxp/mcuxpressoide_10.2.0_759/ide/tools/bin/../lib/gcc/arm-none-eabi/7.2.1/../../../../arm-none-eabi/lib/thumb/v7e-m/fpv4-sp/hard\libcr_c.a
LOAD c:/nxp/mcuxpressoide_10.2.0_759/ide/tools/bin/../lib/gcc/arm-none-eabi/7.2.1/thumb/v7e-m/fpv4-sp/hard\libcr_eabihelpers.a
END GROUP
                0x00000000                __base_PROGRAM_FLASH = 0x0
                0x00000000                __base_Flash = 0x0
                0x00100000                __top_PROGRAM_FLASH = 0x100000
                0x00100000                __top_Flash = 0x100000
                0x20000000                __base_SRAM_UPPER = 0x20000000
                0x20000000                __base_RAM = 0x20000000
                0x20030000                __top_SRAM_UPPER = 0x20030000
                0x20030000                __top_RAM = 0x20030000
                0x1fff0000                __base_SRAM_LOWER = 0x1fff0000
                0x1fff0000                __base_RAM2 = 0x1fff0000
                0x20000000                __top_SRAM_LOWER = 0x20000000
                0x20000000                __top_RAM2 = 0x20000000
                0x14000000                __base_FLEX_RAM = 0x14000000
                0x14000000                __base_RAM3 = 0x14000000
                0x14001000                __top_FLEX_RAM = 0x14001000
                0x14001000                __top_RAM3 = 0x14001000

.text           0x00000000      0xa40
 FILL mask 0xff
                0x00000000                __vectors_start__ = ABSOLUTE (.)
 *(SORT_BY_ALIGNMENT(.isr_vector))
 .isr_vector    0x00000000      0x198 ./SDK/startup/startup_mk64f12.o
                0x00000000                g_pfnVectors
                0x00000000                __Vectors
                0x00000198                . = ALIGN (0x4)
                0x00000198                __section_table_start = .
                0x00000198                __data_section_table = .
                0x00000198        0x4 LONG 0xa40 LOADADDR (.data)
                0x0000019c        0x4 LONG 0x20000000 ADDR (.data)
                0x000001a0        0x4 LONG 0x8 SIZEOF (.data)
                0x000001a4        0x4 LONG 0xa40 LOADADDR (.data_RAM2)
                0x000001a8        0x4 LONG 0x1fff0000 ADDR (.data_RAM2)
                0x000001ac        0x4 LONG 0x0 SIZEOF (.data_RAM2)
                0x000001b0        0x4 LONG 0xa40 LOADADDR (.data_RAM3)
                0x000001b4        0x4 LONG 0x14000000 ADDR (.data_RAM3)
                0x000001b8        0x4 LONG 0x0 SIZEOF (.data_RAM3)
                0x000001bc                __data_section_table_end = .
                0x000001bc                __bss_section_table = .
                0x000001bc        0x4 LONG 0x20000008 ADDR (.bss)
                0x000001c0        0x4 LONG 0x8 SIZEOF (.bss)
                0x000001c4        0x4 LONG 0x1fff0000 ADDR (.bss_RAM2)
                0x000001c8        0x4 LONG 0x0 SIZEOF (.bss_RAM2)
                0x000001cc        0x4 LONG 0x14000000 ADDR (.bss_RAM3)
                0x000001d0        0x4 LONG 0x0 SIZEOF (.bss_RAM3)
                0x000001d4                __bss_section_table_end = .
                0x000001d4                __section_table_end = .
 *(SORT_BY_ALIGNMENT(.after_vectors*))
 .after_vectors.reset
                0x000001d4       0x50 ./SDK/startup/startup_mk64f12.o
                0x000001d4                ResetISR
 .after_vectors
                0x00000224       0x14 ./SDK/startup/startup_mk64f12.o
                0x00000224                NMI_Handler
                0x00000228                MemManage_Handler
                0x0000022a                BusFault_Handler
                0x0000022c                UsageFault_Handler
                0x0000022e                SVC_Handler
                0x00000230                DebugMon_Handler
                0x00000232                PendSV_Handler
                0x00000234                SysTick_Handler
                0x00000236                DMA_Error_DriverIRQHandler
                0x00000236                LPTMR0_DriverIRQHandler
                0x00000236                FTM1_DriverIRQHandler
                0x00000236                FTM2_DriverIRQHandler
                0x00000236                PIT2_DriverIRQHandler
                0x00000236                SDHC_DriverIRQHandler
                0x00000236                I2S0_Tx_DriverIRQHandler
                0x00000236                RTC_Seconds_DriverIRQHandler
                0x00000236                DMA6_DriverIRQHandler
                0x00000236                LLWU_DriverIRQHandler
                0x00000236                MCM_DriverIRQHandler
                0x00000236                MCG_DriverIRQHandler
                0x00000236                ENET_1588_Timer_DriverIRQHandler
                0x00000236                I2C2_DriverIRQHandler
                0x00000236                DAC1_DriverIRQHandler
                0x00000236                SPI1_DriverIRQHandler
                0x00000236                CMP1_DriverIRQHandler
                0x00000236                UART5_RX_TX_DriverIRQHandler
                0x00000236                FTM0_DriverIRQHandler
                0x00000236                IntDefaultHandler
                0x00000236                USB0_DriverIRQHandler
                0x00000236                UART5_ERR_DriverIRQHandler
                0x00000236                PORTC_DriverIRQHandler
                0x00000236                DMA11_DriverIRQHandler
                0x00000236                DAC0_DriverIRQHandler
                0x00000236                DMA10_DriverIRQHandler
                0x00000236                CMP2_DriverIRQHandler
                0x00000236                UART2_ERR_DriverIRQHandler
                0x00000236                SPI2_DriverIRQHandler
                0x00000236                LVD_LVW_DriverIRQHandler
                0x00000236                PIT0_DriverIRQHandler
                0x00000236                RNG_DriverIRQHandler
                0x00000236                DMA12_DriverIRQHandler
                0x00000236                DMA4_DriverIRQHandler
                0x00000236                UART2_RX_TX_DriverIRQHandler
                0x00000236                USBDCD_DriverIRQHandler
                0x00000236                UART3_ERR_DriverIRQHandler
                0x00000236                DMA3_DriverIRQHandler
                0x00000236                DMA8_DriverIRQHandler
                0x00000236                DMA9_DriverIRQHandler
                0x00000236                UART0_ERR_DriverIRQHandler
                0x00000236                CMT_DriverIRQHandler
                0x00000236                Reserved71_DriverIRQHandler
                0x00000236                ADC1_DriverIRQHandler
                0x00000236                PORTA_DriverIRQHandler
                0x00000236                DMA14_DriverIRQHandler
                0x00000236                PIT3_DriverIRQHandler
                0x00000236                PIT1_DriverIRQHandler
                0x00000236                WDOG_EWM_DriverIRQHandler
                0x00000236                PDB0_DriverIRQHandler
                0x00000236                RTC_DriverIRQHandler
                0x00000236                I2S0_Rx_DriverIRQHandler
                0x00000236                Read_Collision_DriverIRQHandler
                0x00000236                SWI_DriverIRQHandler
                0x00000236                UART4_RX_TX_DriverIRQHandler
                0x00000236                UART4_ERR_DriverIRQHandler
                0x00000236                PORTB_DriverIRQHandler
                0x00000236                UART0_LON_DriverIRQHandler
                0x00000236                DMA0_DriverIRQHandler
                0x00000236                DMA1_DriverIRQHandler
                0x00000236                I2C1_DriverIRQHandler
                0x00000236                UART3_RX_TX_DriverIRQHandler
                0x00000236                ENET_Receive_DriverIRQHandler
                0x00000236                DMA13_DriverIRQHandler
                0x00000236                ENET_Error_DriverIRQHandler
                0x00000236                DMA15_DriverIRQHandler
                0x00000236                UART0_RX_TX_DriverIRQHandler
                0x00000236                SPI0_DriverIRQHandler
                0x00000236                ADC0_DriverIRQHandler
                0x00000236                CMP0_DriverIRQHandler
                0x00000236                CAN0_DriverIRQHandler
                0x00000236                FTM3_DriverIRQHandler
                0x00000236                DMA5_DriverIRQHandler
                0x00000236                UART1_ERR_DriverIRQHandler
                0x00000236                DMA2_DriverIRQHandler
                0x00000236                ENET_Transmit_DriverIRQHandler
                0x00000236                PORTD_DriverIRQHandler
                0x00000236                PORTE_DriverIRQHandler
                0x00000236                FTFE_DriverIRQHandler
                0x00000236                I2C0_DriverIRQHandler
                0x00000236                DMA7_DriverIRQHandler
                0x00000236                UART1_RX_TX_DriverIRQHandler
 .after_vectors.init_data
                0x00000238       0x1e ./SDK/startup/startup_mk64f12.o
                0x00000238                data_init
 .after_vectors.init_bss
                0x00000256       0x12 ./SDK/startup/startup_mk64f12.o
                0x00000256                bss_init
                0x00000400                . = 0x400
 *fill*         0x00000268      0x198 ff
                0x00000400                PROVIDE (__FLASH_CONFIG_START__, .)
 *(SORT_BY_ALIGNMENT(.FlashConfig))
 .FlashConfig   0x00000400       0x10 ./SDK/startup/startup_mk64f12.o
                0x00000400                Flash_Config
                0x00000410                PROVIDE (__FLASH_CONFIG_END__, .)
                0x00000001                ASSERT (! ((__FLASH_CONFIG_START__ == __FLASH_CONFIG_END__)), Linker Flash Config Support Enabled, but no .FlashConfig section provided within application)
 *(SORT_BY_ALIGNMENT(.text*))
 .text.App_Init
                0x00000410       0x28 ./source/App.o
                0x00000410                App_Init
 .text.App_Run  0x00000438       0x7c ./source/App.o
                0x00000438                App_Run
 .text.gpioMode
                0x000004b4       0x90 ./source/gpio.o
                0x000004b4                gpioMode
 .text.gpioWrite
                0x00000544       0x4c ./source/gpio.o
                0x00000544                gpioWrite
 .text.gpioToggle
                0x00000590       0x40 ./source/gpio.o
                0x00000590                gpioToggle
 .text.gpioRead
                0x000005d0       0x3c ./source/gpio.o
                0x000005d0                gpioRead
 .text.hw_Init  0x0000060c       0xbc ./SDK/startup/hardware.o
                0x0000060c                hw_Init
 .text.hw_EnableInterrupts
                0x000006c8       0x14 ./SDK/startup/hardware.o
                0x000006c8                hw_EnableInterrupts
 .text.hw_DisableInterrupts
                0x000006dc       0x10 ./SDK/startup/hardware.o
                0x000006dc                hw_DisableInterrupts
 .text.startup.main
                0x000006ec       0x18 ./SDK/startup/main.o
                0x000006ec                main
 .text.HardFault_Handler
                0x00000704       0x2c ./SDK/startup/semihost_hardfault.o
                0x00000704                HardFault_Handler
 .text.SystemInitHook
                0x00000730        0x4 ./SDK/CMSIS/system_MK64F12.o
                0x00000730                SystemInitHook
 .text.SystemInit
                0x00000734       0x34 ./SDK/CMSIS/system_MK64F12.o
                0x00000734                SystemInit
 .text.DMA0_IRQHandler
                0x00000768        0x8 ./SDK/startup/startup_mk64f12.o
                0x00000768                DMA0_IRQHandler
 .text.DMA1_IRQHandler
                0x00000770        0x8 ./SDK/startup/startup_mk64f12.o
                0x00000770                DMA1_IRQHandler
 .text.DMA2_IRQHandler
                0x00000778        0x8 ./SDK/startup/startup_mk64f12.o
                0x00000778                DMA2_IRQHandler
 .text.DMA3_IRQHandler
                0x00000780        0x8 ./SDK/startup/startup_mk64f12.o
                0x00000780                DMA3_IRQHandler
 .text.DMA4_IRQHandler
                0x00000788        0x8 ./SDK/startup/startup_mk64f12.o
                0x00000788                DMA4_IRQHandler
 .text.DMA5_IRQHandler
                0x00000790        0x8 ./SDK/startup/startup_mk64f12.o
                0x00000790                DMA5_IRQHandler
 .text.DMA6_IRQHandler
                0x00000798        0x8 ./SDK/startup/startup_mk64f12.o
                0x00000798                DMA6_IRQHandler
 .text.DMA7_IRQHandler
                0x000007a0        0x8 ./SDK/startup/startup_mk64f12.o
                0x000007a0                DMA7_IRQHandler
 .text.DMA8_IRQHandler
                0x000007a8        0x8 ./SDK/startup/startup_mk64f12.o
                0x000007a8                DMA8_IRQHandler
 .text.DMA9_IRQHandler
                0x000007b0        0x8 ./SDK/startup/startup_mk64f12.o
                0x000007b0                DMA9_IRQHandler
 .text.DMA10_IRQHandler
                0x000007b8        0x8 ./SDK/startup/startup_mk64f12.o
                0x000007b8                DMA10_IRQHandler
 .text.DMA11_IRQHandler
                0x000007c0        0x8 ./SDK/startup/startup_mk64f12.o
                0x000007c0                DMA11_IRQHandler
 .text.DMA12_IRQHandler
                0x000007c8        0x8 ./SDK/startup/startup_mk64f12.o
                0x000007c8                DMA12_IRQHandler
 .text.DMA13_IRQHandler
                0x000007d0        0x8 ./SDK/startup/startup_mk64f12.o
                0x000007d0                DMA13_IRQHandler
 .text.DMA14_IRQHandler
                0x000007d8        0x8 ./SDK/startup/startup_mk64f12.o
                0x000007d8                DMA14_IRQHandler
 .text.DMA15_IRQHandler
                0x000007e0        0x8 ./SDK/startup/startup_mk64f12.o
                0x000007e0                DMA15_IRQHandler
 .text.DMA_Error_IRQHandler
                0x000007e8        0x8 ./SDK/startup/startup_mk64f12.o
                0x000007e8                DMA_Error_IRQHandler
 .text.MCM_IRQHandler
                0x000007f0        0x8 ./SDK/startup/startup_mk64f12.o
                0x000007f0                MCM_IRQHandler
 .text.FTFE_IRQHandler
                0x000007f8        0x8 ./SDK/startup/startup_mk64f12.o
                0x000007f8                FTFE_IRQHandler
 .text.Read_Collision_IRQHandler
                0x00000800        0x8 ./SDK/startup/startup_mk64f12.o
                0x00000800                Read_Collision_IRQHandler
 .text.LVD_LVW_IRQHandler
                0x00000808        0x8 ./SDK/startup/startup_mk64f12.o
                0x00000808                LVD_LVW_IRQHandler
 .text.LLWU_IRQHandler
                0x00000810        0x8 ./SDK/startup/startup_mk64f12.o
                0x00000810                LLWU_IRQHandler
 .text.WDOG_EWM_IRQHandler
                0x00000818        0x8 ./SDK/startup/startup_mk64f12.o
                0x00000818                WDOG_EWM_IRQHandler
 .text.RNG_IRQHandler
                0x00000820        0x8 ./SDK/startup/startup_mk64f12.o
                0x00000820                RNG_IRQHandler
 .text.I2C0_IRQHandler
                0x00000828        0x8 ./SDK/startup/startup_mk64f12.o
                0x00000828                I2C0_IRQHandler
 .text.I2C1_IRQHandler
                0x00000830        0x8 ./SDK/startup/startup_mk64f12.o
                0x00000830                I2C1_IRQHandler
 .text.SPI0_IRQHandler
                0x00000838        0x8 ./SDK/startup/startup_mk64f12.o
                0x00000838                SPI0_IRQHandler
 .text.SPI1_IRQHandler
                0x00000840        0x8 ./SDK/startup/startup_mk64f12.o
                0x00000840                SPI1_IRQHandler
 .text.I2S0_Tx_IRQHandler
                0x00000848        0x8 ./SDK/startup/startup_mk64f12.o
                0x00000848                I2S0_Tx_IRQHandler
 .text.I2S0_Rx_IRQHandler
                0x00000850        0x8 ./SDK/startup/startup_mk64f12.o
                0x00000850                I2S0_Rx_IRQHandler
 .text.UART0_LON_IRQHandler
                0x00000858        0x8 ./SDK/startup/startup_mk64f12.o
                0x00000858                UART0_LON_IRQHandler
 .text.UART0_RX_TX_IRQHandler
                0x00000860        0x8 ./SDK/startup/startup_mk64f12.o
                0x00000860                UART0_RX_TX_IRQHandler
 .text.UART0_ERR_IRQHandler
                0x00000868        0x8 ./SDK/startup/startup_mk64f12.o
                0x00000868                UART0_ERR_IRQHandler
 .text.UART1_RX_TX_IRQHandler
                0x00000870        0x8 ./SDK/startup/startup_mk64f12.o
                0x00000870                UART1_RX_TX_IRQHandler
 .text.UART1_ERR_IRQHandler
                0x00000878        0x8 ./SDK/startup/startup_mk64f12.o
                0x00000878                UART1_ERR_IRQHandler
 .text.UART2_RX_TX_IRQHandler
                0x00000880        0x8 ./SDK/startup/startup_mk64f12.o
                0x00000880                UART2_RX_TX_IRQHandler
 .text.UART2_ERR_IRQHandler
                0x00000888        0x8 ./SDK/startup/startup_mk64f12.o
                0x00000888                UART2_ERR_IRQHandler
 .text.UART3_RX_TX_IRQHandler
                0x00000890        0x8 ./SDK/startup/startup_mk64f12.o
                0x00000890                UART3_RX_TX_IRQHandler
 .text.UART3_ERR_IRQHandler
                0x00000898        0x8 ./SDK/startup/startup_mk64f12.o
                0x00000898                UART3_ERR_IRQHandler
 .text.ADC0_IRQHandler
                0x000008a0        0x8 ./SDK/startup/startup_mk64f12.o
                0x000008a0                ADC0_IRQHandler
 .text.CMP0_IRQHandler
                0x000008a8        0x8 ./SDK/startup/startup_mk64f12.o
                0x000008a8                CMP0_IRQHandler
 .text.CMP1_IRQHandler
                0x000008b0        0x8 ./SDK/startup/startup_mk64f12.o
                0x000008b0                CMP1_IRQHandler
 .text.FTM0_IRQHandler
                0x000008b8        0x8 ./SDK/startup/startup_mk64f12.o
                0x000008b8                FTM0_IRQHandler
 .text.FTM1_IRQHandler
                0x000008c0        0x8 ./SDK/startup/startup_mk64f12.o
                0x000008c0                FTM1_IRQHandler
 .text.FTM2_IRQHandler
                0x000008c8        0x8 ./SDK/startup/startup_mk64f12.o
                0x000008c8                FTM2_IRQHandler
 .text.CMT_IRQHandler
                0x000008d0        0x8 ./SDK/startup/startup_mk64f12.o
                0x000008d0                CMT_IRQHandler
 .text.RTC_IRQHandler
                0x000008d8        0x8 ./SDK/startup/startup_mk64f12.o
                0x000008d8                RTC_IRQHandler
 .text.RTC_Seconds_IRQHandler
                0x000008e0        0x8 ./SDK/startup/startup_mk64f12.o
                0x000008e0                RTC_Seconds_IRQHandler
 .text.PIT0_IRQHandler
                0x000008e8        0x8 ./SDK/startup/startup_mk64f12.o
                0x000008e8                PIT0_IRQHandler
 .text.PIT1_IRQHandler
                0x000008f0        0x8 ./SDK/startup/startup_mk64f12.o
                0x000008f0                PIT1_IRQHandler
 .text.PIT2_IRQHandler
                0x000008f8        0x8 ./SDK/startup/startup_mk64f12.o
                0x000008f8                PIT2_IRQHandler
 .text.PIT3_IRQHandler
                0x00000900        0x8 ./SDK/startup/startup_mk64f12.o
                0x00000900                PIT3_IRQHandler
 .text.PDB0_IRQHandler
                0x00000908        0x8 ./SDK/startup/startup_mk64f12.o
                0x00000908                PDB0_IRQHandler
 .text.USB0_IRQHandler
                0x00000910        0x8 ./SDK/startup/startup_mk64f12.o
                0x00000910                USB0_IRQHandler
 .text.USBDCD_IRQHandler
                0x00000918        0x8 ./SDK/startup/startup_mk64f12.o
                0x00000918                USBDCD_IRQHandler
 .text.Reserved71_IRQHandler
                0x00000920        0x8 ./SDK/startup/startup_mk64f12.o
                0x00000920                Reserved71_IRQHandler
 .text.DAC0_IRQHandler
                0x00000928        0x8 ./SDK/startup/startup_mk64f12.o
                0x00000928                DAC0_IRQHandler
 .text.MCG_IRQHandler
                0x00000930        0x8 ./SDK/startup/startup_mk64f12.o
                0x00000930                MCG_IRQHandler
 .text.LPTMR0_IRQHandler
                0x00000938        0x8 ./SDK/startup/startup_mk64f12.o
                0x00000938                LPTMR0_IRQHandler
 .text.PORTA_IRQHandler
                0x00000940        0x8 ./SDK/startup/startup_mk64f12.o
                0x00000940                PORTA_IRQHandler
 .text.PORTB_IRQHandler
                0x00000948        0x8 ./SDK/startup/startup_mk64f12.o
                0x00000948                PORTB_IRQHandler
 .text.PORTC_IRQHandler
                0x00000950        0x8 ./SDK/startup/startup_mk64f12.o
                0x00000950                PORTC_IRQHandler
 .text.PORTD_IRQHandler
                0x00000958        0x8 ./SDK/startup/startup_mk64f12.o
                0x00000958                PORTD_IRQHandler
 .text.PORTE_IRQHandler
                0x00000960        0x8 ./SDK/startup/startup_mk64f12.o
                0x00000960                PORTE_IRQHandler
 .text.SWI_IRQHandler
                0x00000968        0x8 ./SDK/startup/startup_mk64f12.o
                0x00000968                SWI_IRQHandler
 .text.SPI2_IRQHandler
                0x00000970        0x8 ./SDK/startup/startup_mk64f12.o
                0x00000970                SPI2_IRQHandler
 .text.UART4_RX_TX_IRQHandler
                0x00000978        0x8 ./SDK/startup/startup_mk64f12.o
                0x00000978                UART4_RX_TX_IRQHandler
 .text.UART4_ERR_IRQHandler
                0x00000980        0x8 ./SDK/startup/startup_mk64f12.o
                0x00000980                UART4_ERR_IRQHandler
 .text.UART5_RX_TX_IRQHandler
                0x00000988        0x8 ./SDK/startup/startup_mk64f12.o
                0x00000988                UART5_RX_TX_IRQHandler
 .text.UART5_ERR_IRQHandler
                0x00000990        0x8 ./SDK/startup/startup_mk64f12.o
                0x00000990                UART5_ERR_IRQHandler
 .text.CMP2_IRQHandler
                0x00000998        0x8 ./SDK/startup/startup_mk64f12.o
                0x00000998                CMP2_IRQHandler
 .text.FTM3_IRQHandler
                0x000009a0        0x8 ./SDK/startup/startup_mk64f12.o
                0x000009a0                FTM3_IRQHandler
 .text.DAC1_IRQHandler
                0x000009a8        0x8 ./SDK/startup/startup_mk64f12.o
                0x000009a8                DAC1_IRQHandler
 .text.ADC1_IRQHandler
                0x000009b0        0x8 ./SDK/startup/startup_mk64f12.o
                0x000009b0                ADC1_IRQHandler
 .text.I2C2_IRQHandler
                0x000009b8        0x8 ./SDK/startup/startup_mk64f12.o
                0x000009b8                I2C2_IRQHandler
 .text.CAN0_ORed_Message_buffer_IRQHandler
                0x000009c0        0x8 ./SDK/startup/startup_mk64f12.o
                0x000009c0                CAN0_ORed_Message_buffer_IRQHandler
 .text.CAN0_Bus_Off_IRQHandler
                0x000009c8        0x8 ./SDK/startup/startup_mk64f12.o
                0x000009c8                CAN0_Bus_Off_IRQHandler
 .text.CAN0_Error_IRQHandler
                0x000009d0        0x8 ./SDK/startup/startup_mk64f12.o
                0x000009d0                CAN0_Error_IRQHandler
 .text.CAN0_Tx_Warning_IRQHandler
                0x000009d8        0x8 ./SDK/startup/startup_mk64f12.o
                0x000009d8                CAN0_Tx_Warning_IRQHandler
 .text.CAN0_Rx_Warning_IRQHandler
                0x000009e0        0x8 ./SDK/startup/startup_mk64f12.o
                0x000009e0                CAN0_Rx_Warning_IRQHandler
 .text.CAN0_Wake_Up_IRQHandler
                0x000009e8        0x8 ./SDK/startup/startup_mk64f12.o
                0x000009e8                CAN0_Wake_Up_IRQHandler
 .text.SDHC_IRQHandler
                0x000009f0        0x8 ./SDK/startup/startup_mk64f12.o
                0x000009f0                SDHC_IRQHandler
 .text.ENET_1588_Timer_IRQHandler
                0x000009f8        0x8 ./SDK/startup/startup_mk64f12.o
                0x000009f8                ENET_1588_Timer_IRQHandler
 .text.ENET_Transmit_IRQHandler
                0x00000a00        0x8 ./SDK/startup/startup_mk64f12.o
                0x00000a00                ENET_Transmit_IRQHandler
 .text.ENET_Receive_IRQHandler
                0x00000a08        0x8 ./SDK/startup/startup_mk64f12.o
                0x00000a08                ENET_Receive_IRQHandler
 .text.ENET_Error_IRQHandler
                0x00000a10        0x8 ./SDK/startup/startup_mk64f12.o
                0x00000a10                ENET_Error_IRQHandler
 *(SORT_BY_ALIGNMENT(.rodata) SORT_BY_ALIGNMENT(.rodata.*) SORT_BY_ALIGNMENT(.constdata) SORT_BY_ALIGNMENT(.constdata.*))
 .rodata        0x00000a18       0x28 ./source/gpio.o
                0x00000a40                . = ALIGN (0x8)

.glue_7         0x00000a40        0x0
 .glue_7        0x00000a40        0x0 linker stubs

.glue_7t        0x00000a40        0x0
 .glue_7t       0x00000a40        0x0 linker stubs

.vfp11_veneer   0x00000a40        0x0
 .vfp11_veneer  0x00000a40        0x0 linker stubs

.v4_bx          0x00000a40        0x0
 .v4_bx         0x00000a40        0x0 linker stubs

.iplt           0x00000a40        0x0
 .iplt          0x00000a40        0x0 ./source/App.o

.rel.dyn        0x00000a40        0x0
 .rel.iplt      0x00000a40        0x0 ./source/App.o

.ARM.extab
 *(SORT_BY_ALIGNMENT(.ARM.extab*) SORT_BY_ALIGNMENT(.gnu.linkonce.armextab.*))
                0x00000a40                __exidx_start = .

.ARM.exidx
 *(SORT_BY_ALIGNMENT(.ARM.exidx*) SORT_BY_ALIGNMENT(.gnu.linkonce.armexidx.*))
                0x00000a40                __exidx_end = .
                0x00000a40                _etext = .

.m_usb_data
 *(SORT_BY_ALIGNMENT(m_usb_bdt))

.data_RAM2      0x1fff0000        0x0 load address 0x00000a40
 FILL mask 0xff
                [!provide]                PROVIDE (__start_data_RAM2, .)
 *(SORT_BY_ALIGNMENT(.ramfunc.$RAM2))
 *(SORT_BY_ALIGNMENT(.ramfunc.$SRAM_LOWER))
 *(SORT_BY_ALIGNMENT(.data.$RAM2*))
 *(SORT_BY_ALIGNMENT(.data.$SRAM_LOWER*))
                0x1fff0000                . = ALIGN (0x8)
                [!provide]                PROVIDE (__end_data_RAM2, .)

.data_RAM3      0x14000000        0x0 load address 0x00000a40
 FILL mask 0xff
                [!provide]                PROVIDE (__start_data_RAM3, .)
 *(SORT_BY_ALIGNMENT(.ramfunc.$RAM3))
 *(SORT_BY_ALIGNMENT(.ramfunc.$FLEX_RAM))
 *(SORT_BY_ALIGNMENT(.data.$RAM3*))
 *(SORT_BY_ALIGNMENT(.data.$FLEX_RAM*))
                0x14000000                . = ALIGN (0x8)
                [!provide]                PROVIDE (__end_data_RAM3, .)

.uninit_RESERVED
                0x20000000        0x0
 *(SORT_BY_ALIGNMENT(.bss.$RESERVED*))
                0x20000000                . = ALIGN (0x4)
                0x20000000                _end_uninit_RESERVED = .

.data           0x20000000        0x8 load address 0x00000a40
 FILL mask 0xff
                0x20000000                _data = .
 *(SORT_BY_ALIGNMENT(vtable))
 *(SORT_BY_ALIGNMENT(.ramfunc*))
 *(SORT_BY_ALIGNMENT(.data*))
 .data.delayLimit
                0x20000000        0x4 ./source/App.o
                0x20000000                delayLimit
                0x20000008                . = ALIGN (0x8)
 *fill*         0x20000004        0x4 ff
                0x20000008                _edata = .

.igot.plt       0x20000008        0x0 load address 0x00000a48
 .igot.plt      0x20000008        0x0 ./source/App.o

.bss_RAM2       0x1fff0000        0x0
                [!provide]                PROVIDE (__start_bss_RAM2, .)
 *(SORT_BY_ALIGNMENT(.bss.$RAM2*))
 *(SORT_BY_ALIGNMENT(.bss.$SRAM_LOWER*))
                0x1fff0000                . = ALIGN ((. != 0x0)?0x8:0x1)
                [!provide]                PROVIDE (__end_bss_RAM2, .)

.bss_RAM3       0x14000000        0x0
                [!provide]                PROVIDE (__start_bss_RAM3, .)
 *(SORT_BY_ALIGNMENT(.bss.$RAM3*))
 *(SORT_BY_ALIGNMENT(.bss.$FLEX_RAM*))
                0x14000000                . = ALIGN ((. != 0x0)?0x8:0x1)
                [!provide]                PROVIDE (__end_bss_RAM3, .)

.bss            0x20000008        0x8
                0x20000008                _bss = .
 *(SORT_BY_ALIGNMENT(.bss*))
 .bss.__LDM_interruptDisableCount
                0x20000008        0x4 ./SDK/startup/hardware.o
 .bss.buttonLastState
                0x2000000c        0x1 ./source/App.o
                0x2000000c                buttonLastState
 .bss.isBalizaOn
                0x2000000d        0x1 ./source/App.o
                0x2000000d                isBalizaOn
 *(SORT_BY_ALIGNMENT(COMMON))
                0x20000010                . = ALIGN (0x8)
 *fill*         0x2000000e        0x2 
                0x20000010                _ebss = .
                [!provide]                PROVIDE (end, .)

.noinit_RAM2    0x1fff0000        0x0
 *(SORT_BY_ALIGNMENT(.noinit.$RAM2*))
 *(SORT_BY_ALIGNMENT(.noinit.$SRAM_LOWER*))
                0x1fff0000                . = ALIGN (0x8)

.noinit_RAM3    0x14000000        0x0
 *(SORT_BY_ALIGNMENT(.noinit.$RAM3*))
 *(SORT_BY_ALIGNMENT(.noinit.$FLEX_RAM*))
                0x14000000                . = ALIGN (0x8)

.noinit         0x20000010        0x0
                0x20000010                _noinit = .
 *(SORT_BY_ALIGNMENT(.noinit*))
                0x20000010                . = ALIGN (0x8)
                0x20000010                _end_noinit = .
                0x00001000                _HeapSize = 0x1000

.heap           0x20000010     0x1000
                0x20000010                _pvHeapStart = .
                0x20001010                . = (. + _HeapSize)
 *fill*         0x20000010     0x1000 
                0x20001010                . = ALIGN (0x8)
                0x20001010                _pvHeapLimit = .
                0x00001000                _StackSize = 0x1000

.heap2stackfill
                0x20001010     0x1000
                0x20002010                . = (. + _StackSize)
 *fill*         0x20001010     0x1000 

.stack          0x2002f000        0x0
                0x2002f000                _vStackBase = .
                0x2002f000                . = ALIGN (0x8)
                0x20030000                _vStackTop = (. + _StackSize)
                0x00000000                _image_start = LOADADDR (.text)
                0x00000a48                _image_end = (LOADADDR (.data) + SIZEOF (.data))
                0x00000a48                _image_size = (_image_end - _image_start)
OUTPUT(Baliza.axf elf32-littlearm)

.debug_info     0x00000000     0x2428
 .debug_info    0x00000000      0x23b ./source/App.o
 .debug_info    0x0000023b      0x808 ./source/gpio.o
 .debug_info    0x00000a43      0x675 ./SDK/startup/hardware.o
 .debug_info    0x000010b8      0x120 ./SDK/startup/main.o
 .debug_info    0x000011d8       0x3b ./SDK/startup/semihost_hardfault.o
 .debug_info    0x00001213      0xc0d ./SDK/startup/startup_mk64f12.o
 .debug_info    0x00001e20      0x608 ./SDK/CMSIS/system_MK64F12.o

.debug_abbrev   0x00000000      0x7e2
 .debug_abbrev  0x00000000      0x109 ./source/App.o
 .debug_abbrev  0x00000109      0x243 ./source/gpio.o
 .debug_abbrev  0x0000034c      0x138 ./SDK/startup/hardware.o
 .debug_abbrev  0x00000484       0x9b ./SDK/startup/main.o
 .debug_abbrev  0x0000051f       0x2f ./SDK/startup/semihost_hardfault.o
 .debug_abbrev  0x0000054e      0x14a ./SDK/startup/startup_mk64f12.o
 .debug_abbrev  0x00000698      0x14a ./SDK/CMSIS/system_MK64F12.o

.debug_loc      0x00000000      0x7bb
 .debug_loc     0x00000000       0x76 ./source/App.o
 .debug_loc     0x00000076      0x498 ./source/gpio.o
 .debug_loc     0x0000050e      0x1f2 ./SDK/startup/startup_mk64f12.o
 .debug_loc     0x00000700       0xbb ./SDK/CMSIS/system_MK64F12.o

.debug_aranges  0x00000000      0x440
 .debug_aranges
                0x00000000       0x28 ./source/App.o
 .debug_aranges
                0x00000028       0x70 ./source/gpio.o
 .debug_aranges
                0x00000098       0x30 ./SDK/startup/hardware.o
 .debug_aranges
                0x000000c8       0x20 ./SDK/startup/main.o
 .debug_aranges
                0x000000e8       0x20 ./SDK/startup/semihost_hardfault.o
 .debug_aranges
                0x00000108      0x308 ./SDK/startup/startup_mk64f12.o
 .debug_aranges
                0x00000410       0x30 ./SDK/CMSIS/system_MK64F12.o

.debug_ranges   0x00000000      0x418
 .debug_ranges  0x00000000       0x18 ./source/App.o
 .debug_ranges  0x00000018       0xa8 ./source/gpio.o
 .debug_ranges  0x000000c0       0x20 ./SDK/startup/hardware.o
 .debug_ranges  0x000000e0       0x10 ./SDK/startup/main.o
 .debug_ranges  0x000000f0       0x10 ./SDK/startup/semihost_hardfault.o
 .debug_ranges  0x00000100      0x2f8 ./SDK/startup/startup_mk64f12.o
 .debug_ranges  0x000003f8       0x20 ./SDK/CMSIS/system_MK64F12.o

.debug_macro    0x00000000    0x11487
 .debug_macro   0x00000000       0x57 ./source/App.o
 .debug_macro   0x00000057      0xa5a ./source/App.o
 .debug_macro   0x00000ab1      0x34e ./source/App.o
 .debug_macro   0x00000dff       0x22 ./source/App.o
 .debug_macro   0x00000e21       0x3a ./source/App.o
 .debug_macro   0x00000e5b       0x4c ./source/App.o
 .debug_macro   0x00000ea7       0x98 ./source/gpio.o
 .debug_macro   0x00000f3f       0x5c ./source/gpio.o
 .debug_macro   0x00000f9b       0x1c ./source/gpio.o
 .debug_macro   0x00000fb7       0x22 ./source/gpio.o
 .debug_macro   0x00000fd9       0xdf ./source/gpio.o
 .debug_macro   0x000010b8      0xecf ./source/gpio.o
 .debug_macro   0x00001f87       0x48 ./source/gpio.o
 .debug_macro   0x00001fcf     0xe07b ./source/gpio.o
 .debug_macro   0x0001004a       0x9c ./SDK/startup/hardware.o
 .debug_macro   0x000100e6       0x10 ./SDK/startup/hardware.o
 .debug_macro   0x000100f6     0x122b ./SDK/startup/hardware.o
 .debug_macro   0x00011321       0x16 ./SDK/startup/hardware.o
 .debug_macro   0x00011337       0x9c ./SDK/startup/main.o
 .debug_macro   0x000113d3       0x11 ./SDK/startup/semihost_hardfault.o
 .debug_macro   0x000113e4       0x23 ./SDK/startup/startup_mk64f12.o
 .debug_macro   0x00011407       0x80 ./SDK/CMSIS/system_MK64F12.o

.debug_line     0x00000000      0xf99
 .debug_line    0x00000000      0x108 ./source/App.o
 .debug_line    0x00000108      0x267 ./source/gpio.o
 .debug_line    0x0000036f      0x1ed ./SDK/startup/hardware.o
 .debug_line    0x0000055c      0x175 ./SDK/startup/main.o
 .debug_line    0x000006d1       0x55 ./SDK/startup/semihost_hardfault.o
 .debug_line    0x00000726      0x680 ./SDK/startup/startup_mk64f12.o
 .debug_line    0x00000da6      0x1f3 ./SDK/CMSIS/system_MK64F12.o

.debug_str      0x00000000    0x77d6f
 .debug_str     0x00000000     0x393f ./source/App.o
                               0x3aa8 (size before relaxing)
 .debug_str     0x0000393f    0x6cdf0 ./source/gpio.o
                              0x706db (size before relaxing)
 .debug_str     0x0007072f     0x6d62 ./SDK/startup/hardware.o
                              0x771fa (size before relaxing)
 .debug_str     0x00077491       0x1b ./SDK/startup/main.o
                              0x77010 (size before relaxing)
 .debug_str     0x000774ac       0x36 ./SDK/startup/semihost_hardfault.o
                               0x2d34 (size before relaxing)
 .debug_str     0x000774e2      0x836 ./SDK/startup/startup_mk64f12.o
                               0x35a3 (size before relaxing)
 .debug_str     0x00077d18       0x57 ./SDK/CMSIS/system_MK64F12.o
                              0x77109 (size before relaxing)

.comment        0x00000000       0x7e
 .comment       0x00000000       0x7e ./source/App.o
                                 0x7f (size before relaxing)
 .comment       0x0000007e       0x7f ./source/gpio.o
 .comment       0x0000007e       0x7f ./SDK/startup/hardware.o
 .comment       0x0000007e       0x7f ./SDK/startup/main.o
 .comment       0x0000007e       0x7f ./SDK/startup/semihost_hardfault.o
 .comment       0x0000007e       0x7f ./SDK/startup/startup_mk64f12.o
 .comment       0x0000007e       0x7f ./SDK/CMSIS/system_MK64F12.o

.ARM.attributes
                0x00000000       0x39
 .ARM.attributes
                0x00000000       0x39 ./source/App.o
 .ARM.attributes
                0x00000039       0x39 ./source/gpio.o
 .ARM.attributes
                0x00000072       0x39 ./SDK/startup/hardware.o
 .ARM.attributes
                0x000000ab       0x39 ./SDK/startup/main.o
 .ARM.attributes
                0x000000e4       0x39 ./SDK/startup/semihost_hardfault.o
 .ARM.attributes
                0x0000011d       0x39 ./SDK/startup/startup_mk64f12.o
 .ARM.attributes
                0x00000156       0x39 ./SDK/CMSIS/system_MK64F12.o

.debug_frame    0x00000000      0xb5c
 .debug_frame   0x00000000       0x48 ./source/App.o
 .debug_frame   0x00000048      0x12c ./source/gpio.o
 .debug_frame   0x00000174       0x50 ./SDK/startup/hardware.o
 .debug_frame   0x000001c4       0x28 ./SDK/startup/main.o
 .debug_frame   0x000001ec       0x20 ./SDK/startup/semihost_hardfault.o
 .debug_frame   0x0000020c      0x904 ./SDK/startup/startup_mk64f12.o
 .debug_frame   0x00000b10       0x4c ./SDK/CMSIS/system_MK64F12.o
