Archive member included to satisfy reference by file (symbol)

c:/nxp/mcuxpressoide_10.2.0_759/ide/tools/bin/../lib/gcc/arm-none-eabi/7.2.1/../../../../arm-none-eabi/lib/thumb/v7e-m/fpv4-sp/hard\libcr_c.a(sin.o)
                              ./source/App.o (sin)
c:/nxp/mcuxpressoide_10.2.0_759/ide/tools/bin/../lib/gcc/arm-none-eabi/7.2.1/../../../../arm-none-eabi/lib/thumb/v7e-m/fpv4-sp/hard\libcr_c.a(_sincos.o)
                              c:/nxp/mcuxpressoide_10.2.0_759/ide/tools/bin/../lib/gcc/arm-none-eabi/7.2.1/../../../../arm-none-eabi/lib/thumb/v7e-m/fpv4-sp/hard\libcr_c.a(sin.o) (_sincos)
c:/nxp/mcuxpressoide_10.2.0_759/ide/tools/bin/../lib/gcc/arm-none-eabi/7.2.1/../../../../arm-none-eabi/lib/thumb/v7e-m/fpv4-sp/hard\libcr_c.a(errno.o)
                              c:/nxp/mcuxpressoide_10.2.0_759/ide/tools/bin/../lib/gcc/arm-none-eabi/7.2.1/../../../../arm-none-eabi/lib/thumb/v7e-m/fpv4-sp/hard\libcr_c.a(_sincos.o) (errno)
c:/nxp/mcuxpressoide_10.2.0_759/ide/tools/bin/../lib/gcc/arm-none-eabi/7.2.1/../../../../arm-none-eabi/lib/thumb/v7e-m/fpv4-sp/hard\libcr_c.a(fabs.o)
                              c:/nxp/mcuxpressoide_10.2.0_759/ide/tools/bin/../lib/gcc/arm-none-eabi/7.2.1/../../../../arm-none-eabi/lib/thumb/v7e-m/fpv4-sp/hard\libcr_c.a(_sincos.o) (fabs)
c:/nxp/mcuxpressoide_10.2.0_759/ide/tools/bin/../lib/gcc/arm-none-eabi/7.2.1/../../../../arm-none-eabi/lib/thumb/v7e-m/fpv4-sp/hard\libcr_c.a(_hugeval.o)
                              c:/nxp/mcuxpressoide_10.2.0_759/ide/tools/bin/../lib/gcc/arm-none-eabi/7.2.1/../../../../arm-none-eabi/lib/thumb/v7e-m/fpv4-sp/hard\libcr_c.a(_sincos.o) (__huge_val)
c:/nxp/mcuxpressoide_10.2.0_759/ide/tools/bin/../lib/gcc/arm-none-eabi/7.2.1/thumb/v7e-m/fpv4-sp/hard\libcr_eabihelpers.a(double.o)
                              ./source/App.o (__aeabi_dmul)
c:/nxp/mcuxpressoide_10.2.0_759/ide/tools/bin/../lib/gcc/arm-none-eabi/7.2.1/thumb/v7e-m/fpv4-sp/hard\libcr_eabihelpers.a(float.o)
                              ./source/App.o (__aeabi_f2d)

Discarded input sections

 .group         0x00000000        0xc ./source/ADC.o
 .text          0x00000000        0x0 ./source/ADC.o
 .data          0x00000000        0x0 ./source/ADC.o
 .bss           0x00000000        0x0 ./source/ADC.o
 .debug_info    0x00000000       0x21 ./source/ADC.o
 .debug_abbrev  0x00000000       0x13 ./source/ADC.o
 .debug_aranges
                0x00000000       0x18 ./source/ADC.o
 .debug_macro   0x00000000       0x1b ./source/ADC.o
 .debug_macro   0x00000000      0xa5a ./source/ADC.o
 .debug_line    0x00000000       0x39 ./source/ADC.o
 .debug_str     0x00000000     0x2d19 ./source/ADC.o
 .comment       0x00000000       0x7f ./source/ADC.o
 .ARM.attributes
                0x00000000       0x39 ./source/ADC.o
 .group         0x00000000        0xc ./source/App.o
 .group         0x00000000        0xc ./source/App.o
 .group         0x00000000        0xc ./source/App.o
 .group         0x00000000        0xc ./source/App.o
 .group         0x00000000        0xc ./source/App.o
 .group         0x00000000        0xc ./source/App.o
 .group         0x00000000        0xc ./source/App.o
 .group         0x00000000        0xc ./source/App.o
 .group         0x00000000        0xc ./source/App.o
 .group         0x00000000        0xc ./source/App.o
 .group         0x00000000        0xc ./source/App.o
 .group         0x00000000        0xc ./source/App.o
 .group         0x00000000        0xc ./source/App.o
 .group         0x00000000        0xc ./source/App.o
 .group         0x00000000        0xc ./source/App.o
 .group         0x00000000        0xc ./source/App.o
 .group         0x00000000        0xc ./source/App.o
 .group         0x00000000        0xc ./source/App.o
 .group         0x00000000        0xc ./source/App.o
 .group         0x00000000        0xc ./source/App.o
 .group         0x00000000        0xc ./source/App.o
 .group         0x00000000        0xc ./source/App.o
 .group         0x00000000        0xc ./source/App.o
 .group         0x00000000        0xc ./source/App.o
 .group         0x00000000        0xc ./source/App.o
 .group         0x00000000        0xc ./source/App.o
 .group         0x00000000        0xc ./source/App.o
 .group         0x00000000        0xc ./source/App.o
 .group         0x00000000        0xc ./source/App.o
 .text          0x00000000        0x0 ./source/App.o
 .data          0x00000000        0x0 ./source/App.o
 .bss           0x00000000        0x0 ./source/App.o
 .text.senoidalCallback
                0x00000000       0x9c ./source/App.o
 .text.FTMtimerCallback
                0x00000000       0x4c ./source/App.o
 .text.FTMicCallback
                0x00000000       0x48 ./source/App.o
 .bss.dif       0x00000000        0x4 ./source/App.o
 .bss.firstMeasure.7682
                0x00000000        0x4 ./source/App.o
 .bss.i.7681    0x00000000        0x4 ./source/App.o
 .bss.t.7673    0x00000000        0x4 ./source/App.o
 .debug_macro   0x00000000      0xa5a ./source/App.o
 .group         0x00000000        0xc ./source/DAC.o
 .group         0x00000000        0xc ./source/DAC.o
 .group         0x00000000        0xc ./source/DAC.o
 .group         0x00000000        0xc ./source/DAC.o
 .group         0x00000000        0xc ./source/DAC.o
 .group         0x00000000        0xc ./source/DAC.o
 .group         0x00000000        0xc ./source/DAC.o
 .group         0x00000000        0xc ./source/DAC.o
 .group         0x00000000        0xc ./source/DAC.o
 .group         0x00000000        0xc ./source/DAC.o
 .group         0x00000000        0xc ./source/DAC.o
 .group         0x00000000        0xc ./source/DAC.o
 .text          0x00000000        0x0 ./source/DAC.o
 .data          0x00000000        0x0 ./source/DAC.o
 .bss           0x00000000        0x0 ./source/DAC.o
 .debug_macro   0x00000000      0xa5a ./source/DAC.o
 .debug_macro   0x00000000       0x1c ./source/DAC.o
 .debug_macro   0x00000000      0x34e ./source/DAC.o
 .debug_macro   0x00000000       0x22 ./source/DAC.o
 .debug_macro   0x00000000       0x5c ./source/DAC.o
 .debug_macro   0x00000000       0x1c ./source/DAC.o
 .debug_macro   0x00000000       0x22 ./source/DAC.o
 .debug_macro   0x00000000      0xecf ./source/DAC.o
 .debug_macro   0x00000000       0x48 ./source/DAC.o
 .debug_macro   0x00000000     0xe07b ./source/DAC.o
 .debug_macro   0x00000000       0x3a ./source/DAC.o
 .group         0x00000000        0xc ./source/FTM.o
 .group         0x00000000        0xc ./source/FTM.o
 .group         0x00000000        0xc ./source/FTM.o
 .group         0x00000000        0xc ./source/FTM.o
 .group         0x00000000        0xc ./source/FTM.o
 .group         0x00000000        0xc ./source/FTM.o
 .group         0x00000000        0xc ./source/FTM.o
 .group         0x00000000        0xc ./source/FTM.o
 .group         0x00000000        0xc ./source/FTM.o
 .group         0x00000000        0xc ./source/FTM.o
 .group         0x00000000        0xc ./source/FTM.o
 .group         0x00000000        0xc ./source/FTM.o
 .text          0x00000000        0x0 ./source/FTM.o
 .data          0x00000000        0x0 ./source/FTM.o
 .bss           0x00000000        0x0 ./source/FTM.o
 .text.updateCnV
                0x00000000       0x20 ./source/FTM.o
 .text.getCnV   0x00000000       0x24 ./source/FTM.o
 .text.getMOD_FTM
                0x00000000       0x20 ./source/FTM.o
 .text.getCNTIN_FTM
                0x00000000       0x20 ./source/FTM.o
 .text.enableFTMinterrupts
                0x00000000       0x24 ./source/FTM.o
 .text.disableFTMinterrupts
                0x00000000       0x2c ./source/FTM.o
 .debug_macro   0x00000000      0xa5a ./source/FTM.o
 .debug_macro   0x00000000       0x22 ./source/FTM.o
 .debug_macro   0x00000000      0x34e ./source/FTM.o
 .debug_macro   0x00000000       0x22 ./source/FTM.o
 .debug_macro   0x00000000       0x5c ./source/FTM.o
 .debug_macro   0x00000000       0x1c ./source/FTM.o
 .debug_macro   0x00000000       0x22 ./source/FTM.o
 .debug_macro   0x00000000       0xdf ./source/FTM.o
 .debug_macro   0x00000000      0xecf ./source/FTM.o
 .debug_macro   0x00000000       0x48 ./source/FTM.o
 .debug_macro   0x00000000     0xe07b ./source/FTM.o
 .debug_macro   0x00000000       0x3a ./source/FTM.o
 .group         0x00000000        0xc ./source/SysTick.o
 .group         0x00000000        0xc ./source/SysTick.o
 .group         0x00000000        0xc ./source/SysTick.o
 .group         0x00000000        0xc ./source/SysTick.o
 .group         0x00000000        0xc ./source/SysTick.o
 .group         0x00000000        0xc ./source/SysTick.o
 .group         0x00000000        0xc ./source/SysTick.o
 .group         0x00000000        0xc ./source/SysTick.o
 .group         0x00000000        0xc ./source/SysTick.o
 .group         0x00000000        0xc ./source/SysTick.o
 .group         0x00000000        0xc ./source/SysTick.o
 .text          0x00000000        0x0 ./source/SysTick.o
 .data          0x00000000        0x0 ./source/SysTick.o
 .bss           0x00000000        0x0 ./source/SysTick.o
 .debug_macro   0x00000000      0xa5a ./source/SysTick.o
 .debug_macro   0x00000000       0x22 ./source/SysTick.o
 .debug_macro   0x00000000       0x5c ./source/SysTick.o
 .debug_macro   0x00000000      0x34e ./source/SysTick.o
 .debug_macro   0x00000000       0x1c ./source/SysTick.o
 .debug_macro   0x00000000       0x22 ./source/SysTick.o
 .debug_macro   0x00000000       0xdf ./source/SysTick.o
 .debug_macro   0x00000000      0xecf ./source/SysTick.o
 .debug_macro   0x00000000       0x48 ./source/SysTick.o
 .debug_macro   0x00000000     0xe07b ./source/SysTick.o
 .debug_macro   0x00000000      0x174 ./source/SysTick.o
 .group         0x00000000        0xc ./source/comController2pc.o
 .group         0x00000000        0xc ./source/comController2pc.o
 .group         0x00000000        0xc ./source/comController2pc.o
 .group         0x00000000        0xc ./source/comController2pc.o
 .group         0x00000000        0xc ./source/comController2pc.o
 .text          0x00000000        0x0 ./source/comController2pc.o
 .data          0x00000000        0x0 ./source/comController2pc.o
 .bss           0x00000000        0x0 ./source/comController2pc.o
 .text.sendMessage2pc
                0x00000000       0x3c ./source/comController2pc.o
 .text.areStringsEqual
                0x00000000       0x24 ./source/comController2pc.o
 .text.rxCallback
                0x00000000       0x68 ./source/comController2pc.o
 .bss.answerMsg
                0x00000000        0x1 ./source/comController2pc.o
 .bss.package2pc
                0x00000000        0x6 ./source/comController2pc.o
 .debug_macro   0x00000000      0xa5a ./source/comController2pc.o
 .debug_macro   0x00000000       0x1c ./source/comController2pc.o
 .debug_macro   0x00000000       0x22 ./source/comController2pc.o
 .debug_macro   0x00000000      0x34e ./source/comController2pc.o
 .group         0x00000000        0xc ./source/gpio.o
 .group         0x00000000        0xc ./source/gpio.o
 .group         0x00000000        0xc ./source/gpio.o
 .group         0x00000000        0xc ./source/gpio.o
 .group         0x00000000        0xc ./source/gpio.o
 .group         0x00000000        0xc ./source/gpio.o
 .group         0x00000000        0xc ./source/gpio.o
 .group         0x00000000        0xc ./source/gpio.o
 .group         0x00000000        0xc ./source/gpio.o
 .group         0x00000000        0xc ./source/gpio.o
 .group         0x00000000        0xc ./source/gpio.o
 .text          0x00000000        0x0 ./source/gpio.o
 .data          0x00000000        0x0 ./source/gpio.o
 .bss           0x00000000        0x0 ./source/gpio.o
 .text.clockGating
                0x00000000       0x50 ./source/gpio.o
 .text.gpioToggle
                0x00000000       0x3c ./source/gpio.o
 .text.gpioRead
                0x00000000       0x38 ./source/gpio.o
 .text.isPinValid
                0x00000000        0xc ./source/gpio.o
 .text.setPassiveFilter
                0x00000000       0x38 ./source/gpio.o
 .text.setPCRpullEnable
                0x00000000        0xe ./source/gpio.o
 .text.setPCRpullUp
                0x00000000        0xe ./source/gpio.o
 .text.setPCRpullDown
                0x00000000        0xe ./source/gpio.o
 .text.setGPIOddr
                0x00000000        0xa ./source/gpio.o
 .text.gpioMode
                0x00000000       0x98 ./source/gpio.o
 .text.setGPIOdataOut
                0x00000000       0x16 ./source/gpio.o
 .text.gpioWrite
                0x00000000       0x40 ./source/gpio.o
 .text.gpioIRQ  0x00000000       0x8c ./source/gpio.o
 .debug_macro   0x00000000      0xa5a ./source/gpio.o
 .debug_macro   0x00000000      0x34e ./source/gpio.o
 .debug_macro   0x00000000       0x22 ./source/gpio.o
 .debug_macro   0x00000000       0x5c ./source/gpio.o
 .debug_macro   0x00000000       0x1c ./source/gpio.o
 .debug_macro   0x00000000       0x22 ./source/gpio.o
 .debug_macro   0x00000000       0xdf ./source/gpio.o
 .debug_macro   0x00000000      0xecf ./source/gpio.o
 .debug_macro   0x00000000       0x48 ./source/gpio.o
 .debug_macro   0x00000000     0xe07b ./source/gpio.o
 .debug_macro   0x00000000       0x3a ./source/gpio.o
 .group         0x00000000        0xc ./source/timer.o
 .group         0x00000000        0xc ./source/timer.o
 .group         0x00000000        0xc ./source/timer.o
 .group         0x00000000        0xc ./source/timer.o
 .text          0x00000000        0x0 ./source/timer.o
 .data          0x00000000        0x0 ./source/timer.o
 .bss           0x00000000        0x0 ./source/timer.o
 .text.SetTimer
                0x00000000       0x54 ./source/timer.o
 .text.EnableTimer
                0x00000000       0x10 ./source/timer.o
 .text.DisableTimer
                0x00000000       0x10 ./source/timer.o
 .text.RestartTimer
                0x00000000       0x10 ./source/timer.o
 .text.GetTimerCount
                0x00000000       0x10 ./source/timer.o
 .debug_macro   0x00000000      0xa5a ./source/timer.o
 .debug_macro   0x00000000       0x22 ./source/timer.o
 .debug_macro   0x00000000      0x34e ./source/timer.o
 .group         0x00000000        0xc ./source/uart.o
 .group         0x00000000        0xc ./source/uart.o
 .group         0x00000000        0xc ./source/uart.o
 .group         0x00000000        0xc ./source/uart.o
 .group         0x00000000        0xc ./source/uart.o
 .group         0x00000000        0xc ./source/uart.o
 .group         0x00000000        0xc ./source/uart.o
 .group         0x00000000        0xc ./source/uart.o
 .group         0x00000000        0xc ./source/uart.o
 .group         0x00000000        0xc ./source/uart.o
 .group         0x00000000        0xc ./source/uart.o
 .group         0x00000000        0xc ./source/uart.o
 .group         0x00000000        0xc ./source/uart.o
 .group         0x00000000        0xc ./source/uart.o
 .group         0x00000000        0xc ./source/uart.o
 .text          0x00000000        0x0 ./source/uart.o
 .data          0x00000000        0x0 ./source/uart.o
 .bss           0x00000000        0x0 ./source/uart.o
 .text.uartIsRxMsg
                0x00000000       0x64 ./source/uart.o
 .text.uartGetRxMsgLength
                0x00000000       0x10 ./source/uart.o
 .text.uartReadMsg
                0x00000000       0xec ./source/uart.o
 .text.uartIsTxMsgComplete
                0x00000000       0x38 ./source/uart.o
 .text.resetRXbuffer
                0x00000000       0x18 ./source/uart.o
 .text.isRXrejected
                0x00000000        0xc ./source/uart.o
 .text.copyTXmsg
                0x00000000       0x50 ./source/uart.o
 .text.uartWriteMsg
                0x00000000       0xbc ./source/uart.o
 .text.UARTX_LON_IRQHandler
                0x00000000        0x2 ./source/uart.o
 .text.UARTX_ERR_IRQHandler
                0x00000000        0x2 ./source/uart.o
 .text.UART_setParity
                0x00000000       0x38 ./source/uart.o
 .text.UART_setNdataBits
                0x00000000       0x24 ./source/uart.o
 .bss.inMarkersTXbuffer
                0x00000000        0x5 ./source/uart.o
 .debug_macro   0x00000000      0xa5a ./source/uart.o
 .debug_macro   0x00000000      0x34e ./source/uart.o
 .debug_macro   0x00000000       0x22 ./source/uart.o
 .debug_macro   0x00000000       0x5c ./source/uart.o
 .debug_macro   0x00000000       0x1c ./source/uart.o
 .debug_macro   0x00000000       0x22 ./source/uart.o
 .debug_macro   0x00000000       0xdf ./source/uart.o
 .debug_macro   0x00000000      0xecf ./source/uart.o
 .debug_macro   0x00000000       0x48 ./source/uart.o
 .debug_macro   0x00000000     0xe07b ./source/uart.o
 .debug_macro   0x00000000       0x3a ./source/uart.o
 .group         0x00000000        0xc ./SDK/startup/hardware.o
 .group         0x00000000        0xc ./SDK/startup/hardware.o
 .group         0x00000000        0xc ./SDK/startup/hardware.o
 .group         0x00000000        0xc ./SDK/startup/hardware.o
 .group         0x00000000        0xc ./SDK/startup/hardware.o
 .group         0x00000000        0xc ./SDK/startup/hardware.o
 .group         0x00000000        0xc ./SDK/startup/hardware.o
 .group         0x00000000        0xc ./SDK/startup/hardware.o
 .group         0x00000000        0xc ./SDK/startup/hardware.o
 .group         0x00000000        0xc ./SDK/startup/hardware.o
 .group         0x00000000        0xc ./SDK/startup/hardware.o
 .group         0x00000000        0xc ./SDK/startup/hardware.o
 .group         0x00000000        0xc ./SDK/startup/hardware.o
 .text          0x00000000        0x0 ./SDK/startup/hardware.o
 .data          0x00000000        0x0 ./SDK/startup/hardware.o
 .bss           0x00000000        0x0 ./SDK/startup/hardware.o
 .debug_macro   0x00000000      0xa5a ./SDK/startup/hardware.o
 .debug_macro   0x00000000      0x34e ./SDK/startup/hardware.o
 .debug_macro   0x00000000       0x22 ./SDK/startup/hardware.o
 .debug_macro   0x00000000       0x10 ./SDK/startup/hardware.o
 .debug_macro   0x00000000       0x5c ./SDK/startup/hardware.o
 .debug_macro   0x00000000       0x1c ./SDK/startup/hardware.o
 .debug_macro   0x00000000       0x22 ./SDK/startup/hardware.o
 .debug_macro   0x00000000       0xdf ./SDK/startup/hardware.o
 .debug_macro   0x00000000      0xecf ./SDK/startup/hardware.o
 .debug_macro   0x00000000       0x48 ./SDK/startup/hardware.o
 .debug_macro   0x00000000     0xe07b ./SDK/startup/hardware.o
 .debug_macro   0x00000000     0x122b ./SDK/startup/hardware.o
 .debug_macro   0x00000000       0x16 ./SDK/startup/hardware.o
 .group         0x00000000        0xc ./SDK/startup/main.o
 .group         0x00000000        0xc ./SDK/startup/main.o
 .group         0x00000000        0xc ./SDK/startup/main.o
 .group         0x00000000        0xc ./SDK/startup/main.o
 .group         0x00000000        0xc ./SDK/startup/main.o
 .group         0x00000000        0xc ./SDK/startup/main.o
 .group         0x00000000        0xc ./SDK/startup/main.o
 .group         0x00000000        0xc ./SDK/startup/main.o
 .group         0x00000000        0xc ./SDK/startup/main.o
 .group         0x00000000        0xc ./SDK/startup/main.o
 .group         0x00000000        0xc ./SDK/startup/main.o
 .group         0x00000000        0xc ./SDK/startup/main.o
 .group         0x00000000        0xc ./SDK/startup/main.o
 .text          0x00000000        0x0 ./SDK/startup/main.o
 .data          0x00000000        0x0 ./SDK/startup/main.o
 .bss           0x00000000        0x0 ./SDK/startup/main.o
 .debug_macro   0x00000000      0xa5a ./SDK/startup/main.o
 .debug_macro   0x00000000      0x34e ./SDK/startup/main.o
 .debug_macro   0x00000000       0x22 ./SDK/startup/main.o
 .debug_macro   0x00000000       0x10 ./SDK/startup/main.o
 .debug_macro   0x00000000       0x5c ./SDK/startup/main.o
 .debug_macro   0x00000000       0x1c ./SDK/startup/main.o
 .debug_macro   0x00000000       0x22 ./SDK/startup/main.o
 .debug_macro   0x00000000       0xdf ./SDK/startup/main.o
 .debug_macro   0x00000000      0xecf ./SDK/startup/main.o
 .debug_macro   0x00000000       0x48 ./SDK/startup/main.o
 .debug_macro   0x00000000     0xe07b ./SDK/startup/main.o
 .debug_macro   0x00000000     0x122b ./SDK/startup/main.o
 .debug_macro   0x00000000       0x16 ./SDK/startup/main.o
 .group         0x00000000        0xc ./SDK/startup/semihost_hardfault.o
 .text          0x00000000        0x0 ./SDK/startup/semihost_hardfault.o
 .data          0x00000000        0x0 ./SDK/startup/semihost_hardfault.o
 .bss           0x00000000        0x0 ./SDK/startup/semihost_hardfault.o
 .debug_macro   0x00000000      0xa5a ./SDK/startup/semihost_hardfault.o
 .group         0x00000000        0xc ./SDK/startup/startup_mk64f12.o
 .text          0x00000000        0x0 ./SDK/startup/startup_mk64f12.o
 .data          0x00000000        0x0 ./SDK/startup/startup_mk64f12.o
 .bss           0x00000000        0x0 ./SDK/startup/startup_mk64f12.o
 .text.UART0_LON_IRQHandler
                0x00000000        0x8 ./SDK/startup/startup_mk64f12.o
 .text.UART0_RX_TX_IRQHandler
                0x00000000        0x8 ./SDK/startup/startup_mk64f12.o
 .text.UART0_ERR_IRQHandler
                0x00000000        0x8 ./SDK/startup/startup_mk64f12.o
 .text.UART1_RX_TX_IRQHandler
                0x00000000        0x8 ./SDK/startup/startup_mk64f12.o
 .text.UART1_ERR_IRQHandler
                0x00000000        0x8 ./SDK/startup/startup_mk64f12.o
 .text.UART2_RX_TX_IRQHandler
                0x00000000        0x8 ./SDK/startup/startup_mk64f12.o
 .text.UART2_ERR_IRQHandler
                0x00000000        0x8 ./SDK/startup/startup_mk64f12.o
 .text.UART3_RX_TX_IRQHandler
                0x00000000        0x8 ./SDK/startup/startup_mk64f12.o
 .text.UART3_ERR_IRQHandler
                0x00000000        0x8 ./SDK/startup/startup_mk64f12.o
 .text.FTM0_IRQHandler
                0x00000000        0x8 ./SDK/startup/startup_mk64f12.o
 .text.FTM1_IRQHandler
                0x00000000        0x8 ./SDK/startup/startup_mk64f12.o
 .text.FTM2_IRQHandler
                0x00000000        0x8 ./SDK/startup/startup_mk64f12.o
 .text.PORTA_IRQHandler
                0x00000000        0x8 ./SDK/startup/startup_mk64f12.o
 .text.PORTB_IRQHandler
                0x00000000        0x8 ./SDK/startup/startup_mk64f12.o
 .text.PORTC_IRQHandler
                0x00000000        0x8 ./SDK/startup/startup_mk64f12.o
 .text.PORTD_IRQHandler
                0x00000000        0x8 ./SDK/startup/startup_mk64f12.o
 .text.PORTE_IRQHandler
                0x00000000        0x8 ./SDK/startup/startup_mk64f12.o
 .text.UART4_RX_TX_IRQHandler
                0x00000000        0x8 ./SDK/startup/startup_mk64f12.o
 .text.UART4_ERR_IRQHandler
                0x00000000        0x8 ./SDK/startup/startup_mk64f12.o
 .debug_macro   0x00000000      0xa5a ./SDK/startup/startup_mk64f12.o
 .group         0x00000000        0xc ./SDK/CMSIS/system_MK64F12.o
 .group         0x00000000        0xc ./SDK/CMSIS/system_MK64F12.o
 .group         0x00000000        0xc ./SDK/CMSIS/system_MK64F12.o
 .group         0x00000000        0xc ./SDK/CMSIS/system_MK64F12.o
 .group         0x00000000        0xc ./SDK/CMSIS/system_MK64F12.o
 .group         0x00000000        0xc ./SDK/CMSIS/system_MK64F12.o
 .group         0x00000000        0xc ./SDK/CMSIS/system_MK64F12.o
 .group         0x00000000        0xc ./SDK/CMSIS/system_MK64F12.o
 .group         0x00000000        0xc ./SDK/CMSIS/system_MK64F12.o
 .group         0x00000000        0xc ./SDK/CMSIS/system_MK64F12.o
 .group         0x00000000        0xc ./SDK/CMSIS/system_MK64F12.o
 .text          0x00000000        0x0 ./SDK/CMSIS/system_MK64F12.o
 .data          0x00000000        0x0 ./SDK/CMSIS/system_MK64F12.o
 .bss           0x00000000        0x0 ./SDK/CMSIS/system_MK64F12.o
 .text.SystemCoreClockUpdate
                0x00000000      0x1ac ./SDK/CMSIS/system_MK64F12.o
 .data.SystemCoreClock
                0x00000000        0x4 ./SDK/CMSIS/system_MK64F12.o
 .debug_macro   0x00000000      0xa5a ./SDK/CMSIS/system_MK64F12.o
 .debug_macro   0x00000000      0x34e ./SDK/CMSIS/system_MK64F12.o
 .debug_macro   0x00000000       0x10 ./SDK/CMSIS/system_MK64F12.o
 .debug_macro   0x00000000       0x5c ./SDK/CMSIS/system_MK64F12.o
 .debug_macro   0x00000000       0x1c ./SDK/CMSIS/system_MK64F12.o
 .debug_macro   0x00000000       0x22 ./SDK/CMSIS/system_MK64F12.o
 .debug_macro   0x00000000       0xdf ./SDK/CMSIS/system_MK64F12.o
 .debug_macro   0x00000000      0xecf ./SDK/CMSIS/system_MK64F12.o
 .debug_macro   0x00000000       0x48 ./SDK/CMSIS/system_MK64F12.o
 .debug_macro   0x00000000     0xe07b ./SDK/CMSIS/system_MK64F12.o
 .debug_macro   0x00000000     0x122b ./SDK/CMSIS/system_MK64F12.o
 .text          0x00000000        0x0 c:/nxp/mcuxpressoide_10.2.0_759/ide/tools/bin/../lib/gcc/arm-none-eabi/7.2.1/../../../../arm-none-eabi/lib/thumb/v7e-m/fpv4-sp/hard\libcr_c.a(sin.o)
 .data          0x00000000        0x0 c:/nxp/mcuxpressoide_10.2.0_759/ide/tools/bin/../lib/gcc/arm-none-eabi/7.2.1/../../../../arm-none-eabi/lib/thumb/v7e-m/fpv4-sp/hard\libcr_c.a(sin.o)
 .bss           0x00000000        0x0 c:/nxp/mcuxpressoide_10.2.0_759/ide/tools/bin/../lib/gcc/arm-none-eabi/7.2.1/../../../../arm-none-eabi/lib/thumb/v7e-m/fpv4-sp/hard\libcr_c.a(sin.o)
 .text.sin      0x00000000       0x40 c:/nxp/mcuxpressoide_10.2.0_759/ide/tools/bin/../lib/gcc/arm-none-eabi/7.2.1/../../../../arm-none-eabi/lib/thumb/v7e-m/fpv4-sp/hard\libcr_c.a(sin.o)
 .comment       0x00000000       0x7f c:/nxp/mcuxpressoide_10.2.0_759/ide/tools/bin/../lib/gcc/arm-none-eabi/7.2.1/../../../../arm-none-eabi/lib/thumb/v7e-m/fpv4-sp/hard\libcr_c.a(sin.o)
 .ARM.attributes
                0x00000000       0x39 c:/nxp/mcuxpressoide_10.2.0_759/ide/tools/bin/../lib/gcc/arm-none-eabi/7.2.1/../../../../arm-none-eabi/lib/thumb/v7e-m/fpv4-sp/hard\libcr_c.a(sin.o)
 .text          0x00000000        0x0 c:/nxp/mcuxpressoide_10.2.0_759/ide/tools/bin/../lib/gcc/arm-none-eabi/7.2.1/../../../../arm-none-eabi/lib/thumb/v7e-m/fpv4-sp/hard\libcr_c.a(_sincos.o)
 .data          0x00000000        0x0 c:/nxp/mcuxpressoide_10.2.0_759/ide/tools/bin/../lib/gcc/arm-none-eabi/7.2.1/../../../../arm-none-eabi/lib/thumb/v7e-m/fpv4-sp/hard\libcr_c.a(_sincos.o)
 .bss           0x00000000        0x0 c:/nxp/mcuxpressoide_10.2.0_759/ide/tools/bin/../lib/gcc/arm-none-eabi/7.2.1/../../../../arm-none-eabi/lib/thumb/v7e-m/fpv4-sp/hard\libcr_c.a(_sincos.o)
 .text._sincos  0x00000000      0x214 c:/nxp/mcuxpressoide_10.2.0_759/ide/tools/bin/../lib/gcc/arm-none-eabi/7.2.1/../../../../arm-none-eabi/lib/thumb/v7e-m/fpv4-sp/hard\libcr_c.a(_sincos.o)
 .comment       0x00000000       0x7f c:/nxp/mcuxpressoide_10.2.0_759/ide/tools/bin/../lib/gcc/arm-none-eabi/7.2.1/../../../../arm-none-eabi/lib/thumb/v7e-m/fpv4-sp/hard\libcr_c.a(_sincos.o)
 .ARM.attributes
                0x00000000       0x39 c:/nxp/mcuxpressoide_10.2.0_759/ide/tools/bin/../lib/gcc/arm-none-eabi/7.2.1/../../../../arm-none-eabi/lib/thumb/v7e-m/fpv4-sp/hard\libcr_c.a(_sincos.o)
 .text          0x00000000        0x0 c:/nxp/mcuxpressoide_10.2.0_759/ide/tools/bin/../lib/gcc/arm-none-eabi/7.2.1/../../../../arm-none-eabi/lib/thumb/v7e-m/fpv4-sp/hard\libcr_c.a(errno.o)
 .data          0x00000000        0x0 c:/nxp/mcuxpressoide_10.2.0_759/ide/tools/bin/../lib/gcc/arm-none-eabi/7.2.1/../../../../arm-none-eabi/lib/thumb/v7e-m/fpv4-sp/hard\libcr_c.a(errno.o)
 .bss           0x00000000        0x0 c:/nxp/mcuxpressoide_10.2.0_759/ide/tools/bin/../lib/gcc/arm-none-eabi/7.2.1/../../../../arm-none-eabi/lib/thumb/v7e-m/fpv4-sp/hard\libcr_c.a(errno.o)
 .bss.errno     0x00000000        0x4 c:/nxp/mcuxpressoide_10.2.0_759/ide/tools/bin/../lib/gcc/arm-none-eabi/7.2.1/../../../../arm-none-eabi/lib/thumb/v7e-m/fpv4-sp/hard\libcr_c.a(errno.o)
 .comment       0x00000000       0x7f c:/nxp/mcuxpressoide_10.2.0_759/ide/tools/bin/../lib/gcc/arm-none-eabi/7.2.1/../../../../arm-none-eabi/lib/thumb/v7e-m/fpv4-sp/hard\libcr_c.a(errno.o)
 .ARM.attributes
                0x00000000       0x39 c:/nxp/mcuxpressoide_10.2.0_759/ide/tools/bin/../lib/gcc/arm-none-eabi/7.2.1/../../../../arm-none-eabi/lib/thumb/v7e-m/fpv4-sp/hard\libcr_c.a(errno.o)
 .text          0x00000000        0x0 c:/nxp/mcuxpressoide_10.2.0_759/ide/tools/bin/../lib/gcc/arm-none-eabi/7.2.1/../../../../arm-none-eabi/lib/thumb/v7e-m/fpv4-sp/hard\libcr_c.a(fabs.o)
 .data          0x00000000        0x0 c:/nxp/mcuxpressoide_10.2.0_759/ide/tools/bin/../lib/gcc/arm-none-eabi/7.2.1/../../../../arm-none-eabi/lib/thumb/v7e-m/fpv4-sp/hard\libcr_c.a(fabs.o)
 .bss           0x00000000        0x0 c:/nxp/mcuxpressoide_10.2.0_759/ide/tools/bin/../lib/gcc/arm-none-eabi/7.2.1/../../../../arm-none-eabi/lib/thumb/v7e-m/fpv4-sp/hard\libcr_c.a(fabs.o)
 .text.fabs     0x00000000       0x22 c:/nxp/mcuxpressoide_10.2.0_759/ide/tools/bin/../lib/gcc/arm-none-eabi/7.2.1/../../../../arm-none-eabi/lib/thumb/v7e-m/fpv4-sp/hard\libcr_c.a(fabs.o)
 .comment       0x00000000       0x7f c:/nxp/mcuxpressoide_10.2.0_759/ide/tools/bin/../lib/gcc/arm-none-eabi/7.2.1/../../../../arm-none-eabi/lib/thumb/v7e-m/fpv4-sp/hard\libcr_c.a(fabs.o)
 .ARM.attributes
                0x00000000       0x39 c:/nxp/mcuxpressoide_10.2.0_759/ide/tools/bin/../lib/gcc/arm-none-eabi/7.2.1/../../../../arm-none-eabi/lib/thumb/v7e-m/fpv4-sp/hard\libcr_c.a(fabs.o)
 .text          0x00000000        0x0 c:/nxp/mcuxpressoide_10.2.0_759/ide/tools/bin/../lib/gcc/arm-none-eabi/7.2.1/../../../../arm-none-eabi/lib/thumb/v7e-m/fpv4-sp/hard\libcr_c.a(_hugeval.o)
 .data          0x00000000        0x0 c:/nxp/mcuxpressoide_10.2.0_759/ide/tools/bin/../lib/gcc/arm-none-eabi/7.2.1/../../../../arm-none-eabi/lib/thumb/v7e-m/fpv4-sp/hard\libcr_c.a(_hugeval.o)
 .bss           0x00000000        0x0 c:/nxp/mcuxpressoide_10.2.0_759/ide/tools/bin/../lib/gcc/arm-none-eabi/7.2.1/../../../../arm-none-eabi/lib/thumb/v7e-m/fpv4-sp/hard\libcr_c.a(_hugeval.o)
 .rodata.__huge_val
                0x00000000        0x8 c:/nxp/mcuxpressoide_10.2.0_759/ide/tools/bin/../lib/gcc/arm-none-eabi/7.2.1/../../../../arm-none-eabi/lib/thumb/v7e-m/fpv4-sp/hard\libcr_c.a(_hugeval.o)
 .rodata.__huge_vall
                0x00000000        0x8 c:/nxp/mcuxpressoide_10.2.0_759/ide/tools/bin/../lib/gcc/arm-none-eabi/7.2.1/../../../../arm-none-eabi/lib/thumb/v7e-m/fpv4-sp/hard\libcr_c.a(_hugeval.o)
 .comment       0x00000000       0x7f c:/nxp/mcuxpressoide_10.2.0_759/ide/tools/bin/../lib/gcc/arm-none-eabi/7.2.1/../../../../arm-none-eabi/lib/thumb/v7e-m/fpv4-sp/hard\libcr_c.a(_hugeval.o)
 .ARM.attributes
                0x00000000       0x39 c:/nxp/mcuxpressoide_10.2.0_759/ide/tools/bin/../lib/gcc/arm-none-eabi/7.2.1/../../../../arm-none-eabi/lib/thumb/v7e-m/fpv4-sp/hard\libcr_c.a(_hugeval.o)
 .text          0x00000000        0x0 c:/nxp/mcuxpressoide_10.2.0_759/ide/tools/bin/../lib/gcc/arm-none-eabi/7.2.1/thumb/v7e-m/fpv4-sp/hard\libcr_eabihelpers.a(double.o)
 .data          0x00000000        0x0 c:/nxp/mcuxpressoide_10.2.0_759/ide/tools/bin/../lib/gcc/arm-none-eabi/7.2.1/thumb/v7e-m/fpv4-sp/hard\libcr_eabihelpers.a(double.o)
 .bss           0x00000000        0x0 c:/nxp/mcuxpressoide_10.2.0_759/ide/tools/bin/../lib/gcc/arm-none-eabi/7.2.1/thumb/v7e-m/fpv4-sp/hard\libcr_eabihelpers.a(double.o)
 .text.__aeabi_dmul
                0x00000000      0x11c c:/nxp/mcuxpressoide_10.2.0_759/ide/tools/bin/../lib/gcc/arm-none-eabi/7.2.1/thumb/v7e-m/fpv4-sp/hard\libcr_eabihelpers.a(double.o)
 .text.__aeabi_ddiv
                0x00000000      0x138 c:/nxp/mcuxpressoide_10.2.0_759/ide/tools/bin/../lib/gcc/arm-none-eabi/7.2.1/thumb/v7e-m/fpv4-sp/hard\libcr_eabihelpers.a(double.o)
 .text.__aeabi_dsub
                0x00000000      0x1b4 c:/nxp/mcuxpressoide_10.2.0_759/ide/tools/bin/../lib/gcc/arm-none-eabi/7.2.1/thumb/v7e-m/fpv4-sp/hard\libcr_eabihelpers.a(double.o)
 .text.__aeabi_dadd
                0x00000000      0x10c c:/nxp/mcuxpressoide_10.2.0_759/ide/tools/bin/../lib/gcc/arm-none-eabi/7.2.1/thumb/v7e-m/fpv4-sp/hard\libcr_eabihelpers.a(double.o)
 .text.__aeabi_drsub
                0x00000000       0x18 c:/nxp/mcuxpressoide_10.2.0_759/ide/tools/bin/../lib/gcc/arm-none-eabi/7.2.1/thumb/v7e-m/fpv4-sp/hard\libcr_eabihelpers.a(double.o)
 .text.__aeabi_dneg
                0x00000000        0xe c:/nxp/mcuxpressoide_10.2.0_759/ide/tools/bin/../lib/gcc/arm-none-eabi/7.2.1/thumb/v7e-m/fpv4-sp/hard\libcr_eabihelpers.a(double.o)
 .text.__aeabi_d2f
                0x00000000       0x54 c:/nxp/mcuxpressoide_10.2.0_759/ide/tools/bin/../lib/gcc/arm-none-eabi/7.2.1/thumb/v7e-m/fpv4-sp/hard\libcr_eabihelpers.a(double.o)
 .text.__aeabi_d2iz
                0x00000000       0x40 c:/nxp/mcuxpressoide_10.2.0_759/ide/tools/bin/../lib/gcc/arm-none-eabi/7.2.1/thumb/v7e-m/fpv4-sp/hard\libcr_eabihelpers.a(double.o)
 .text.__aeabi_d2uiz
                0x00000000       0x30 c:/nxp/mcuxpressoide_10.2.0_759/ide/tools/bin/../lib/gcc/arm-none-eabi/7.2.1/thumb/v7e-m/fpv4-sp/hard\libcr_eabihelpers.a(double.o)
 .text.__aeabi_d2lz
                0x00000000       0x6c c:/nxp/mcuxpressoide_10.2.0_759/ide/tools/bin/../lib/gcc/arm-none-eabi/7.2.1/thumb/v7e-m/fpv4-sp/hard\libcr_eabihelpers.a(double.o)
 .text.__aeabi_d2ulz
                0x00000000       0x56 c:/nxp/mcuxpressoide_10.2.0_759/ide/tools/bin/../lib/gcc/arm-none-eabi/7.2.1/thumb/v7e-m/fpv4-sp/hard\libcr_eabihelpers.a(double.o)
 .text.__bhs_ui2d
                0x00000000       0x46 c:/nxp/mcuxpressoide_10.2.0_759/ide/tools/bin/../lib/gcc/arm-none-eabi/7.2.1/thumb/v7e-m/fpv4-sp/hard\libcr_eabihelpers.a(double.o)
 .text.__bhs_ul2d
                0x00000000       0x8a c:/nxp/mcuxpressoide_10.2.0_759/ide/tools/bin/../lib/gcc/arm-none-eabi/7.2.1/thumb/v7e-m/fpv4-sp/hard\libcr_eabihelpers.a(double.o)
 .text.__aeabi_i2d
                0x00000000       0x12 c:/nxp/mcuxpressoide_10.2.0_759/ide/tools/bin/../lib/gcc/arm-none-eabi/7.2.1/thumb/v7e-m/fpv4-sp/hard\libcr_eabihelpers.a(double.o)
 .text.__aeabi_ui2d
                0x00000000        0x8 c:/nxp/mcuxpressoide_10.2.0_759/ide/tools/bin/../lib/gcc/arm-none-eabi/7.2.1/thumb/v7e-m/fpv4-sp/hard\libcr_eabihelpers.a(double.o)
 .text.__aeabi_l2d
                0x00000000       0x1a c:/nxp/mcuxpressoide_10.2.0_759/ide/tools/bin/../lib/gcc/arm-none-eabi/7.2.1/thumb/v7e-m/fpv4-sp/hard\libcr_eabihelpers.a(double.o)
 .text.__aeabi_ul2d
                0x00000000        0x8 c:/nxp/mcuxpressoide_10.2.0_759/ide/tools/bin/../lib/gcc/arm-none-eabi/7.2.1/thumb/v7e-m/fpv4-sp/hard\libcr_eabihelpers.a(double.o)
 .text.__aeabi_dcmpeq
                0x00000000       0x30 c:/nxp/mcuxpressoide_10.2.0_759/ide/tools/bin/../lib/gcc/arm-none-eabi/7.2.1/thumb/v7e-m/fpv4-sp/hard\libcr_eabihelpers.a(double.o)
 .text.__aeabi_dcmplt
                0x00000000       0x58 c:/nxp/mcuxpressoide_10.2.0_759/ide/tools/bin/../lib/gcc/arm-none-eabi/7.2.1/thumb/v7e-m/fpv4-sp/hard\libcr_eabihelpers.a(double.o)
 .text.__aeabi_dcmpgt
                0x00000000       0x58 c:/nxp/mcuxpressoide_10.2.0_759/ide/tools/bin/../lib/gcc/arm-none-eabi/7.2.1/thumb/v7e-m/fpv4-sp/hard\libcr_eabihelpers.a(double.o)
 .text.__aeabi_dcmple
                0x00000000       0x5a c:/nxp/mcuxpressoide_10.2.0_759/ide/tools/bin/../lib/gcc/arm-none-eabi/7.2.1/thumb/v7e-m/fpv4-sp/hard\libcr_eabihelpers.a(double.o)
 .text.__aeabi_dcmpge
                0x00000000       0x58 c:/nxp/mcuxpressoide_10.2.0_759/ide/tools/bin/../lib/gcc/arm-none-eabi/7.2.1/thumb/v7e-m/fpv4-sp/hard\libcr_eabihelpers.a(double.o)
 .text.__aeabi_dcmpun
                0x00000000       0x1a c:/nxp/mcuxpressoide_10.2.0_759/ide/tools/bin/../lib/gcc/arm-none-eabi/7.2.1/thumb/v7e-m/fpv4-sp/hard\libcr_eabihelpers.a(double.o)
 .text.__aeabi_cdcmple
                0x00000000       0x2c c:/nxp/mcuxpressoide_10.2.0_759/ide/tools/bin/../lib/gcc/arm-none-eabi/7.2.1/thumb/v7e-m/fpv4-sp/hard\libcr_eabihelpers.a(double.o)
 .text.__aeabi_cdrcmple
                0x00000000       0x14 c:/nxp/mcuxpressoide_10.2.0_759/ide/tools/bin/../lib/gcc/arm-none-eabi/7.2.1/thumb/v7e-m/fpv4-sp/hard\libcr_eabihelpers.a(double.o)
 .comment       0x00000000       0x7f c:/nxp/mcuxpressoide_10.2.0_759/ide/tools/bin/../lib/gcc/arm-none-eabi/7.2.1/thumb/v7e-m/fpv4-sp/hard\libcr_eabihelpers.a(double.o)
 .ARM.attributes
                0x00000000       0x39 c:/nxp/mcuxpressoide_10.2.0_759/ide/tools/bin/../lib/gcc/arm-none-eabi/7.2.1/thumb/v7e-m/fpv4-sp/hard\libcr_eabihelpers.a(double.o)
 .text          0x00000000        0x0 c:/nxp/mcuxpressoide_10.2.0_759/ide/tools/bin/../lib/gcc/arm-none-eabi/7.2.1/thumb/v7e-m/fpv4-sp/hard\libcr_eabihelpers.a(float.o)
 .data          0x00000000        0x0 c:/nxp/mcuxpressoide_10.2.0_759/ide/tools/bin/../lib/gcc/arm-none-eabi/7.2.1/thumb/v7e-m/fpv4-sp/hard\libcr_eabihelpers.a(float.o)
 .bss           0x00000000        0x0 c:/nxp/mcuxpressoide_10.2.0_759/ide/tools/bin/../lib/gcc/arm-none-eabi/7.2.1/thumb/v7e-m/fpv4-sp/hard\libcr_eabihelpers.a(float.o)
 .text.__aeabi_fmul
                0x00000000       0xb0 c:/nxp/mcuxpressoide_10.2.0_759/ide/tools/bin/../lib/gcc/arm-none-eabi/7.2.1/thumb/v7e-m/fpv4-sp/hard\libcr_eabihelpers.a(float.o)
 .text.__aeabi_fdiv
                0x00000000       0xc8 c:/nxp/mcuxpressoide_10.2.0_759/ide/tools/bin/../lib/gcc/arm-none-eabi/7.2.1/thumb/v7e-m/fpv4-sp/hard\libcr_eabihelpers.a(float.o)
 .text.__aeabi_fsub
                0x00000000       0xf0 c:/nxp/mcuxpressoide_10.2.0_759/ide/tools/bin/../lib/gcc/arm-none-eabi/7.2.1/thumb/v7e-m/fpv4-sp/hard\libcr_eabihelpers.a(float.o)
 .text.__aeabi_fadd
                0x00000000       0xc8 c:/nxp/mcuxpressoide_10.2.0_759/ide/tools/bin/../lib/gcc/arm-none-eabi/7.2.1/thumb/v7e-m/fpv4-sp/hard\libcr_eabihelpers.a(float.o)
 .text.__aeabi_frsub
                0x00000000        0xc c:/nxp/mcuxpressoide_10.2.0_759/ide/tools/bin/../lib/gcc/arm-none-eabi/7.2.1/thumb/v7e-m/fpv4-sp/hard\libcr_eabihelpers.a(float.o)
 .text.__aeabi_fneg
                0x00000000        0x6 c:/nxp/mcuxpressoide_10.2.0_759/ide/tools/bin/../lib/gcc/arm-none-eabi/7.2.1/thumb/v7e-m/fpv4-sp/hard\libcr_eabihelpers.a(float.o)
 .text.__aeabi_f2iz
                0x00000000       0x36 c:/nxp/mcuxpressoide_10.2.0_759/ide/tools/bin/../lib/gcc/arm-none-eabi/7.2.1/thumb/v7e-m/fpv4-sp/hard\libcr_eabihelpers.a(float.o)
 .text.__aeabi_f2uiz
                0x00000000       0x28 c:/nxp/mcuxpressoide_10.2.0_759/ide/tools/bin/../lib/gcc/arm-none-eabi/7.2.1/thumb/v7e-m/fpv4-sp/hard\libcr_eabihelpers.a(float.o)
 .text.__aeabi_f2lz
                0x00000000       0x5c c:/nxp/mcuxpressoide_10.2.0_759/ide/tools/bin/../lib/gcc/arm-none-eabi/7.2.1/thumb/v7e-m/fpv4-sp/hard\libcr_eabihelpers.a(float.o)
 .text.__aeabi_f2ulz
                0x00000000       0x3e c:/nxp/mcuxpressoide_10.2.0_759/ide/tools/bin/../lib/gcc/arm-none-eabi/7.2.1/thumb/v7e-m/fpv4-sp/hard\libcr_eabihelpers.a(float.o)
 .text.__bhs_ui2f
                0x00000000       0x26 c:/nxp/mcuxpressoide_10.2.0_759/ide/tools/bin/../lib/gcc/arm-none-eabi/7.2.1/thumb/v7e-m/fpv4-sp/hard\libcr_eabihelpers.a(float.o)
 .text.__bhs_ul2f
                0x00000000       0x46 c:/nxp/mcuxpressoide_10.2.0_759/ide/tools/bin/../lib/gcc/arm-none-eabi/7.2.1/thumb/v7e-m/fpv4-sp/hard\libcr_eabihelpers.a(float.o)
 .text.__aeabi_i2f
                0x00000000       0x12 c:/nxp/mcuxpressoide_10.2.0_759/ide/tools/bin/../lib/gcc/arm-none-eabi/7.2.1/thumb/v7e-m/fpv4-sp/hard\libcr_eabihelpers.a(float.o)
 .text.__aeabi_ui2f
                0x00000000        0x8 c:/nxp/mcuxpressoide_10.2.0_759/ide/tools/bin/../lib/gcc/arm-none-eabi/7.2.1/thumb/v7e-m/fpv4-sp/hard\libcr_eabihelpers.a(float.o)
 .text.__aeabi_l2f
                0x00000000       0x1a c:/nxp/mcuxpressoide_10.2.0_759/ide/tools/bin/../lib/gcc/arm-none-eabi/7.2.1/thumb/v7e-m/fpv4-sp/hard\libcr_eabihelpers.a(float.o)
 .text.__aeabi_ul2f
                0x00000000        0x8 c:/nxp/mcuxpressoide_10.2.0_759/ide/tools/bin/../lib/gcc/arm-none-eabi/7.2.1/thumb/v7e-m/fpv4-sp/hard\libcr_eabihelpers.a(float.o)
 .text.__aeabi_f2d
                0x00000000       0x38 c:/nxp/mcuxpressoide_10.2.0_759/ide/tools/bin/../lib/gcc/arm-none-eabi/7.2.1/thumb/v7e-m/fpv4-sp/hard\libcr_eabihelpers.a(float.o)
 .text.__aeabi_fcmpeq
                0x00000000       0x1e c:/nxp/mcuxpressoide_10.2.0_759/ide/tools/bin/../lib/gcc/arm-none-eabi/7.2.1/thumb/v7e-m/fpv4-sp/hard\libcr_eabihelpers.a(float.o)
 .text.__aeabi_fcmplt
                0x00000000       0x3a c:/nxp/mcuxpressoide_10.2.0_759/ide/tools/bin/../lib/gcc/arm-none-eabi/7.2.1/thumb/v7e-m/fpv4-sp/hard\libcr_eabihelpers.a(float.o)
 .text.__aeabi_fcmpgt
                0x00000000       0x3a c:/nxp/mcuxpressoide_10.2.0_759/ide/tools/bin/../lib/gcc/arm-none-eabi/7.2.1/thumb/v7e-m/fpv4-sp/hard\libcr_eabihelpers.a(float.o)
 .text.__aeabi_fcmple
                0x00000000       0x3e c:/nxp/mcuxpressoide_10.2.0_759/ide/tools/bin/../lib/gcc/arm-none-eabi/7.2.1/thumb/v7e-m/fpv4-sp/hard\libcr_eabihelpers.a(float.o)
 .text.__aeabi_fcmpge
                0x00000000       0x3e c:/nxp/mcuxpressoide_10.2.0_759/ide/tools/bin/../lib/gcc/arm-none-eabi/7.2.1/thumb/v7e-m/fpv4-sp/hard\libcr_eabihelpers.a(float.o)
 .text.__aeabi_fcmpun
                0x00000000       0x1a c:/nxp/mcuxpressoide_10.2.0_759/ide/tools/bin/../lib/gcc/arm-none-eabi/7.2.1/thumb/v7e-m/fpv4-sp/hard\libcr_eabihelpers.a(float.o)
 .text.__aeabi_cfcmple
                0x00000000       0x20 c:/nxp/mcuxpressoide_10.2.0_759/ide/tools/bin/../lib/gcc/arm-none-eabi/7.2.1/thumb/v7e-m/fpv4-sp/hard\libcr_eabihelpers.a(float.o)
 .text.__aeabi_cfrcmple
                0x00000000        0xa c:/nxp/mcuxpressoide_10.2.0_759/ide/tools/bin/../lib/gcc/arm-none-eabi/7.2.1/thumb/v7e-m/fpv4-sp/hard\libcr_eabihelpers.a(float.o)
 .comment       0x00000000       0x7f c:/nxp/mcuxpressoide_10.2.0_759/ide/tools/bin/../lib/gcc/arm-none-eabi/7.2.1/thumb/v7e-m/fpv4-sp/hard\libcr_eabihelpers.a(float.o)
 .ARM.attributes
                0x00000000       0x39 c:/nxp/mcuxpressoide_10.2.0_759/ide/tools/bin/../lib/gcc/arm-none-eabi/7.2.1/thumb/v7e-m/fpv4-sp/hard\libcr_eabihelpers.a(float.o)

Memory Configuration

Name             Origin             Length             Attributes
PROGRAM_FLASH    0x00000000         0x00100000         xr
SRAM_UPPER       0x20000000         0x00030000         xrw
SRAM_LOWER       0x1fff0000         0x00010000         xrw
FLEX_RAM         0x14000000         0x00001000         xrw
*default*        0x00000000         0xffffffff

Linker script and memory map

LOAD ./source/ADC.o
LOAD ./source/App.o
LOAD ./source/DAC.o
LOAD ./source/FTM.o
LOAD ./source/SysTick.o
LOAD ./source/comController2pc.o
LOAD ./source/gpio.o
LOAD ./source/timer.o
LOAD ./source/uart.o
LOAD ./SDK/startup/hardware.o
LOAD ./SDK/startup/main.o
LOAD ./SDK/startup/semihost_hardfault.o
LOAD ./SDK/startup/startup_mk64f12.o
LOAD ./SDK/CMSIS/system_MK64F12.o
START GROUP
LOAD c:/nxp/mcuxpressoide_10.2.0_759/ide/tools/bin/../lib/gcc/arm-none-eabi/7.2.1/../../../../arm-none-eabi/lib/thumb/v7e-m/fpv4-sp/hard\libcr_c.a
LOAD c:/nxp/mcuxpressoide_10.2.0_759/ide/tools/bin/../lib/gcc/arm-none-eabi/7.2.1/thumb/v7e-m/fpv4-sp/hard\libcr_eabihelpers.a
END GROUP
                0x00000000                __base_PROGRAM_FLASH = 0x0
                0x00000000                __base_Flash = 0x0
                0x00100000                __top_PROGRAM_FLASH = 0x100000
                0x00100000                __top_Flash = 0x100000
                0x20000000                __base_SRAM_UPPER = 0x20000000
                0x20000000                __base_RAM = 0x20000000
                0x20030000                __top_SRAM_UPPER = 0x20030000
                0x20030000                __top_RAM = 0x20030000
                0x1fff0000                __base_SRAM_LOWER = 0x1fff0000
                0x1fff0000                __base_RAM2 = 0x1fff0000
                0x20000000                __top_SRAM_LOWER = 0x20000000
                0x20000000                __top_RAM2 = 0x20000000
                0x14000000                __base_FLEX_RAM = 0x14000000
                0x14000000                __base_RAM3 = 0x14000000
                0x14001000                __top_FLEX_RAM = 0x14001000
                0x14001000                __top_RAM3 = 0x14001000

.text           0x00000000     0x1420
 FILL mask 0xff
                0x00000000                __vectors_start__ = ABSOLUTE (.)
 *(SORT_BY_ALIGNMENT(.isr_vector))
 .isr_vector    0x00000000      0x198 ./SDK/startup/startup_mk64f12.o
                0x00000000                g_pfnVectors
                0x00000000                __Vectors
                0x00000198                . = ALIGN (0x4)
                0x00000198                __section_table_start = .
                0x00000198                __data_section_table = .
                0x00000198        0x4 LONG 0x1420 LOADADDR (.data)
                0x0000019c        0x4 LONG 0x20000000 ADDR (.data)
                0x000001a0        0x4 LONG 0x48 SIZEOF (.data)
                0x000001a4        0x4 LONG 0x1420 LOADADDR (.data_RAM2)
                0x000001a8        0x4 LONG 0x1fff0000 ADDR (.data_RAM2)
                0x000001ac        0x4 LONG 0x0 SIZEOF (.data_RAM2)
                0x000001b0        0x4 LONG 0x1420 LOADADDR (.data_RAM3)
                0x000001b4        0x4 LONG 0x14000000 ADDR (.data_RAM3)
                0x000001b8        0x4 LONG 0x0 SIZEOF (.data_RAM3)
                0x000001bc                __data_section_table_end = .
                0x000001bc                __bss_section_table = .
                0x000001bc        0x4 LONG 0x20000048 ADDR (.bss)
                0x000001c0        0x4 LONG 0x730 SIZEOF (.bss)
                0x000001c4        0x4 LONG 0x1fff0000 ADDR (.bss_RAM2)
                0x000001c8        0x4 LONG 0x0 SIZEOF (.bss_RAM2)
                0x000001cc        0x4 LONG 0x14000000 ADDR (.bss_RAM3)
                0x000001d0        0x4 LONG 0x0 SIZEOF (.bss_RAM3)
                0x000001d4                __bss_section_table_end = .
                0x000001d4                __section_table_end = .
 *(SORT_BY_ALIGNMENT(.after_vectors*))
 .after_vectors.reset
                0x000001d4       0x4c ./SDK/startup/startup_mk64f12.o
                0x000001d4                ResetISR
 .after_vectors
                0x00000220       0x14 ./SDK/startup/startup_mk64f12.o
                0x00000220                NMI_Handler
                0x00000224                MemManage_Handler
                0x00000226                BusFault_Handler
                0x00000228                UsageFault_Handler
                0x0000022a                SVC_Handler
                0x0000022c                DebugMon_Handler
                0x0000022e                PendSV_Handler
                0x00000232                DMA_Error_DriverIRQHandler
                0x00000232                LPTMR0_DriverIRQHandler
                0x00000232                FTM1_DriverIRQHandler
                0x00000232                FTM2_DriverIRQHandler
                0x00000232                PIT2_DriverIRQHandler
                0x00000232                SDHC_DriverIRQHandler
                0x00000232                I2S0_Tx_DriverIRQHandler
                0x00000232                RTC_Seconds_DriverIRQHandler
                0x00000232                DMA6_DriverIRQHandler
                0x00000232                LLWU_DriverIRQHandler
                0x00000232                MCM_DriverIRQHandler
                0x00000232                MCG_DriverIRQHandler
                0x00000232                ENET_1588_Timer_DriverIRQHandler
                0x00000232                I2C2_DriverIRQHandler
                0x00000232                DAC1_DriverIRQHandler
                0x00000232                SPI1_DriverIRQHandler
                0x00000232                CMP1_DriverIRQHandler
                0x00000232                UART5_RX_TX_DriverIRQHandler
                0x00000232                FTM0_DriverIRQHandler
                0x00000232                IntDefaultHandler
                0x00000232                USB0_DriverIRQHandler
                0x00000232                UART5_ERR_DriverIRQHandler
                0x00000232                PORTC_DriverIRQHandler
                0x00000232                DMA11_DriverIRQHandler
                0x00000232                DAC0_DriverIRQHandler
                0x00000232                DMA10_DriverIRQHandler
                0x00000232                CMP2_DriverIRQHandler
                0x00000232                UART2_ERR_DriverIRQHandler
                0x00000232                SPI2_DriverIRQHandler
                0x00000232                LVD_LVW_DriverIRQHandler
                0x00000232                PIT0_DriverIRQHandler
                0x00000232                RNG_DriverIRQHandler
                0x00000232                DMA5_DriverIRQHandler
                0x00000232                DMA12_DriverIRQHandler
                0x00000232                UART2_RX_TX_DriverIRQHandler
                0x00000232                USBDCD_DriverIRQHandler
                0x00000232                UART3_ERR_DriverIRQHandler
                0x00000232                DMA3_DriverIRQHandler
                0x00000232                DMA8_DriverIRQHandler
                0x00000232                DMA9_DriverIRQHandler
                0x00000232                UART0_ERR_DriverIRQHandler
                0x00000232                CMT_DriverIRQHandler
                0x00000232                Reserved71_DriverIRQHandler
                0x00000232                ADC1_DriverIRQHandler
                0x00000232                PORTA_DriverIRQHandler
                0x00000232                DMA14_DriverIRQHandler
                0x00000232                PIT3_DriverIRQHandler
                0x00000232                PIT1_DriverIRQHandler
                0x00000232                WDOG_EWM_DriverIRQHandler
                0x00000232                PDB0_DriverIRQHandler
                0x00000232                RTC_DriverIRQHandler
                0x00000232                I2S0_Rx_DriverIRQHandler
                0x00000232                Read_Collision_DriverIRQHandler
                0x00000232                SWI_DriverIRQHandler
                0x00000232                UART4_RX_TX_DriverIRQHandler
                0x00000232                UART4_ERR_DriverIRQHandler
                0x00000232                PORTB_DriverIRQHandler
                0x00000232                UART0_LON_DriverIRQHandler
                0x00000232                DMA0_DriverIRQHandler
                0x00000232                DMA1_DriverIRQHandler
                0x00000232                I2C1_DriverIRQHandler
                0x00000232                UART3_RX_TX_DriverIRQHandler
                0x00000232                ENET_Receive_DriverIRQHandler
                0x00000232                DMA13_DriverIRQHandler
                0x00000232                ENET_Error_DriverIRQHandler
                0x00000232                DMA15_DriverIRQHandler
                0x00000232                UART0_RX_TX_DriverIRQHandler
                0x00000232                SPI0_DriverIRQHandler
                0x00000232                ADC0_DriverIRQHandler
                0x00000232                CMP0_DriverIRQHandler
                0x00000232                CAN0_DriverIRQHandler
                0x00000232                FTM3_DriverIRQHandler
                0x00000232                DMA4_DriverIRQHandler
                0x00000232                UART1_ERR_DriverIRQHandler
                0x00000232                DMA2_DriverIRQHandler
                0x00000232                ENET_Transmit_DriverIRQHandler
                0x00000232                PORTD_DriverIRQHandler
                0x00000232                PORTE_DriverIRQHandler
                0x00000232                FTFE_DriverIRQHandler
                0x00000232                I2C0_DriverIRQHandler
                0x00000232                DMA7_DriverIRQHandler
                0x00000232                UART1_RX_TX_DriverIRQHandler
 .after_vectors.init_data
                0x00000234       0x1e ./SDK/startup/startup_mk64f12.o
                0x00000234                data_init
 .after_vectors.init_bss
                0x00000252       0x12 ./SDK/startup/startup_mk64f12.o
                0x00000252                bss_init
                0x00000400                . = 0x400
 *fill*         0x00000264      0x19c ff
                0x00000400                PROVIDE (__FLASH_CONFIG_START__, .)
 *(SORT_BY_ALIGNMENT(.FlashConfig))
 .FlashConfig   0x00000400       0x10 ./SDK/startup/startup_mk64f12.o
                0x00000400                Flash_Config
                0x00000410                PROVIDE (__FLASH_CONFIG_END__, .)
                0x00000001                ASSERT (! ((__FLASH_CONFIG_START__ == __FLASH_CONFIG_END__)), Linker Flash Config Support Enabled, but no .FlashConfig section provided within application)
 *(SORT_BY_ALIGNMENT(.text*))
 .text.FTMpwmCallback
                0x00000410       0x50 ./source/App.o
                0x00000410                FTMpwmCallback
 .text.App_Init
                0x00000460       0x74 ./source/App.o
                0x00000460                App_Init
 .text.writeDACvalue
                0x000004d4       0x58 ./source/DAC.o
                0x000004d4                writeDACvalue
 .text.DACclockGating
                0x0000052c       0x1c ./source/DAC.o
                0x0000052c                DACclockGating
 .text.DACinit  0x00000548       0x3c ./source/DAC.o
                0x00000548                DACinit
 .text.setFTMtimer
                0x00000584       0xa8 ./source/FTM.o
                0x00000584                setFTMtimer
 .text.FTMclockGating
                0x0000062c       0x38 ./source/FTM.o
                0x0000062c                FTMclockGating
 .text.updatePWMduty
                0x00000664       0x68 ./source/FTM.o
                0x00000664                updatePWMduty
 .text.getPWMduty
                0x000006cc       0x40 ./source/FTM.o
                0x000006cc                getPWMduty
 .text.enablePinFTM
                0x0000070c       0x34 ./source/FTM.o
                0x0000070c                enablePinFTM
 .text.updatePWMperiod
                0x00000740       0x80 ./source/FTM.o
                0x00000740                updatePWMperiod
 .text.FTMinit  0x000007c0      0x224 ./source/FTM.o
                0x000007c0                FTMinit
 .text.FTMx_IRQHandler
                0x000009e4       0x74 ./source/FTM.o
                0x000009e4                FTMx_IRQHandler
 .text.SysTick_Init
                0x00000a58       0x2c ./source/SysTick.o
                0x00000a58                SysTick_Init
 .text.SysTick_Handler
                0x00000a84       0x10 ./source/SysTick.o
                0x00000a84                SysTick_Handler
 .text.initResourcesController2pc
                0x00000a94       0x48 ./source/comController2pc.o
                0x00000a94                initResourcesController2pc
 .text.PORTX_IRQHandler
                0x00000adc       0x5c ./source/gpio.o
                0x00000adc                PORTX_IRQHandler
 .text.sysTickCallback
                0x00000b38       0x34 ./source/timer.o
                0x00000b38                sysTickCallback
 .text.InitializeTimers
                0x00000b6c       0x40 ./source/timer.o
                0x00000b6c                InitializeTimers
 .text.UARTX_RX_TX_IRQHandler
                0x00000bac      0x118 ./source/uart.o
                0x00000bac                UARTX_RX_TX_IRQHandler
 .text.UART_setBaudRate
                0x00000cc4       0x68 ./source/uart.o
                0x00000cc4                UART_setBaudRate
 .text.UART_clockGating
                0x00000d2c       0x64 ./source/uart.o
                0x00000d2c                UART_clockGating
 .text.uartInit
                0x00000d90      0x1a4 ./source/uart.o
                0x00000d90                uartInit
 .text.hw_Init  0x00000f34       0xc0 ./SDK/startup/hardware.o
                0x00000f34                hw_Init
 .text.hw_EnableInterrupts
                0x00000ff4       0x18 ./SDK/startup/hardware.o
                0x00000ff4                hw_EnableInterrupts
 .text.hw_DisableInterrupts
                0x0000100c       0x10 ./SDK/startup/hardware.o
                0x0000100c                hw_DisableInterrupts
 .text.SystemInit
                0x0000101c       0x34 ./SDK/CMSIS/system_MK64F12.o
                0x0000101c                SystemInit
 .text.App_Run  0x00001050        0x2 ./source/App.o
                0x00001050                App_Run
 .text.setFTMprescaler
                0x00001052       0x14 ./source/FTM.o
                0x00001052                setFTMprescaler
 .text.getPrescalerFactor
                0x00001066       0x38 ./source/FTM.o
                0x00001066                getPrescalerFactor
 .text.FTM0_IRQHandler
                0x0000109e        0xa ./source/FTM.o
                0x0000109e                FTM0_IRQHandler
 .text.FTM1_IRQHandler
                0x000010a8        0xa ./source/FTM.o
                0x000010a8                FTM1_IRQHandler
 .text.FTM2_IRQHandler
                0x000010b2        0xa ./source/FTM.o
                0x000010b2                FTM2_IRQHandler
 .text.PORTA_IRQHandler
                0x000010bc        0xa ./source/gpio.o
                0x000010bc                PORTA_IRQHandler
 .text.PORTB_IRQHandler
                0x000010c6        0xa ./source/gpio.o
                0x000010c6                PORTB_IRQHandler
 .text.PORTC_IRQHandler
                0x000010d0        0xa ./source/gpio.o
                0x000010d0                PORTC_IRQHandler
 .text.PORTD_IRQHandler
                0x000010da        0xa ./source/gpio.o
                0x000010da                PORTD_IRQHandler
 .text.PORTE_IRQHandler
                0x000010e4        0xa ./source/gpio.o
                0x000010e4                PORTE_IRQHandler
 .text.setPCRmux
                0x000010ee       0x16 ./source/gpio.o
                0x000010ee                setPCRmux
 .text.setPCRirqc
                0x00001104       0x16 ./source/gpio.o
                0x00001104                setPCRirqc
 .text.UART0_LON_IRQHandler
                0x0000111a        0x2 ./source/uart.o
                0x0000111a                UART0_LON_IRQHandler
 .text.UART0_RX_TX_IRQHandler
                0x0000111c        0xa ./source/uart.o
                0x0000111c                UART0_RX_TX_IRQHandler
 .text.UART0_ERR_IRQHandler
                0x00001126        0x2 ./source/uart.o
                0x00001126                UART0_ERR_IRQHandler
 .text.UART1_RX_TX_IRQHandler
                0x00001128        0xa ./source/uart.o
                0x00001128                UART1_RX_TX_IRQHandler
 .text.UART1_ERR_IRQHandler
                0x00001132        0x2 ./source/uart.o
                0x00001132                UART1_ERR_IRQHandler
 .text.UART2_RX_TX_IRQHandler
                0x00001134        0xa ./source/uart.o
                0x00001134                UART2_RX_TX_IRQHandler
 .text.UART2_ERR_IRQHandler
                0x0000113e        0x2 ./source/uart.o
                0x0000113e                UART2_ERR_IRQHandler
 .text.UART3_RX_TX_IRQHandler
                0x00001140        0xa ./source/uart.o
                0x00001140                UART3_RX_TX_IRQHandler
 .text.UART3_ERR_IRQHandler
                0x0000114a        0x2 ./source/uart.o
                0x0000114a                UART3_ERR_IRQHandler
 .text.UART4_RX_TX_IRQHandler
                0x0000114c        0xa ./source/uart.o
                0x0000114c                UART4_RX_TX_IRQHandler
 .text.UART4_ERR_IRQHandler
                0x00001156        0x2 ./source/uart.o
                0x00001156                UART4_ERR_IRQHandler
 .text.main     0x00001158       0x18 ./SDK/startup/main.o
                0x00001158                main
 .text.HardFault_Handler
                0x00001170       0x2a ./SDK/startup/semihost_hardfault.o
                0x00001170                HardFault_Handler
 .text.DMA0_IRQHandler
                0x0000119a        0x8 ./SDK/startup/startup_mk64f12.o
                0x0000119a                DMA0_IRQHandler
 .text.DMA1_IRQHandler
                0x000011a2        0x8 ./SDK/startup/startup_mk64f12.o
                0x000011a2                DMA1_IRQHandler
 .text.DMA2_IRQHandler
                0x000011aa        0x8 ./SDK/startup/startup_mk64f12.o
                0x000011aa                DMA2_IRQHandler
 .text.DMA3_IRQHandler
                0x000011b2        0x8 ./SDK/startup/startup_mk64f12.o
                0x000011b2                DMA3_IRQHandler
 .text.DMA4_IRQHandler
                0x000011ba        0x8 ./SDK/startup/startup_mk64f12.o
                0x000011ba                DMA4_IRQHandler
 .text.DMA5_IRQHandler
                0x000011c2        0x8 ./SDK/startup/startup_mk64f12.o
                0x000011c2                DMA5_IRQHandler
 .text.DMA6_IRQHandler
                0x000011ca        0x8 ./SDK/startup/startup_mk64f12.o
                0x000011ca                DMA6_IRQHandler
 .text.DMA7_IRQHandler
                0x000011d2        0x8 ./SDK/startup/startup_mk64f12.o
                0x000011d2                DMA7_IRQHandler
 .text.DMA8_IRQHandler
                0x000011da        0x8 ./SDK/startup/startup_mk64f12.o
                0x000011da                DMA8_IRQHandler
 .text.DMA9_IRQHandler
                0x000011e2        0x8 ./SDK/startup/startup_mk64f12.o
                0x000011e2                DMA9_IRQHandler
 .text.DMA10_IRQHandler
                0x000011ea        0x8 ./SDK/startup/startup_mk64f12.o
                0x000011ea                DMA10_IRQHandler
 .text.DMA11_IRQHandler
                0x000011f2        0x8 ./SDK/startup/startup_mk64f12.o
                0x000011f2                DMA11_IRQHandler
 .text.DMA12_IRQHandler
                0x000011fa        0x8 ./SDK/startup/startup_mk64f12.o
                0x000011fa                DMA12_IRQHandler
 .text.DMA13_IRQHandler
                0x00001202        0x8 ./SDK/startup/startup_mk64f12.o
                0x00001202                DMA13_IRQHandler
 .text.DMA14_IRQHandler
                0x0000120a        0x8 ./SDK/startup/startup_mk64f12.o
                0x0000120a                DMA14_IRQHandler
 .text.DMA15_IRQHandler
                0x00001212        0x8 ./SDK/startup/startup_mk64f12.o
                0x00001212                DMA15_IRQHandler
 .text.DMA_Error_IRQHandler
                0x0000121a        0x8 ./SDK/startup/startup_mk64f12.o
                0x0000121a                DMA_Error_IRQHandler
 .text.MCM_IRQHandler
                0x00001222        0x8 ./SDK/startup/startup_mk64f12.o
                0x00001222                MCM_IRQHandler
 .text.FTFE_IRQHandler
                0x0000122a        0x8 ./SDK/startup/startup_mk64f12.o
                0x0000122a                FTFE_IRQHandler
 .text.Read_Collision_IRQHandler
                0x00001232        0x8 ./SDK/startup/startup_mk64f12.o
                0x00001232                Read_Collision_IRQHandler
 .text.LVD_LVW_IRQHandler
                0x0000123a        0x8 ./SDK/startup/startup_mk64f12.o
                0x0000123a                LVD_LVW_IRQHandler
 .text.LLWU_IRQHandler
                0x00001242        0x8 ./SDK/startup/startup_mk64f12.o
                0x00001242                LLWU_IRQHandler
 .text.WDOG_EWM_IRQHandler
                0x0000124a        0x8 ./SDK/startup/startup_mk64f12.o
                0x0000124a                WDOG_EWM_IRQHandler
 .text.RNG_IRQHandler
                0x00001252        0x8 ./SDK/startup/startup_mk64f12.o
                0x00001252                RNG_IRQHandler
 .text.I2C0_IRQHandler
                0x0000125a        0x8 ./SDK/startup/startup_mk64f12.o
                0x0000125a                I2C0_IRQHandler
 .text.I2C1_IRQHandler
                0x00001262        0x8 ./SDK/startup/startup_mk64f12.o
                0x00001262                I2C1_IRQHandler
 .text.SPI0_IRQHandler
                0x0000126a        0x8 ./SDK/startup/startup_mk64f12.o
                0x0000126a                SPI0_IRQHandler
 .text.SPI1_IRQHandler
                0x00001272        0x8 ./SDK/startup/startup_mk64f12.o
                0x00001272                SPI1_IRQHandler
 .text.I2S0_Tx_IRQHandler
                0x0000127a        0x8 ./SDK/startup/startup_mk64f12.o
                0x0000127a                I2S0_Tx_IRQHandler
 .text.I2S0_Rx_IRQHandler
                0x00001282        0x8 ./SDK/startup/startup_mk64f12.o
                0x00001282                I2S0_Rx_IRQHandler
 .text.ADC0_IRQHandler
                0x0000128a        0x8 ./SDK/startup/startup_mk64f12.o
                0x0000128a                ADC0_IRQHandler
 .text.CMP0_IRQHandler
                0x00001292        0x8 ./SDK/startup/startup_mk64f12.o
                0x00001292                CMP0_IRQHandler
 .text.CMP1_IRQHandler
                0x0000129a        0x8 ./SDK/startup/startup_mk64f12.o
                0x0000129a                CMP1_IRQHandler
 .text.CMT_IRQHandler
                0x000012a2        0x8 ./SDK/startup/startup_mk64f12.o
                0x000012a2                CMT_IRQHandler
 .text.RTC_IRQHandler
                0x000012aa        0x8 ./SDK/startup/startup_mk64f12.o
                0x000012aa                RTC_IRQHandler
 .text.RTC_Seconds_IRQHandler
                0x000012b2        0x8 ./SDK/startup/startup_mk64f12.o
                0x000012b2                RTC_Seconds_IRQHandler
 .text.PIT0_IRQHandler
                0x000012ba        0x8 ./SDK/startup/startup_mk64f12.o
                0x000012ba                PIT0_IRQHandler
 .text.PIT1_IRQHandler
                0x000012c2        0x8 ./SDK/startup/startup_mk64f12.o
                0x000012c2                PIT1_IRQHandler
 .text.PIT2_IRQHandler
                0x000012ca        0x8 ./SDK/startup/startup_mk64f12.o
                0x000012ca                PIT2_IRQHandler
 .text.PIT3_IRQHandler
                0x000012d2        0x8 ./SDK/startup/startup_mk64f12.o
                0x000012d2                PIT3_IRQHandler
 .text.PDB0_IRQHandler
                0x000012da        0x8 ./SDK/startup/startup_mk64f12.o
                0x000012da                PDB0_IRQHandler
 .text.USB0_IRQHandler
                0x000012e2        0x8 ./SDK/startup/startup_mk64f12.o
                0x000012e2                USB0_IRQHandler
 .text.USBDCD_IRQHandler
                0x000012ea        0x8 ./SDK/startup/startup_mk64f12.o
                0x000012ea                USBDCD_IRQHandler
 .text.Reserved71_IRQHandler
                0x000012f2        0x8 ./SDK/startup/startup_mk64f12.o
                0x000012f2                Reserved71_IRQHandler
 .text.DAC0_IRQHandler
                0x000012fa        0x8 ./SDK/startup/startup_mk64f12.o
                0x000012fa                DAC0_IRQHandler
 .text.MCG_IRQHandler
                0x00001302        0x8 ./SDK/startup/startup_mk64f12.o
                0x00001302                MCG_IRQHandler
 .text.LPTMR0_IRQHandler
                0x0000130a        0x8 ./SDK/startup/startup_mk64f12.o
                0x0000130a                LPTMR0_IRQHandler
 .text.SWI_IRQHandler
                0x00001312        0x8 ./SDK/startup/startup_mk64f12.o
                0x00001312                SWI_IRQHandler
 .text.SPI2_IRQHandler
                0x0000131a        0x8 ./SDK/startup/startup_mk64f12.o
                0x0000131a                SPI2_IRQHandler
 .text.UART5_RX_TX_IRQHandler
                0x00001322        0x8 ./SDK/startup/startup_mk64f12.o
                0x00001322                UART5_RX_TX_IRQHandler
 .text.UART5_ERR_IRQHandler
                0x0000132a        0x8 ./SDK/startup/startup_mk64f12.o
                0x0000132a                UART5_ERR_IRQHandler
 .text.CMP2_IRQHandler
                0x00001332        0x8 ./SDK/startup/startup_mk64f12.o
                0x00001332                CMP2_IRQHandler
 .text.FTM3_IRQHandler
                0x0000133a        0x8 ./SDK/startup/startup_mk64f12.o
                0x0000133a                FTM3_IRQHandler
 .text.DAC1_IRQHandler
                0x00001342        0x8 ./SDK/startup/startup_mk64f12.o
                0x00001342                DAC1_IRQHandler
 .text.ADC1_IRQHandler
                0x0000134a        0x8 ./SDK/startup/startup_mk64f12.o
                0x0000134a                ADC1_IRQHandler
 .text.I2C2_IRQHandler
                0x00001352        0x8 ./SDK/startup/startup_mk64f12.o
                0x00001352                I2C2_IRQHandler
 .text.CAN0_ORed_Message_buffer_IRQHandler
                0x0000135a        0x8 ./SDK/startup/startup_mk64f12.o
                0x0000135a                CAN0_ORed_Message_buffer_IRQHandler
 .text.CAN0_Bus_Off_IRQHandler
                0x00001362        0x8 ./SDK/startup/startup_mk64f12.o
                0x00001362                CAN0_Bus_Off_IRQHandler
 .text.CAN0_Error_IRQHandler
                0x0000136a        0x8 ./SDK/startup/startup_mk64f12.o
                0x0000136a                CAN0_Error_IRQHandler
 .text.CAN0_Tx_Warning_IRQHandler
                0x00001372        0x8 ./SDK/startup/startup_mk64f12.o
                0x00001372                CAN0_Tx_Warning_IRQHandler
 .text.CAN0_Rx_Warning_IRQHandler
                0x0000137a        0x8 ./SDK/startup/startup_mk64f12.o
                0x0000137a                CAN0_Rx_Warning_IRQHandler
 .text.CAN0_Wake_Up_IRQHandler
                0x00001382        0x8 ./SDK/startup/startup_mk64f12.o
                0x00001382                CAN0_Wake_Up_IRQHandler
 .text.SDHC_IRQHandler
                0x0000138a        0x8 ./SDK/startup/startup_mk64f12.o
                0x0000138a                SDHC_IRQHandler
 .text.ENET_1588_Timer_IRQHandler
                0x00001392        0x8 ./SDK/startup/startup_mk64f12.o
                0x00001392                ENET_1588_Timer_IRQHandler
 .text.ENET_Transmit_IRQHandler
                0x0000139a        0x8 ./SDK/startup/startup_mk64f12.o
                0x0000139a                ENET_Transmit_IRQHandler
 .text.ENET_Receive_IRQHandler
                0x000013a2        0x8 ./SDK/startup/startup_mk64f12.o
                0x000013a2                ENET_Receive_IRQHandler
 .text.ENET_Error_IRQHandler
                0x000013aa        0x8 ./SDK/startup/startup_mk64f12.o
                0x000013aa                ENET_Error_IRQHandler
 .text.SystemInitHook
                0x000013b2        0x2 ./SDK/CMSIS/system_MK64F12.o
                0x000013b2                SystemInitHook
 *(SORT_BY_ALIGNMENT(.rodata) SORT_BY_ALIGNMENT(.rodata.*) SORT_BY_ALIGNMENT(.constdata) SORT_BY_ALIGNMENT(.constdata.*))
 .rodata        0x000013b4       0x2d ./source/gpio.o
 *fill*         0x000013e1        0x3 ff
 .rodata        0x000013e4       0x2c ./source/uart.o
 .rodata.uartRXpins
                0x00001410        0x5 ./source/uart.o
 *fill*         0x00001415        0x3 ff
 .rodata.uartTXpins
                0x00001418        0x5 ./source/uart.o
                0x00001420                . = ALIGN (0x8)
 *fill*         0x0000141d        0x3 ff

.glue_7         0x00001420        0x0
 .glue_7        0x00001420        0x0 linker stubs

.glue_7t        0x00001420        0x0
 .glue_7t       0x00001420        0x0 linker stubs

.vfp11_veneer   0x00001420        0x0
 .vfp11_veneer  0x00001420        0x0 linker stubs

.v4_bx          0x00001420        0x0
 .v4_bx         0x00001420        0x0 linker stubs

.iplt           0x00001420        0x0
 .iplt          0x00001420        0x0 ./source/App.o

.rel.dyn        0x00001420        0x0
 .rel.iplt      0x00001420        0x0 ./source/App.o

.ARM.extab
 *(SORT_BY_ALIGNMENT(.ARM.extab*) SORT_BY_ALIGNMENT(.gnu.linkonce.armextab.*))
                0x00001420                __exidx_start = .

.ARM.exidx
 *(SORT_BY_ALIGNMENT(.ARM.exidx*) SORT_BY_ALIGNMENT(.gnu.linkonce.armexidx.*))
                0x00001420                __exidx_end = .
                0x00001420                _etext = .

.m_usb_data
 *(SORT_BY_ALIGNMENT(m_usb_bdt))

.data_RAM2      0x1fff0000        0x0 load address 0x00001420
 FILL mask 0xff
                [!provide]                PROVIDE (__start_data_RAM2, .)
 *(SORT_BY_ALIGNMENT(.ramfunc.$RAM2))
 *(SORT_BY_ALIGNMENT(.ramfunc.$SRAM_LOWER))
 *(SORT_BY_ALIGNMENT(.data.$RAM2*))
 *(SORT_BY_ALIGNMENT(.data.$SRAM_LOWER*))
                0x1fff0000                . = ALIGN (0x8)
                [!provide]                PROVIDE (__end_data_RAM2, .)

.data_RAM3      0x14000000        0x0 load address 0x00001420
 FILL mask 0xff
                [!provide]                PROVIDE (__start_data_RAM3, .)
 *(SORT_BY_ALIGNMENT(.ramfunc.$RAM3))
 *(SORT_BY_ALIGNMENT(.ramfunc.$FLEX_RAM))
 *(SORT_BY_ALIGNMENT(.data.$RAM3*))
 *(SORT_BY_ALIGNMENT(.data.$FLEX_RAM*))
                0x14000000                . = ALIGN (0x8)
                [!provide]                PROVIDE (__end_data_RAM3, .)

.uninit_RESERVED
                0x20000000        0x0
 *(SORT_BY_ALIGNMENT(.bss.$RESERVED*))
                0x20000000                . = ALIGN (0x4)
                0x20000000                _end_uninit_RESERVED = .

.data           0x20000000       0x48 load address 0x00001420
 FILL mask 0xff
                0x20000000                _data = .
 *(SORT_BY_ALIGNMENT(vtable))
 *(SORT_BY_ALIGNMENT(.ramfunc*))
 *(SORT_BY_ALIGNMENT(.data*))
 .data.arrayP2DAC
                0x20000000        0x8 ./source/DAC.o
                0x20000000                arrayP2DAC
 .data.arrayFTMirqs
                0x20000008        0x4 ./source/FTM.o
                0x20000008                arrayFTMirqs
 .data.arrayP2FTM
                0x2000000c       0x10 ./source/FTM.o
                0x2000000c                arrayP2FTM
 .data.markersRXbuffer
                0x2000001c       0x14 ./source/uart.o
 .data.uartIRQs_ERR
                0x20000030        0x6 ./source/uart.o
                0x20000030                uartIRQs_ERR
 *fill*         0x20000036        0x2 ff
 .data.uartIRQs_LON
                0x20000038        0x6 ./source/uart.o
                0x20000038                uartIRQs_LON
 *fill*         0x2000003e        0x2 ff
 .data.uartIRQs_TX_RX
                0x20000040        0x6 ./source/uart.o
                0x20000040                uartIRQs_TX_RX
                0x20000048                . = ALIGN (0x8)
 *fill*         0x20000046        0x2 ff
                0x20000048                _edata = .

.igot.plt       0x20000048        0x0 load address 0x00001468
 .igot.plt      0x20000048        0x0 ./source/App.o

.bss_RAM2       0x1fff0000        0x0
                [!provide]                PROVIDE (__start_bss_RAM2, .)
 *(SORT_BY_ALIGNMENT(.bss.$RAM2*))
 *(SORT_BY_ALIGNMENT(.bss.$SRAM_LOWER*))
                0x1fff0000                . = ALIGN ((. != 0x0)?0x8:0x1)
                [!provide]                PROVIDE (__end_bss_RAM2, .)

.bss_RAM3       0x14000000        0x0
                [!provide]                PROVIDE (__start_bss_RAM3, .)
 *(SORT_BY_ALIGNMENT(.bss.$RAM3*))
 *(SORT_BY_ALIGNMENT(.bss.$FLEX_RAM*))
                0x14000000                . = ALIGN ((. != 0x0)?0x8:0x1)
                [!provide]                PROVIDE (__end_bss_RAM3, .)

.bss            0x20000048      0x730
                0x20000048                _bss = .
 *(SORT_BY_ALIGNMENT(.bss*))
 .bss.counter.7687
                0x20000048        0x4 ./source/App.o
 .bss.arrayFTMcallbacks
                0x2000004c       0x10 ./source/FTM.o
                0x2000004c                arrayFTMcallbacks
 .bss.sysTickFun
                0x2000005c        0x4 ./source/SysTick.o
                0x2000005c                sysTickFun
 .bss.cantCharsInPackage
                0x20000060        0x4 ./source/comController2pc.o
                0x20000060                cantCharsInPackage
 .bss.errorsCounter
                0x20000064        0x4 ./source/comController2pc.o
                0x20000064                errorsCounter
 .bss.p2irqFunctions
                0x20000068      0x280 ./source/gpio.o
                0x20000068                p2irqFunctions
 .bss.timers    0x200002e8       0x50 ./source/timer.o
 .bss.RXbuffers
                0x20000338       0x28 ./source/uart.o
 .bss.TXbuffers
                0x20000360      0x3e8 ./source/uart.o
 .bss.countersRXfailed
                0x20000748        0x5 ./source/uart.o
 *fill*         0x2000074d        0x3 
 .bss.flagsReading
                0x20000750        0x5 ./source/uart.o
 *fill*         0x20000755        0x3 
 .bss.lensTXbuffer
                0x20000758        0x5 ./source/uart.o
 *fill*         0x2000075d        0x3 
 .bss.outMarkersTXbuffer
                0x20000760        0x5 ./source/uart.o
 *fill*         0x20000765        0x3 
 .bss.uartMode  0x20000768        0x5 ./source/uart.o
 *fill*         0x2000076d        0x3 
 .bss.__LDM_interruptDisableCount
                0x20000770        0x4 ./SDK/startup/hardware.o
 .bss.initialized
                0x20000774        0x1 ./source/timer.o
 *(SORT_BY_ALIGNMENT(COMMON))
                0x20000778                . = ALIGN (0x8)
 *fill*         0x20000775        0x3 
                0x20000778                _ebss = .
                [!provide]                PROVIDE (end, .)

.noinit_RAM2    0x1fff0000        0x0
 *(SORT_BY_ALIGNMENT(.noinit.$RAM2*))
 *(SORT_BY_ALIGNMENT(.noinit.$SRAM_LOWER*))
                0x1fff0000                . = ALIGN (0x8)

.noinit_RAM3    0x14000000        0x0
 *(SORT_BY_ALIGNMENT(.noinit.$RAM3*))
 *(SORT_BY_ALIGNMENT(.noinit.$FLEX_RAM*))
                0x14000000                . = ALIGN (0x8)

.noinit         0x20000778        0x0
                0x20000778                _noinit = .
 *(SORT_BY_ALIGNMENT(.noinit*))
                0x20000778                . = ALIGN (0x8)
                0x20000778                _end_noinit = .
                0x00001000                _HeapSize = 0x1000

.heap           0x20000778     0x1000
                0x20000778                _pvHeapStart = .
                0x20001778                . = (. + _HeapSize)
 *fill*         0x20000778     0x1000 
                0x20001778                . = ALIGN (0x8)
                0x20001778                _pvHeapLimit = .
                0x00001000                _StackSize = 0x1000

.heap2stackfill
                0x20001778     0x1000
                0x20002778                . = (. + _StackSize)
 *fill*         0x20001778     0x1000 

.stack          0x2002f000        0x0
                0x2002f000                _vStackBase = .
                0x2002f000                . = ALIGN (0x8)
                0x20030000                _vStackTop = (. + _StackSize)
                0x00000000                _image_start = LOADADDR (.text)
                0x00001468                _image_end = (LOADADDR (.data) + SIZEOF (.data))
                0x00001468                _image_size = (_image_end - _image_start)
OUTPUT(FTMprueba.axf elf32-littlearm)

.debug_info     0x00000000     0x6ba3
 .debug_info    0x00000000      0xedd ./source/App.o
 .debug_info    0x00000edd      0x426 ./source/DAC.o
 .debug_info    0x00001303     0x1164 ./source/FTM.o
 .debug_info    0x00002467      0x518 ./source/SysTick.o
 .debug_info    0x0000297f      0x3a4 ./source/comController2pc.o
 .debug_info    0x00002d23      0xf57 ./source/gpio.o
 .debug_info    0x00003c7a      0x27a ./source/timer.o
 .debug_info    0x00003ef4     0x1266 ./source/uart.o
 .debug_info    0x0000515a      0x675 ./SDK/startup/hardware.o
 .debug_info    0x000057cf      0x120 ./SDK/startup/main.o
 .debug_info    0x000058ef       0x3b ./SDK/startup/semihost_hardfault.o
 .debug_info    0x0000592a      0xc71 ./SDK/startup/startup_mk64f12.o
 .debug_info    0x0000659b      0x608 ./SDK/CMSIS/system_MK64F12.o

.debug_abbrev   0x00000000     0x171a
 .debug_abbrev  0x00000000      0x2da ./source/App.o
 .debug_abbrev  0x000002da      0x1af ./source/DAC.o
 .debug_abbrev  0x00000489      0x371 ./source/FTM.o
 .debug_abbrev  0x000007fa      0x19c ./source/SysTick.o
 .debug_abbrev  0x00000996      0x166 ./source/comController2pc.o
 .debug_abbrev  0x00000afc      0x305 ./source/gpio.o
 .debug_abbrev  0x00000e01      0x140 ./source/timer.o
 .debug_abbrev  0x00000f41      0x352 ./source/uart.o
 .debug_abbrev  0x00001293      0x138 ./SDK/startup/hardware.o
 .debug_abbrev  0x000013cb       0x9b ./SDK/startup/main.o
 .debug_abbrev  0x00001466       0x2f ./SDK/startup/semihost_hardfault.o
 .debug_abbrev  0x00001495      0x13b ./SDK/startup/startup_mk64f12.o
 .debug_abbrev  0x000015d0      0x14a ./SDK/CMSIS/system_MK64F12.o

.debug_loc      0x00000000     0x1c57
 .debug_loc     0x00000000       0xf1 ./source/App.o
 .debug_loc     0x000000f1       0xaf ./source/DAC.o
 .debug_loc     0x000001a0      0x8e1 ./source/FTM.o
 .debug_loc     0x00000a81       0x6b ./source/SysTick.o
 .debug_loc     0x00000aec      0x118 ./source/comController2pc.o
 .debug_loc     0x00000c04      0x605 ./source/gpio.o
 .debug_loc     0x00001209      0x13b ./source/timer.o
 .debug_loc     0x00001344      0x683 ./source/uart.o
 .debug_loc     0x000019c7      0x1e7 ./SDK/startup/startup_mk64f12.o
 .debug_loc     0x00001bae       0xa9 ./SDK/CMSIS/system_MK64F12.o

.debug_aranges  0x00000000      0x758
 .debug_aranges
                0x00000000       0x48 ./source/App.o
 .debug_aranges
                0x00000048       0x30 ./source/DAC.o
 .debug_aranges
                0x00000078       0xb0 ./source/FTM.o
 .debug_aranges
                0x00000128       0x28 ./source/SysTick.o
 .debug_aranges
                0x00000150       0x38 ./source/comController2pc.o
 .debug_aranges
                0x00000188       0xc0 ./source/gpio.o
 .debug_aranges
                0x00000248       0x50 ./source/timer.o
 .debug_aranges
                0x00000298       0xf0 ./source/uart.o
 .debug_aranges
                0x00000388       0x30 ./SDK/startup/hardware.o
 .debug_aranges
                0x000003b8       0x20 ./SDK/startup/main.o
 .debug_aranges
                0x000003d8       0x20 ./SDK/startup/semihost_hardfault.o
 .debug_aranges
                0x000003f8      0x330 ./SDK/startup/startup_mk64f12.o
 .debug_aranges
                0x00000728       0x30 ./SDK/CMSIS/system_MK64F12.o

.debug_ranges   0x00000000      0x688
 .debug_ranges  0x00000000       0x38 ./source/App.o
 .debug_ranges  0x00000038       0x20 ./source/DAC.o
 .debug_ranges  0x00000058       0xa0 ./source/FTM.o
 .debug_ranges  0x000000f8       0x18 ./source/SysTick.o
 .debug_ranges  0x00000110       0x28 ./source/comController2pc.o
 .debug_ranges  0x00000138       0xb0 ./source/gpio.o
 .debug_ranges  0x000001e8       0x40 ./source/timer.o
 .debug_ranges  0x00000228       0xe0 ./source/uart.o
 .debug_ranges  0x00000308       0x20 ./SDK/startup/hardware.o
 .debug_ranges  0x00000328       0x10 ./SDK/startup/main.o
 .debug_ranges  0x00000338       0x10 ./SDK/startup/semihost_hardfault.o
 .debug_ranges  0x00000348      0x320 ./SDK/startup/startup_mk64f12.o
 .debug_ranges  0x00000668       0x20 ./SDK/CMSIS/system_MK64F12.o

.debug_macro    0x00000000    0x11ba4
 .debug_macro   0x00000000      0x16f ./source/App.o
 .debug_macro   0x0000016f       0x1c ./source/App.o
 .debug_macro   0x0000018b       0x1c ./source/App.o
 .debug_macro   0x000001a7       0x22 ./source/App.o
 .debug_macro   0x000001c9      0x34e ./source/App.o
 .debug_macro   0x00000517       0x22 ./source/App.o
 .debug_macro   0x00000539       0x52 ./source/App.o
 .debug_macro   0x0000058b       0x17 ./source/App.o
 .debug_macro   0x000005a2       0x8d ./source/App.o
 .debug_macro   0x0000062f       0x35 ./source/App.o
 .debug_macro   0x00000664       0x9c ./source/App.o
 .debug_macro   0x00000700      0x174 ./source/App.o
 .debug_macro   0x00000874       0x57 ./source/App.o
 .debug_macro   0x000008cb       0x58 ./source/App.o
 .debug_macro   0x00000923       0x1f ./source/App.o
 .debug_macro   0x00000942       0x43 ./source/App.o
 .debug_macro   0x00000985       0x20 ./source/App.o
 .debug_macro   0x000009a5      0x18e ./source/App.o
 .debug_macro   0x00000b33      0x330 ./source/App.o
 .debug_macro   0x00000e63      0x1e1 ./source/App.o
 .debug_macro   0x00001044       0x5c ./source/App.o
 .debug_macro   0x000010a0       0x1c ./source/App.o
 .debug_macro   0x000010bc       0x22 ./source/App.o
 .debug_macro   0x000010de       0xd9 ./source/App.o
 .debug_macro   0x000011b7      0xecf ./source/App.o
 .debug_macro   0x00002086       0x48 ./source/App.o
 .debug_macro   0x000020ce     0xe07b ./source/App.o
 .debug_macro   0x00010149       0x3a ./source/App.o
 .debug_macro   0x00010183       0x22 ./source/App.o
 .debug_macro   0x000101a5       0x95 ./source/DAC.o
 .debug_macro   0x0001023a       0xdf ./source/DAC.o
 .debug_macro   0x00010319       0xad ./source/FTM.o
 .debug_macro   0x000103c6       0x96 ./source/SysTick.o
 .debug_macro   0x0001045c       0x61 ./source/comController2pc.o
 .debug_macro   0x000104bd       0x46 ./source/comController2pc.o
 .debug_macro   0x00010503       0xa4 ./source/gpio.o
 .debug_macro   0x000105a7       0x58 ./source/timer.o
 .debug_macro   0x000105ff       0x10 ./source/timer.o
 .debug_macro   0x0001060f      0x118 ./source/uart.o
 .debug_macro   0x00010727       0x40 ./source/uart.o
 .debug_macro   0x00010767       0x10 ./source/uart.o
 .debug_macro   0x00010777     0x122b ./source/uart.o
 .debug_macro   0x000119a2       0x16 ./source/uart.o
 .debug_macro   0x000119b8       0x9c ./SDK/startup/hardware.o
 .debug_macro   0x00011a54       0x9c ./SDK/startup/main.o
 .debug_macro   0x00011af0       0x11 ./SDK/startup/semihost_hardfault.o
 .debug_macro   0x00011b01       0x23 ./SDK/startup/startup_mk64f12.o
 .debug_macro   0x00011b24       0x80 ./SDK/CMSIS/system_MK64F12.o

.debug_line     0x00000000     0x214d
 .debug_line    0x00000000      0x379 ./source/App.o
 .debug_line    0x00000379      0x16c ./source/DAC.o
 .debug_line    0x000004e5      0x3b8 ./source/FTM.o
 .debug_line    0x0000089d      0x163 ./source/SysTick.o
 .debug_line    0x00000a00      0x173 ./source/comController2pc.o
 .debug_line    0x00000b73      0x313 ./source/gpio.o
 .debug_line    0x00000e86      0x178 ./source/timer.o
 .debug_line    0x00000ffe      0x510 ./source/uart.o
 .debug_line    0x0000150e      0x1cb ./SDK/startup/hardware.o
 .debug_line    0x000016d9      0x175 ./SDK/startup/main.o
 .debug_line    0x0000184e       0x55 ./SDK/startup/semihost_hardfault.o
 .debug_line    0x000018a3      0x6d8 ./SDK/startup/startup_mk64f12.o
 .debug_line    0x00001f7b      0x1d2 ./SDK/CMSIS/system_MK64F12.o

.debug_str      0x00000000    0x7cc6e
 .debug_str     0x00000000    0x742a0 ./source/App.o
                              0x74568 (size before relaxing)
 .debug_str     0x000742a0      0x170 ./source/DAC.o
                              0x7071f (size before relaxing)
 .debug_str     0x00074410      0x83e ./source/FTM.o
                              0x71143 (size before relaxing)
 .debug_str     0x00074c4e       0xab ./source/SysTick.o
                              0x70db4 (size before relaxing)
 .debug_str     0x00074cf9      0x2a3 ./source/comController2pc.o
                               0x3b4f (size before relaxing)
 .debug_str     0x00074f9c      0x2c9 ./source/gpio.o
                              0x70e68 (size before relaxing)
 .debug_str     0x00075265      0x175 ./source/timer.o
                               0x39df (size before relaxing)
 .debug_str     0x000753da     0x6fcd ./source/uart.o
                              0x77d12 (size before relaxing)
 .debug_str     0x0007c3a7      0x16f ./SDK/startup/hardware.o
                              0x771fd (size before relaxing)
 .debug_str     0x0007c516       0x1b ./SDK/startup/main.o
                              0x77013 (size before relaxing)
 .debug_str     0x0007c531       0x36 ./SDK/startup/semihost_hardfault.o
                               0x2d37 (size before relaxing)
 .debug_str     0x0007c567      0x6b0 ./SDK/startup/startup_mk64f12.o
                               0x35a6 (size before relaxing)
 .debug_str     0x0007cc17       0x57 ./SDK/CMSIS/system_MK64F12.o
                              0x7710c (size before relaxing)

.comment        0x00000000       0x7e
 .comment       0x00000000       0x7e ./source/App.o
                                 0x7f (size before relaxing)
 .comment       0x0000007e       0x7f ./source/DAC.o
 .comment       0x0000007e       0x7f ./source/FTM.o
 .comment       0x0000007e       0x7f ./source/SysTick.o
 .comment       0x0000007e       0x7f ./source/comController2pc.o
 .comment       0x0000007e       0x7f ./source/gpio.o
 .comment       0x0000007e       0x7f ./source/timer.o
 .comment       0x0000007e       0x7f ./source/uart.o
 .comment       0x0000007e       0x7f ./SDK/startup/hardware.o
 .comment       0x0000007e       0x7f ./SDK/startup/main.o
 .comment       0x0000007e       0x7f ./SDK/startup/semihost_hardfault.o
 .comment       0x0000007e       0x7f ./SDK/startup/startup_mk64f12.o
 .comment       0x0000007e       0x7f ./SDK/CMSIS/system_MK64F12.o

.ARM.attributes
                0x00000000       0x39
 .ARM.attributes
                0x00000000       0x39 ./source/App.o
 .ARM.attributes
                0x00000039       0x39 ./source/DAC.o
 .ARM.attributes
                0x00000072       0x39 ./source/FTM.o
 .ARM.attributes
                0x000000ab       0x39 ./source/SysTick.o
 .ARM.attributes
                0x000000e4       0x39 ./source/comController2pc.o
 .ARM.attributes
                0x0000011d       0x39 ./source/gpio.o
 .ARM.attributes
                0x00000156       0x39 ./source/timer.o
 .ARM.attributes
                0x0000018f       0x39 ./source/uart.o
 .ARM.attributes
                0x000001c8       0x39 ./SDK/startup/hardware.o
 .ARM.attributes
                0x00000201       0x39 ./SDK/startup/main.o
 .ARM.attributes
                0x0000023a       0x39 ./SDK/startup/semihost_hardfault.o
 .ARM.attributes
                0x00000273       0x39 ./SDK/startup/startup_mk64f12.o
 .ARM.attributes
                0x000002ac       0x39 ./SDK/CMSIS/system_MK64F12.o

.debug_frame    0x00000000     0x12b4
 .debug_frame   0x00000000       0xa4 ./source/App.o
 .debug_frame   0x000000a4       0x48 ./source/DAC.o
 .debug_frame   0x000000ec      0x1ac ./source/FTM.o
 .debug_frame   0x00000298       0x38 ./source/SysTick.o
 .debug_frame   0x000002d0       0x88 ./source/comController2pc.o
 .debug_frame   0x00000358      0x230 ./source/gpio.o
 .debug_frame   0x00000588       0xa4 ./source/timer.o
 .debug_frame   0x0000062c      0x2b4 ./source/uart.o
 .debug_frame   0x000008e0       0x40 ./SDK/startup/hardware.o
 .debug_frame   0x00000920       0x28 ./SDK/startup/main.o
 .debug_frame   0x00000948       0x20 ./SDK/startup/semihost_hardfault.o
 .debug_frame   0x00000968      0x904 ./SDK/startup/startup_mk64f12.o
 .debug_frame   0x0000126c       0x48 ./SDK/CMSIS/system_MK64F12.o
