
Discarded input sections

 .group         0x00000000        0xc ./source/App.o
 .group         0x00000000        0xc ./source/App.o
 .group         0x00000000        0xc ./source/App.o
 .group         0x00000000        0xc ./source/App.o
 .text          0x00000000        0x0 ./source/App.o
 .data          0x00000000        0x0 ./source/App.o
 .bss           0x00000000        0x0 ./source/App.o
 .group         0x00000000        0xc ./source/PIT.o
 .group         0x00000000        0xc ./source/PIT.o
 .group         0x00000000        0xc ./source/PIT.o
 .group         0x00000000        0xc ./source/PIT.o
 .group         0x00000000        0xc ./source/PIT.o
 .group         0x00000000        0xc ./source/PIT.o
 .group         0x00000000        0xc ./source/PIT.o
 .group         0x00000000        0xc ./source/PIT.o
 .group         0x00000000        0xc ./source/PIT.o
 .group         0x00000000        0xc ./source/PIT.o
 .group         0x00000000        0xc ./source/PIT.o
 .text          0x00000000        0x0 ./source/PIT.o
 .data          0x00000000        0x0 ./source/PIT.o
 .bss           0x00000000        0x0 ./source/PIT.o
 .text.PITmodifyTimer
                0x00000000       0x38 ./source/PIT.o
 .text.PITenableTimerInterrupt
                0x00000000       0x48 ./source/PIT.o
 .text.PITdisableTimerInterrupt
                0x00000000       0x3c ./source/PIT.o
 .text.PITtimerInterrupt
                0x00000000       0x48 ./source/PIT.o
 .debug_macro   0x00000000      0xa5a ./source/PIT.o
 .debug_macro   0x00000000       0x22 ./source/PIT.o
 .debug_macro   0x00000000      0x34e ./source/PIT.o
 .group         0x00000000        0xc ./source/buildingDataBase.o
 .group         0x00000000        0xc ./source/buildingDataBase.o
 .group         0x00000000        0xc ./source/buildingDataBase.o
 .text          0x00000000        0x0 ./source/buildingDataBase.o
 .data          0x00000000        0x0 ./source/buildingDataBase.o
 .bss           0x00000000        0x0 ./source/buildingDataBase.o
 .text.updateBuildingDatabase
                0x00000000       0x68 ./source/buildingDataBase.o
 .debug_macro   0x00000000      0xa5a ./source/buildingDataBase.o
 .debug_macro   0x00000000       0x22 ./source/buildingDataBase.o
 .debug_macro   0x00000000      0x34e ./source/buildingDataBase.o
 .group         0x00000000        0xc ./source/cloudRTOS.o
 .group         0x00000000        0xc ./source/cloudRTOS.o
 .group         0x00000000        0xc ./source/cloudRTOS.o
 .text          0x00000000        0x0 ./source/cloudRTOS.o
 .data          0x00000000        0x0 ./source/cloudRTOS.o
 .bss           0x00000000        0x0 ./source/cloudRTOS.o
 .bss.pToBuffer
                0x00000000        0x4 ./source/cloudRTOS.o
 .bss.cant      0x00000000        0x1 ./source/cloudRTOS.o
 .bss.data      0x00000000       0x28 ./source/cloudRTOS.o
 .text.initCloudRTOS
                0x00000000       0x12 ./source/cloudRTOS.o
 .text.runCloudRTOS
                0x00000000       0xb0 ./source/cloudRTOS.o
 .debug_info    0x00000000      0x131 ./source/cloudRTOS.o
 .debug_abbrev  0x00000000       0xc8 ./source/cloudRTOS.o
 .debug_aranges
                0x00000000       0x28 ./source/cloudRTOS.o
 .debug_ranges  0x00000000       0x18 ./source/cloudRTOS.o
 .debug_macro   0x00000000       0x7b ./source/cloudRTOS.o
 .debug_macro   0x00000000      0xa5a ./source/cloudRTOS.o
 .debug_macro   0x00000000       0x22 ./source/cloudRTOS.o
 .debug_macro   0x00000000      0x34e ./source/cloudRTOS.o
 .debug_line    0x00000000      0x11f ./source/cloudRTOS.o
 .debug_str     0x00000000     0x3926 ./source/cloudRTOS.o
 .comment       0x00000000       0x7f ./source/cloudRTOS.o
 .debug_frame   0x00000000       0x4c ./source/cloudRTOS.o
 .ARM.attributes
                0x00000000       0x39 ./source/cloudRTOS.o
 .group         0x00000000        0xc ./source/connectivityLED.o
 .group         0x00000000        0xc ./source/connectivityLED.o
 .group         0x00000000        0xc ./source/connectivityLED.o
 .group         0x00000000        0xc ./source/connectivityLED.o
 .group         0x00000000        0xc ./source/connectivityLED.o
 .group         0x00000000        0xc ./source/connectivityLED.o
 .group         0x00000000        0xc ./source/connectivityLED.o
 .group         0x00000000        0xc ./source/connectivityLED.o
 .group         0x00000000        0xc ./source/connectivityLED.o
 .group         0x00000000        0xc ./source/connectivityLED.o
 .group         0x00000000        0xc ./source/connectivityLED.o
 .text          0x00000000        0x0 ./source/connectivityLED.o
 .data          0x00000000        0x0 ./source/connectivityLED.o
 .bss           0x00000000        0x0 ./source/connectivityLED.o
 .debug_macro   0x00000000      0xa5a ./source/connectivityLED.o
 .debug_macro   0x00000000       0x22 ./source/connectivityLED.o
 .debug_macro   0x00000000      0x34e ./source/connectivityLED.o
 .debug_macro   0x00000000       0x5c ./source/connectivityLED.o
 .debug_macro   0x00000000       0x1c ./source/connectivityLED.o
 .debug_macro   0x00000000       0x22 ./source/connectivityLED.o
 .debug_macro   0x00000000       0xdf ./source/connectivityLED.o
 .debug_macro   0x00000000      0xecf ./source/connectivityLED.o
 .debug_macro   0x00000000       0x48 ./source/connectivityLED.o
 .debug_macro   0x00000000     0xe07b ./source/connectivityLED.o
 .group         0x00000000        0xc ./source/gatewayComm.o
 .group         0x00000000        0xc ./source/gatewayComm.o
 .group         0x00000000        0xc ./source/gatewayComm.o
 .group         0x00000000        0xc ./source/gatewayComm.o
 .group         0x00000000        0xc ./source/gatewayComm.o
 .text          0x00000000        0x0 ./source/gatewayComm.o
 .data          0x00000000        0x0 ./source/gatewayComm.o
 .bss           0x00000000        0x0 ./source/gatewayComm.o
 .debug_macro   0x00000000      0xa5a ./source/gatewayComm.o
 .debug_macro   0x00000000       0x22 ./source/gatewayComm.o
 .debug_macro   0x00000000      0x34e ./source/gatewayComm.o
 .debug_macro   0x00000000       0x46 ./source/gatewayComm.o
 .group         0x00000000        0xc ./source/gpio.o
 .group         0x00000000        0xc ./source/gpio.o
 .group         0x00000000        0xc ./source/gpio.o
 .group         0x00000000        0xc ./source/gpio.o
 .group         0x00000000        0xc ./source/gpio.o
 .group         0x00000000        0xc ./source/gpio.o
 .group         0x00000000        0xc ./source/gpio.o
 .group         0x00000000        0xc ./source/gpio.o
 .group         0x00000000        0xc ./source/gpio.o
 .group         0x00000000        0xc ./source/gpio.o
 .group         0x00000000        0xc ./source/gpio.o
 .text          0x00000000        0x0 ./source/gpio.o
 .data          0x00000000        0x0 ./source/gpio.o
 .bss           0x00000000        0x0 ./source/gpio.o
 .text.__NVIC_EnableIRQ
                0x00000000       0x3c ./source/gpio.o
 .text.gpioIRQ  0x00000000       0xc0 ./source/gpio.o
 .text.clockGating
                0x00000000       0xf0 ./source/gpio.o
 .text.gpioToggle
                0x00000000       0x9c ./source/gpio.o
 .text.gpioRead
                0x00000000       0x68 ./source/gpio.o
 .text.setPassiveFilter
                0x00000000       0x74 ./source/gpio.o
 .debug_macro   0x00000000      0xa5a ./source/gpio.o
 .debug_macro   0x00000000      0x34e ./source/gpio.o
 .debug_macro   0x00000000       0x22 ./source/gpio.o
 .debug_macro   0x00000000       0x5c ./source/gpio.o
 .debug_macro   0x00000000       0x1c ./source/gpio.o
 .debug_macro   0x00000000       0x22 ./source/gpio.o
 .debug_macro   0x00000000       0xdf ./source/gpio.o
 .debug_macro   0x00000000      0xecf ./source/gpio.o
 .debug_macro   0x00000000       0x48 ./source/gpio.o
 .debug_macro   0x00000000     0xe07b ./source/gpio.o
 .debug_macro   0x00000000       0x3a ./source/gpio.o
 .group         0x00000000        0xc ./source/uart.o
 .group         0x00000000        0xc ./source/uart.o
 .group         0x00000000        0xc ./source/uart.o
 .group         0x00000000        0xc ./source/uart.o
 .group         0x00000000        0xc ./source/uart.o
 .group         0x00000000        0xc ./source/uart.o
 .group         0x00000000        0xc ./source/uart.o
 .group         0x00000000        0xc ./source/uart.o
 .group         0x00000000        0xc ./source/uart.o
 .group         0x00000000        0xc ./source/uart.o
 .group         0x00000000        0xc ./source/uart.o
 .group         0x00000000        0xc ./source/uart.o
 .group         0x00000000        0xc ./source/uart.o
 .group         0x00000000        0xc ./source/uart.o
 .group         0x00000000        0xc ./source/uart.o
 .text          0x00000000        0x0 ./source/uart.o
 .data          0x00000000        0x0 ./source/uart.o
 .bss           0x00000000        0x0 ./source/uart.o
 .bss.flagsWriting
                0x00000000        0x5 ./source/uart.o
 .text.uartGetRxMsgLength
                0x00000000       0x28 ./source/uart.o
 .text.uartIsTxMsgComplete
                0x00000000       0x5c ./source/uart.o
 .text.resetRXbuffer
                0x00000000       0x34 ./source/uart.o
 .text.isRXrejected
                0x00000000       0x20 ./source/uart.o
 .text.UART_setNdataBits
                0x00000000       0x5a ./source/uart.o
 .debug_macro   0x00000000      0xa5a ./source/uart.o
 .debug_macro   0x00000000      0x34e ./source/uart.o
 .debug_macro   0x00000000       0x22 ./source/uart.o
 .debug_macro   0x00000000       0x5c ./source/uart.o
 .debug_macro   0x00000000       0x1c ./source/uart.o
 .debug_macro   0x00000000       0x22 ./source/uart.o
 .debug_macro   0x00000000       0xdf ./source/uart.o
 .debug_macro   0x00000000      0xecf ./source/uart.o
 .debug_macro   0x00000000       0x48 ./source/uart.o
 .debug_macro   0x00000000     0xe07b ./source/uart.o
 .debug_macro   0x00000000       0x3a ./source/uart.o
 .group         0x00000000        0xc ./SDK/startup/hardware.o
 .group         0x00000000        0xc ./SDK/startup/hardware.o
 .group         0x00000000        0xc ./SDK/startup/hardware.o
 .group         0x00000000        0xc ./SDK/startup/hardware.o
 .group         0x00000000        0xc ./SDK/startup/hardware.o
 .group         0x00000000        0xc ./SDK/startup/hardware.o
 .group         0x00000000        0xc ./SDK/startup/hardware.o
 .group         0x00000000        0xc ./SDK/startup/hardware.o
 .group         0x00000000        0xc ./SDK/startup/hardware.o
 .group         0x00000000        0xc ./SDK/startup/hardware.o
 .group         0x00000000        0xc ./SDK/startup/hardware.o
 .group         0x00000000        0xc ./SDK/startup/hardware.o
 .group         0x00000000        0xc ./SDK/startup/hardware.o
 .text          0x00000000        0x0 ./SDK/startup/hardware.o
 .data          0x00000000        0x0 ./SDK/startup/hardware.o
 .bss           0x00000000        0x0 ./SDK/startup/hardware.o
 .debug_macro   0x00000000      0xa5a ./SDK/startup/hardware.o
 .debug_macro   0x00000000      0x34e ./SDK/startup/hardware.o
 .debug_macro   0x00000000       0x22 ./SDK/startup/hardware.o
 .debug_macro   0x00000000       0x10 ./SDK/startup/hardware.o
 .debug_macro   0x00000000       0x5c ./SDK/startup/hardware.o
 .debug_macro   0x00000000       0x1c ./SDK/startup/hardware.o
 .debug_macro   0x00000000       0x22 ./SDK/startup/hardware.o
 .debug_macro   0x00000000       0xdf ./SDK/startup/hardware.o
 .debug_macro   0x00000000      0xecf ./SDK/startup/hardware.o
 .debug_macro   0x00000000       0x48 ./SDK/startup/hardware.o
 .debug_macro   0x00000000     0xe07b ./SDK/startup/hardware.o
 .debug_macro   0x00000000     0x122b ./SDK/startup/hardware.o
 .debug_macro   0x00000000       0x16 ./SDK/startup/hardware.o
 .group         0x00000000        0xc ./SDK/startup/main.o
 .group         0x00000000        0xc ./SDK/startup/main.o
 .group         0x00000000        0xc ./SDK/startup/main.o
 .group         0x00000000        0xc ./SDK/startup/main.o
 .group         0x00000000        0xc ./SDK/startup/main.o
 .group         0x00000000        0xc ./SDK/startup/main.o
 .group         0x00000000        0xc ./SDK/startup/main.o
 .group         0x00000000        0xc ./SDK/startup/main.o
 .group         0x00000000        0xc ./SDK/startup/main.o
 .group         0x00000000        0xc ./SDK/startup/main.o
 .group         0x00000000        0xc ./SDK/startup/main.o
 .group         0x00000000        0xc ./SDK/startup/main.o
 .group         0x00000000        0xc ./SDK/startup/main.o
 .text          0x00000000        0x0 ./SDK/startup/main.o
 .data          0x00000000        0x0 ./SDK/startup/main.o
 .bss           0x00000000        0x0 ./SDK/startup/main.o
 .debug_macro   0x00000000      0xa5a ./SDK/startup/main.o
 .debug_macro   0x00000000      0x34e ./SDK/startup/main.o
 .debug_macro   0x00000000       0x22 ./SDK/startup/main.o
 .debug_macro   0x00000000       0x10 ./SDK/startup/main.o
 .debug_macro   0x00000000       0x5c ./SDK/startup/main.o
 .debug_macro   0x00000000       0x1c ./SDK/startup/main.o
 .debug_macro   0x00000000       0x22 ./SDK/startup/main.o
 .debug_macro   0x00000000       0xdf ./SDK/startup/main.o
 .debug_macro   0x00000000      0xecf ./SDK/startup/main.o
 .debug_macro   0x00000000       0x48 ./SDK/startup/main.o
 .debug_macro   0x00000000     0xe07b ./SDK/startup/main.o
 .debug_macro   0x00000000     0x122b ./SDK/startup/main.o
 .debug_macro   0x00000000       0x16 ./SDK/startup/main.o
 .group         0x00000000        0xc ./SDK/startup/semihost_hardfault.o
 .text          0x00000000        0x0 ./SDK/startup/semihost_hardfault.o
 .data          0x00000000        0x0 ./SDK/startup/semihost_hardfault.o
 .bss           0x00000000        0x0 ./SDK/startup/semihost_hardfault.o
 .debug_macro   0x00000000      0xa5a ./SDK/startup/semihost_hardfault.o
 .group         0x00000000        0xc ./SDK/startup/startup_mk64f12.o
 .text          0x00000000        0x0 ./SDK/startup/startup_mk64f12.o
 .data          0x00000000        0x0 ./SDK/startup/startup_mk64f12.o
 .bss           0x00000000        0x0 ./SDK/startup/startup_mk64f12.o
 .text.UART0_LON_IRQHandler
                0x00000000        0x8 ./SDK/startup/startup_mk64f12.o
 .text.UART0_RX_TX_IRQHandler
                0x00000000        0x8 ./SDK/startup/startup_mk64f12.o
 .text.UART0_ERR_IRQHandler
                0x00000000        0x8 ./SDK/startup/startup_mk64f12.o
 .text.UART1_RX_TX_IRQHandler
                0x00000000        0x8 ./SDK/startup/startup_mk64f12.o
 .text.UART1_ERR_IRQHandler
                0x00000000        0x8 ./SDK/startup/startup_mk64f12.o
 .text.UART2_RX_TX_IRQHandler
                0x00000000        0x8 ./SDK/startup/startup_mk64f12.o
 .text.UART2_ERR_IRQHandler
                0x00000000        0x8 ./SDK/startup/startup_mk64f12.o
 .text.UART3_RX_TX_IRQHandler
                0x00000000        0x8 ./SDK/startup/startup_mk64f12.o
 .text.UART3_ERR_IRQHandler
                0x00000000        0x8 ./SDK/startup/startup_mk64f12.o
 .text.PIT0_IRQHandler
                0x00000000        0x8 ./SDK/startup/startup_mk64f12.o
 .text.PIT1_IRQHandler
                0x00000000        0x8 ./SDK/startup/startup_mk64f12.o
 .text.PIT2_IRQHandler
                0x00000000        0x8 ./SDK/startup/startup_mk64f12.o
 .text.PIT3_IRQHandler
                0x00000000        0x8 ./SDK/startup/startup_mk64f12.o
 .text.PORTA_IRQHandler
                0x00000000        0x8 ./SDK/startup/startup_mk64f12.o
 .text.PORTB_IRQHandler
                0x00000000        0x8 ./SDK/startup/startup_mk64f12.o
 .text.PORTC_IRQHandler
                0x00000000        0x8 ./SDK/startup/startup_mk64f12.o
 .text.PORTD_IRQHandler
                0x00000000        0x8 ./SDK/startup/startup_mk64f12.o
 .text.PORTE_IRQHandler
                0x00000000        0x8 ./SDK/startup/startup_mk64f12.o
 .text.UART4_RX_TX_IRQHandler
                0x00000000        0x8 ./SDK/startup/startup_mk64f12.o
 .text.UART4_ERR_IRQHandler
                0x00000000        0x8 ./SDK/startup/startup_mk64f12.o
 .debug_macro   0x00000000      0xa5a ./SDK/startup/startup_mk64f12.o
 .group         0x00000000        0xc ./SDK/CMSIS/system_MK64F12.o
 .group         0x00000000        0xc ./SDK/CMSIS/system_MK64F12.o
 .group         0x00000000        0xc ./SDK/CMSIS/system_MK64F12.o
 .group         0x00000000        0xc ./SDK/CMSIS/system_MK64F12.o
 .group         0x00000000        0xc ./SDK/CMSIS/system_MK64F12.o
 .group         0x00000000        0xc ./SDK/CMSIS/system_MK64F12.o
 .group         0x00000000        0xc ./SDK/CMSIS/system_MK64F12.o
 .group         0x00000000        0xc ./SDK/CMSIS/system_MK64F12.o
 .group         0x00000000        0xc ./SDK/CMSIS/system_MK64F12.o
 .group         0x00000000        0xc ./SDK/CMSIS/system_MK64F12.o
 .group         0x00000000        0xc ./SDK/CMSIS/system_MK64F12.o
 .text          0x00000000        0x0 ./SDK/CMSIS/system_MK64F12.o
 .data          0x00000000        0x0 ./SDK/CMSIS/system_MK64F12.o
 .bss           0x00000000        0x0 ./SDK/CMSIS/system_MK64F12.o
 .data.SystemCoreClock
                0x00000000        0x4 ./SDK/CMSIS/system_MK64F12.o
 .text.SystemCoreClockUpdate
                0x00000000      0x278 ./SDK/CMSIS/system_MK64F12.o
 .debug_macro   0x00000000      0xa5a ./SDK/CMSIS/system_MK64F12.o
 .debug_macro   0x00000000      0x34e ./SDK/CMSIS/system_MK64F12.o
 .debug_macro   0x00000000       0x10 ./SDK/CMSIS/system_MK64F12.o
 .debug_macro   0x00000000       0x5c ./SDK/CMSIS/system_MK64F12.o
 .debug_macro   0x00000000       0x1c ./SDK/CMSIS/system_MK64F12.o
 .debug_macro   0x00000000       0x22 ./SDK/CMSIS/system_MK64F12.o
 .debug_macro   0x00000000       0xdf ./SDK/CMSIS/system_MK64F12.o
 .debug_macro   0x00000000      0xecf ./SDK/CMSIS/system_MK64F12.o
 .debug_macro   0x00000000       0x48 ./SDK/CMSIS/system_MK64F12.o
 .debug_macro   0x00000000     0xe07b ./SDK/CMSIS/system_MK64F12.o
 .debug_macro   0x00000000     0x122b ./SDK/CMSIS/system_MK64F12.o

Memory Configuration

Name             Origin             Length             Attributes
PROGRAM_FLASH    0x00000000         0x00100000         xr
SRAM_UPPER       0x20000000         0x00030000         xrw
SRAM_LOWER       0x1fff0000         0x00010000         xrw
FLEX_RAM         0x14000000         0x00001000         xrw
*default*        0x00000000         0xffffffff

Linker script and memory map

LOAD ./source/App.o
LOAD ./source/PIT.o
LOAD ./source/buildingDataBase.o
LOAD ./source/cloudRTOS.o
LOAD ./source/connectivityLED.o
LOAD ./source/gatewayComm.o
LOAD ./source/gpio.o
LOAD ./source/uart.o
LOAD ./SDK/startup/hardware.o
LOAD ./SDK/startup/main.o
LOAD ./SDK/startup/semihost_hardfault.o
LOAD ./SDK/startup/startup_mk64f12.o
LOAD ./SDK/CMSIS/system_MK64F12.o
START GROUP
LOAD c:/nxp/mcuxpressoide_10.2.0_759/ide/tools/bin/../lib/gcc/arm-none-eabi/7.2.1/../../../../arm-none-eabi/lib/thumb/v7e-m/fpv4-sp/hard\libcr_c.a
LOAD c:/nxp/mcuxpressoide_10.2.0_759/ide/tools/bin/../lib/gcc/arm-none-eabi/7.2.1/thumb/v7e-m/fpv4-sp/hard\libcr_eabihelpers.a
END GROUP
                0x00000000                __base_PROGRAM_FLASH = 0x0
                0x00000000                __base_Flash = 0x0
                0x00100000                __top_PROGRAM_FLASH = 0x100000
                0x00100000                __top_Flash = 0x100000
                0x20000000                __base_SRAM_UPPER = 0x20000000
                0x20000000                __base_RAM = 0x20000000
                0x20030000                __top_SRAM_UPPER = 0x20030000
                0x20030000                __top_RAM = 0x20030000
                0x1fff0000                __base_SRAM_LOWER = 0x1fff0000
                0x1fff0000                __base_RAM2 = 0x1fff0000
                0x20000000                __top_SRAM_LOWER = 0x20000000
                0x20000000                __top_RAM2 = 0x20000000
                0x14000000                __base_FLEX_RAM = 0x14000000
                0x14000000                __base_RAM3 = 0x14000000
                0x14001000                __top_FLEX_RAM = 0x14001000
                0x14001000                __top_RAM3 = 0x14001000

.text           0x00000000     0x2320
 FILL mask 0xff
                0x00000000                __vectors_start__ = ABSOLUTE (.)
 *(SORT_BY_ALIGNMENT(.isr_vector))
 .isr_vector    0x00000000      0x198 ./SDK/startup/startup_mk64f12.o
                0x00000000                g_pfnVectors
                0x00000000                __Vectors
                0x00000198                . = ALIGN (0x4)
                0x00000198                __section_table_start = .
                0x00000198                __data_section_table = .
                0x00000198        0x4 LONG 0x2320 LOADADDR (.data)
                0x0000019c        0x4 LONG 0x20000000 ADDR (.data)
                0x000001a0        0x4 LONG 0x78 SIZEOF (.data)
                0x000001a4        0x4 LONG 0x2320 LOADADDR (.data_RAM2)
                0x000001a8        0x4 LONG 0x1fff0000 ADDR (.data_RAM2)
                0x000001ac        0x4 LONG 0x0 SIZEOF (.data_RAM2)
                0x000001b0        0x4 LONG 0x2320 LOADADDR (.data_RAM3)
                0x000001b4        0x4 LONG 0x14000000 ADDR (.data_RAM3)
                0x000001b8        0x4 LONG 0x0 SIZEOF (.data_RAM3)
                0x000001bc                __data_section_table_end = .
                0x000001bc                __bss_section_table = .
                0x000001bc        0x4 LONG 0x20000078 ADDR (.bss)
                0x000001c0        0x4 LONG 0xc700 SIZEOF (.bss)
                0x000001c4        0x4 LONG 0x1fff0000 ADDR (.bss_RAM2)
                0x000001c8        0x4 LONG 0x0 SIZEOF (.bss_RAM2)
                0x000001cc        0x4 LONG 0x14000000 ADDR (.bss_RAM3)
                0x000001d0        0x4 LONG 0x0 SIZEOF (.bss_RAM3)
                0x000001d4                __bss_section_table_end = .
                0x000001d4                __section_table_end = .
 *(SORT_BY_ALIGNMENT(.after_vectors*))
 .after_vectors.reset
                0x000001d4       0x4c ./SDK/startup/startup_mk64f12.o
                0x000001d4                ResetISR
 .after_vectors.init_data
                0x00000220       0x1e ./SDK/startup/startup_mk64f12.o
                0x00000220                data_init
 .after_vectors.init_bss
                0x0000023e       0x12 ./SDK/startup/startup_mk64f12.o
                0x0000023e                bss_init
 .after_vectors
                0x00000250       0x14 ./SDK/startup/startup_mk64f12.o
                0x00000250                NMI_Handler
                0x00000254                MemManage_Handler
                0x00000256                BusFault_Handler
                0x00000258                UsageFault_Handler
                0x0000025a                SVC_Handler
                0x0000025c                DebugMon_Handler
                0x0000025e                PendSV_Handler
                0x00000260                SysTick_Handler
                0x00000262                DMA_Error_DriverIRQHandler
                0x00000262                LPTMR0_DriverIRQHandler
                0x00000262                FTM1_DriverIRQHandler
                0x00000262                FTM2_DriverIRQHandler
                0x00000262                PIT2_DriverIRQHandler
                0x00000262                SDHC_DriverIRQHandler
                0x00000262                I2S0_Tx_DriverIRQHandler
                0x00000262                RTC_Seconds_DriverIRQHandler
                0x00000262                DMA6_DriverIRQHandler
                0x00000262                LLWU_DriverIRQHandler
                0x00000262                MCM_DriverIRQHandler
                0x00000262                MCG_DriverIRQHandler
                0x00000262                ENET_1588_Timer_DriverIRQHandler
                0x00000262                I2C2_DriverIRQHandler
                0x00000262                DAC1_DriverIRQHandler
                0x00000262                SPI1_DriverIRQHandler
                0x00000262                CMP1_DriverIRQHandler
                0x00000262                UART5_RX_TX_DriverIRQHandler
                0x00000262                FTM0_DriverIRQHandler
                0x00000262                IntDefaultHandler
                0x00000262                USB0_DriverIRQHandler
                0x00000262                UART5_ERR_DriverIRQHandler
                0x00000262                PORTC_DriverIRQHandler
                0x00000262                DMA11_DriverIRQHandler
                0x00000262                DAC0_DriverIRQHandler
                0x00000262                DMA10_DriverIRQHandler
                0x00000262                CMP2_DriverIRQHandler
                0x00000262                UART2_ERR_DriverIRQHandler
                0x00000262                SPI2_DriverIRQHandler
                0x00000262                LVD_LVW_DriverIRQHandler
                0x00000262                PIT0_DriverIRQHandler
                0x00000262                RNG_DriverIRQHandler
                0x00000262                DMA12_DriverIRQHandler
                0x00000262                DMA4_DriverIRQHandler
                0x00000262                UART2_RX_TX_DriverIRQHandler
                0x00000262                USBDCD_DriverIRQHandler
                0x00000262                UART3_ERR_DriverIRQHandler
                0x00000262                DMA3_DriverIRQHandler
                0x00000262                DMA8_DriverIRQHandler
                0x00000262                DMA9_DriverIRQHandler
                0x00000262                UART0_ERR_DriverIRQHandler
                0x00000262                CMT_DriverIRQHandler
                0x00000262                Reserved71_DriverIRQHandler
                0x00000262                ADC1_DriverIRQHandler
                0x00000262                PORTA_DriverIRQHandler
                0x00000262                DMA14_DriverIRQHandler
                0x00000262                PIT3_DriverIRQHandler
                0x00000262                PIT1_DriverIRQHandler
                0x00000262                WDOG_EWM_DriverIRQHandler
                0x00000262                PDB0_DriverIRQHandler
                0x00000262                RTC_DriverIRQHandler
                0x00000262                I2S0_Rx_DriverIRQHandler
                0x00000262                Read_Collision_DriverIRQHandler
                0x00000262                SWI_DriverIRQHandler
                0x00000262                UART4_RX_TX_DriverIRQHandler
                0x00000262                UART4_ERR_DriverIRQHandler
                0x00000262                PORTB_DriverIRQHandler
                0x00000262                UART0_LON_DriverIRQHandler
                0x00000262                DMA0_DriverIRQHandler
                0x00000262                DMA1_DriverIRQHandler
                0x00000262                I2C1_DriverIRQHandler
                0x00000262                UART3_RX_TX_DriverIRQHandler
                0x00000262                ENET_Receive_DriverIRQHandler
                0x00000262                DMA13_DriverIRQHandler
                0x00000262                ENET_Error_DriverIRQHandler
                0x00000262                DMA15_DriverIRQHandler
                0x00000262                UART0_RX_TX_DriverIRQHandler
                0x00000262                SPI0_DriverIRQHandler
                0x00000262                ADC0_DriverIRQHandler
                0x00000262                CMP0_DriverIRQHandler
                0x00000262                CAN0_DriverIRQHandler
                0x00000262                FTM3_DriverIRQHandler
                0x00000262                DMA5_DriverIRQHandler
                0x00000262                UART1_ERR_DriverIRQHandler
                0x00000262                DMA2_DriverIRQHandler
                0x00000262                ENET_Transmit_DriverIRQHandler
                0x00000262                PORTD_DriverIRQHandler
                0x00000262                PORTE_DriverIRQHandler
                0x00000262                FTFE_DriverIRQHandler
                0x00000262                I2C0_DriverIRQHandler
                0x00000262                DMA7_DriverIRQHandler
                0x00000262                UART1_RX_TX_DriverIRQHandler
                0x00000400                . = 0x400
 *fill*         0x00000264      0x19c ff
                0x00000400                PROVIDE (__FLASH_CONFIG_START__, .)
 *(SORT_BY_ALIGNMENT(.FlashConfig))
 .FlashConfig   0x00000400       0x10 ./SDK/startup/startup_mk64f12.o
                0x00000400                Flash_Config
                0x00000410                PROVIDE (__FLASH_CONFIG_END__, .)
                0x00000001                ASSERT (! ((__FLASH_CONFIG_START__ == __FLASH_CONFIG_END__)), Linker Flash Config Support Enabled, but no .FlashConfig section provided within application)
 *(SORT_BY_ALIGNMENT(.text*))
 .text.App_Run  0x00000410       0x84 ./source/App.o
                0x00000410                App_Run
 .text.__NVIC_EnableIRQ
                0x00000494       0x3c ./source/PIT.o
 .text.PITinit  0x000004d0       0x8c ./source/PIT.o
                0x000004d0                PITinit
 .text.PITstartTimer
                0x0000055c      0x114 ./source/PIT.o
                0x0000055c                PITstartTimer
 .text.PITstopTimer
                0x00000670       0x48 ./source/PIT.o
                0x00000670                PITstopTimer
 .text.PITenableClock
                0x000006b8       0x3c ./source/PIT.o
 .text.PITtimerInit
                0x000006f4       0x74 ./source/PIT.o
 .text.PITtimerDisable
                0x00000768       0x7c ./source/PIT.o
 .text.PITtimerSet
                0x000007e4       0x9c ./source/PIT.o
 .text.PIT0_IRQHandler
                0x00000880       0x30 ./source/PIT.o
                0x00000880                PIT0_IRQHandler
 .text.PIT1_IRQHandler
                0x000008b0       0x30 ./source/PIT.o
                0x000008b0                PIT1_IRQHandler
 .text.PIT2_IRQHandler
                0x000008e0       0x30 ./source/PIT.o
                0x000008e0                PIT2_IRQHandler
 .text.PIT3_IRQHandler
                0x00000910       0x30 ./source/PIT.o
                0x00000910                PIT3_IRQHandler
 .text.buildingDatabaseInit
                0x00000940       0x60 ./source/buildingDataBase.o
                0x00000940                buildingDatabaseInit
 .text.getBuildingDatabase
                0x000009a0       0x58 ./source/buildingDataBase.o
                0x000009a0                getBuildingDatabase
 .text.gatewayCommInit
                0x000009f8       0x7c ./source/gatewayComm.o
                0x000009f8                gatewayCommInit
 .text.gatewayShapeMsg
                0x00000a74       0x68 ./source/gatewayComm.o
                0x00000a74                gatewayShapeMsg
 .text.gatewayDispatchMsg
                0x00000adc       0x90 ./source/gatewayComm.o
                0x00000adc                gatewayDispatchMsg
 .text.isGatewayMsgComplete
                0x00000b6c       0x18 ./source/gatewayComm.o
                0x00000b6c                isGatewayMsgComplete
 .text.isGatewayReadyToSend
                0x00000b84       0x2c ./source/gatewayComm.o
                0x00000b84                isGatewayReadyToSend
 .text.gatewaySendMsg
                0x00000bb0       0x74 ./source/gatewayComm.o
                0x00000bb0                gatewaySendMsg
 .text.gatewayActivateResend
                0x00000c24       0x18 ./source/gatewayComm.o
                0x00000c24                gatewayActivateResend
 .text.gatewayShapeData
                0x00000c3c       0x70 ./source/gatewayComm.o
                0x00000c3c                gatewayShapeData
 .text.connectivityCallback
                0x00000cac       0x48 ./source/gatewayComm.o
                0x00000cac                connectivityCallback
 .text.connectivityTimeoutCallback
                0x00000cf4       0x90 ./source/gatewayComm.o
                0x00000cf4                connectivityTimeoutCallback
 .text.msgTimeoutCallback
                0x00000d84       0x70 ./source/gatewayComm.o
                0x00000d84                msgTimeoutCallback
 .text.timeoutCallback
                0x00000df4       0x40 ./source/gatewayComm.o
                0x00000df4                timeoutCallback
 .text.PORTX_IRQHandler
                0x00000e34       0xbc ./source/gpio.o
                0x00000e34                PORTX_IRQHandler
 .text.gpioMode
                0x00000ef0      0x104 ./source/gpio.o
                0x00000ef0                gpioMode
 .text.gpioWrite
                0x00000ff4       0x80 ./source/gpio.o
                0x00000ff4                gpioWrite
 .text.__NVIC_EnableIRQ
                0x00001074       0x3c ./source/uart.o
 .text.uartInit
                0x000010b0      0x26c ./source/uart.o
                0x000010b0                uartInit
 .text.uartIsRxMsg
                0x0000131c       0xa4 ./source/uart.o
                0x0000131c                uartIsRxMsg
 .text.uartReadMsg
                0x000013c0      0x184 ./source/uart.o
                0x000013c0                uartReadMsg
 .text.uartWriteMsg
                0x00001544      0x134 ./source/uart.o
                0x00001544                uartWriteMsg
 .text.copyTXmsg
                0x00001678       0x80 ./source/uart.o
                0x00001678                copyTXmsg
 .text.UARTX_RX_TX_IRQHandler
                0x000016f8      0x1e0 ./source/uart.o
                0x000016f8                UARTX_RX_TX_IRQHandler
 .text.UART_setBaudRate
                0x000018d8       0xb0 ./source/uart.o
                0x000018d8                UART_setBaudRate
 .text.UART_clockGating
                0x00001988       0xc4 ./source/uart.o
                0x00001988                UART_clockGating
 .text.hw_Init  0x00001a4c      0x10c ./SDK/startup/hardware.o
                0x00001a4c                hw_Init
 .text.hw_EnableInterrupts
                0x00001b58       0x30 ./SDK/startup/hardware.o
                0x00001b58                hw_EnableInterrupts
 .text.hw_DisableInterrupts
                0x00001b88       0x20 ./SDK/startup/hardware.o
                0x00001b88                hw_DisableInterrupts
 .text.SystemInit
                0x00001ba8       0x3c ./SDK/CMSIS/system_MK64F12.o
                0x00001ba8                SystemInit
 .text.App_Init
                0x00001be4       0x12 ./source/App.o
                0x00001be4                App_Init
 .text.PITenable
                0x00001bf6       0x4e ./source/PIT.o
 .text.connectivityLedInit
                0x00001c44       0x18 ./source/connectivityLED.o
                0x00001c44                connectivityLedInit
 .text.updateConnectivityLed
                0x00001c5c       0x3a ./source/connectivityLED.o
                0x00001c5c                updateConnectivityLed
 .text.PORTA_IRQHandler
                0x00001c96        0xe ./source/gpio.o
                0x00001c96                PORTA_IRQHandler
 .text.PORTB_IRQHandler
                0x00001ca4        0xe ./source/gpio.o
                0x00001ca4                PORTB_IRQHandler
 .text.PORTC_IRQHandler
                0x00001cb2        0xe ./source/gpio.o
                0x00001cb2                PORTC_IRQHandler
 .text.PORTD_IRQHandler
                0x00001cc0        0xe ./source/gpio.o
                0x00001cc0                PORTD_IRQHandler
 .text.PORTE_IRQHandler
                0x00001cce        0xe ./source/gpio.o
                0x00001cce                PORTE_IRQHandler
 .text.isPinValid
                0x00001cdc       0x26 ./source/gpio.o
                0x00001cdc                isPinValid
 .text.setPCRmux
                0x00001d02       0x46 ./source/gpio.o
                0x00001d02                setPCRmux
 .text.setPCRpullEnable
                0x00001d48       0x30 ./source/gpio.o
                0x00001d48                setPCRpullEnable
 .text.setPCRpullUp
                0x00001d78       0x30 ./source/gpio.o
                0x00001d78                setPCRpullUp
 .text.setPCRpullDown
                0x00001da8       0x32 ./source/gpio.o
                0x00001da8                setPCRpullDown
 .text.setGPIOddr
                0x00001dda       0x30 ./source/gpio.o
                0x00001dda                setGPIOddr
 .text.setGPIOdataOut
                0x00001e0a       0x4a ./source/gpio.o
                0x00001e0a                setGPIOdataOut
 .text.setPCRirqc
                0x00001e54       0x46 ./source/gpio.o
                0x00001e54                setPCRirqc
 .text.UARTX_LON_IRQHandler
                0x00001e9a       0x16 ./source/uart.o
                0x00001e9a                UARTX_LON_IRQHandler
 .text.UARTX_ERR_IRQHandler
                0x00001eb0       0x16 ./source/uart.o
                0x00001eb0                UARTX_ERR_IRQHandler
 .text.UART0_LON_IRQHandler
                0x00001ec6        0xe ./source/uart.o
                0x00001ec6                UART0_LON_IRQHandler
 .text.UART0_RX_TX_IRQHandler
                0x00001ed4        0xe ./source/uart.o
                0x00001ed4                UART0_RX_TX_IRQHandler
 .text.UART0_ERR_IRQHandler
                0x00001ee2        0xe ./source/uart.o
                0x00001ee2                UART0_ERR_IRQHandler
 .text.UART1_RX_TX_IRQHandler
                0x00001ef0        0xe ./source/uart.o
                0x00001ef0                UART1_RX_TX_IRQHandler
 .text.UART1_ERR_IRQHandler
                0x00001efe        0xe ./source/uart.o
                0x00001efe                UART1_ERR_IRQHandler
 .text.UART2_RX_TX_IRQHandler
                0x00001f0c        0xe ./source/uart.o
                0x00001f0c                UART2_RX_TX_IRQHandler
 .text.UART2_ERR_IRQHandler
                0x00001f1a        0xe ./source/uart.o
                0x00001f1a                UART2_ERR_IRQHandler
 .text.UART3_RX_TX_IRQHandler
                0x00001f28        0xe ./source/uart.o
                0x00001f28                UART3_RX_TX_IRQHandler
 .text.UART3_ERR_IRQHandler
                0x00001f36        0xe ./source/uart.o
                0x00001f36                UART3_ERR_IRQHandler
 .text.UART4_RX_TX_IRQHandler
                0x00001f44        0xe ./source/uart.o
                0x00001f44                UART4_RX_TX_IRQHandler
 .text.UART4_ERR_IRQHandler
                0x00001f52        0xe ./source/uart.o
                0x00001f52                UART4_ERR_IRQHandler
 .text.UART_setParity
                0x00001f60       0xae ./source/uart.o
                0x00001f60                UART_setParity
 .text.main     0x0000200e       0x1a ./SDK/startup/main.o
                0x0000200e                main
 .text.HardFault_Handler
                0x00002028       0x2c ./SDK/startup/semihost_hardfault.o
                0x00002028                HardFault_Handler
 .text.DMA0_IRQHandler
                0x00002054        0x8 ./SDK/startup/startup_mk64f12.o
                0x00002054                DMA0_IRQHandler
 .text.DMA1_IRQHandler
                0x0000205c        0x8 ./SDK/startup/startup_mk64f12.o
                0x0000205c                DMA1_IRQHandler
 .text.DMA2_IRQHandler
                0x00002064        0x8 ./SDK/startup/startup_mk64f12.o
                0x00002064                DMA2_IRQHandler
 .text.DMA3_IRQHandler
                0x0000206c        0x8 ./SDK/startup/startup_mk64f12.o
                0x0000206c                DMA3_IRQHandler
 .text.DMA4_IRQHandler
                0x00002074        0x8 ./SDK/startup/startup_mk64f12.o
                0x00002074                DMA4_IRQHandler
 .text.DMA5_IRQHandler
                0x0000207c        0x8 ./SDK/startup/startup_mk64f12.o
                0x0000207c                DMA5_IRQHandler
 .text.DMA6_IRQHandler
                0x00002084        0x8 ./SDK/startup/startup_mk64f12.o
                0x00002084                DMA6_IRQHandler
 .text.DMA7_IRQHandler
                0x0000208c        0x8 ./SDK/startup/startup_mk64f12.o
                0x0000208c                DMA7_IRQHandler
 .text.DMA8_IRQHandler
                0x00002094        0x8 ./SDK/startup/startup_mk64f12.o
                0x00002094                DMA8_IRQHandler
 .text.DMA9_IRQHandler
                0x0000209c        0x8 ./SDK/startup/startup_mk64f12.o
                0x0000209c                DMA9_IRQHandler
 .text.DMA10_IRQHandler
                0x000020a4        0x8 ./SDK/startup/startup_mk64f12.o
                0x000020a4                DMA10_IRQHandler
 .text.DMA11_IRQHandler
                0x000020ac        0x8 ./SDK/startup/startup_mk64f12.o
                0x000020ac                DMA11_IRQHandler
 .text.DMA12_IRQHandler
                0x000020b4        0x8 ./SDK/startup/startup_mk64f12.o
                0x000020b4                DMA12_IRQHandler
 .text.DMA13_IRQHandler
                0x000020bc        0x8 ./SDK/startup/startup_mk64f12.o
                0x000020bc                DMA13_IRQHandler
 .text.DMA14_IRQHandler
                0x000020c4        0x8 ./SDK/startup/startup_mk64f12.o
                0x000020c4                DMA14_IRQHandler
 .text.DMA15_IRQHandler
                0x000020cc        0x8 ./SDK/startup/startup_mk64f12.o
                0x000020cc                DMA15_IRQHandler
 .text.DMA_Error_IRQHandler
                0x000020d4        0x8 ./SDK/startup/startup_mk64f12.o
                0x000020d4                DMA_Error_IRQHandler
 .text.MCM_IRQHandler
                0x000020dc        0x8 ./SDK/startup/startup_mk64f12.o
                0x000020dc                MCM_IRQHandler
 .text.FTFE_IRQHandler
                0x000020e4        0x8 ./SDK/startup/startup_mk64f12.o
                0x000020e4                FTFE_IRQHandler
 .text.Read_Collision_IRQHandler
                0x000020ec        0x8 ./SDK/startup/startup_mk64f12.o
                0x000020ec                Read_Collision_IRQHandler
 .text.LVD_LVW_IRQHandler
                0x000020f4        0x8 ./SDK/startup/startup_mk64f12.o
                0x000020f4                LVD_LVW_IRQHandler
 .text.LLWU_IRQHandler
                0x000020fc        0x8 ./SDK/startup/startup_mk64f12.o
                0x000020fc                LLWU_IRQHandler
 .text.WDOG_EWM_IRQHandler
                0x00002104        0x8 ./SDK/startup/startup_mk64f12.o
                0x00002104                WDOG_EWM_IRQHandler
 .text.RNG_IRQHandler
                0x0000210c        0x8 ./SDK/startup/startup_mk64f12.o
                0x0000210c                RNG_IRQHandler
 .text.I2C0_IRQHandler
                0x00002114        0x8 ./SDK/startup/startup_mk64f12.o
                0x00002114                I2C0_IRQHandler
 .text.I2C1_IRQHandler
                0x0000211c        0x8 ./SDK/startup/startup_mk64f12.o
                0x0000211c                I2C1_IRQHandler
 .text.SPI0_IRQHandler
                0x00002124        0x8 ./SDK/startup/startup_mk64f12.o
                0x00002124                SPI0_IRQHandler
 .text.SPI1_IRQHandler
                0x0000212c        0x8 ./SDK/startup/startup_mk64f12.o
                0x0000212c                SPI1_IRQHandler
 .text.I2S0_Tx_IRQHandler
                0x00002134        0x8 ./SDK/startup/startup_mk64f12.o
                0x00002134                I2S0_Tx_IRQHandler
 .text.I2S0_Rx_IRQHandler
                0x0000213c        0x8 ./SDK/startup/startup_mk64f12.o
                0x0000213c                I2S0_Rx_IRQHandler
 .text.ADC0_IRQHandler
                0x00002144        0x8 ./SDK/startup/startup_mk64f12.o
                0x00002144                ADC0_IRQHandler
 .text.CMP0_IRQHandler
                0x0000214c        0x8 ./SDK/startup/startup_mk64f12.o
                0x0000214c                CMP0_IRQHandler
 .text.CMP1_IRQHandler
                0x00002154        0x8 ./SDK/startup/startup_mk64f12.o
                0x00002154                CMP1_IRQHandler
 .text.FTM0_IRQHandler
                0x0000215c        0x8 ./SDK/startup/startup_mk64f12.o
                0x0000215c                FTM0_IRQHandler
 .text.FTM1_IRQHandler
                0x00002164        0x8 ./SDK/startup/startup_mk64f12.o
                0x00002164                FTM1_IRQHandler
 .text.FTM2_IRQHandler
                0x0000216c        0x8 ./SDK/startup/startup_mk64f12.o
                0x0000216c                FTM2_IRQHandler
 .text.CMT_IRQHandler
                0x00002174        0x8 ./SDK/startup/startup_mk64f12.o
                0x00002174                CMT_IRQHandler
 .text.RTC_IRQHandler
                0x0000217c        0x8 ./SDK/startup/startup_mk64f12.o
                0x0000217c                RTC_IRQHandler
 .text.RTC_Seconds_IRQHandler
                0x00002184        0x8 ./SDK/startup/startup_mk64f12.o
                0x00002184                RTC_Seconds_IRQHandler
 .text.PDB0_IRQHandler
                0x0000218c        0x8 ./SDK/startup/startup_mk64f12.o
                0x0000218c                PDB0_IRQHandler
 .text.USB0_IRQHandler
                0x00002194        0x8 ./SDK/startup/startup_mk64f12.o
                0x00002194                USB0_IRQHandler
 .text.USBDCD_IRQHandler
                0x0000219c        0x8 ./SDK/startup/startup_mk64f12.o
                0x0000219c                USBDCD_IRQHandler
 .text.Reserved71_IRQHandler
                0x000021a4        0x8 ./SDK/startup/startup_mk64f12.o
                0x000021a4                Reserved71_IRQHandler
 .text.DAC0_IRQHandler
                0x000021ac        0x8 ./SDK/startup/startup_mk64f12.o
                0x000021ac                DAC0_IRQHandler
 .text.MCG_IRQHandler
                0x000021b4        0x8 ./SDK/startup/startup_mk64f12.o
                0x000021b4                MCG_IRQHandler
 .text.LPTMR0_IRQHandler
                0x000021bc        0x8 ./SDK/startup/startup_mk64f12.o
                0x000021bc                LPTMR0_IRQHandler
 .text.SWI_IRQHandler
                0x000021c4        0x8 ./SDK/startup/startup_mk64f12.o
                0x000021c4                SWI_IRQHandler
 .text.SPI2_IRQHandler
                0x000021cc        0x8 ./SDK/startup/startup_mk64f12.o
                0x000021cc                SPI2_IRQHandler
 .text.UART5_RX_TX_IRQHandler
                0x000021d4        0x8 ./SDK/startup/startup_mk64f12.o
                0x000021d4                UART5_RX_TX_IRQHandler
 .text.UART5_ERR_IRQHandler
                0x000021dc        0x8 ./SDK/startup/startup_mk64f12.o
                0x000021dc                UART5_ERR_IRQHandler
 .text.CMP2_IRQHandler
                0x000021e4        0x8 ./SDK/startup/startup_mk64f12.o
                0x000021e4                CMP2_IRQHandler
 .text.FTM3_IRQHandler
                0x000021ec        0x8 ./SDK/startup/startup_mk64f12.o
                0x000021ec                FTM3_IRQHandler
 .text.DAC1_IRQHandler
                0x000021f4        0x8 ./SDK/startup/startup_mk64f12.o
                0x000021f4                DAC1_IRQHandler
 .text.ADC1_IRQHandler
                0x000021fc        0x8 ./SDK/startup/startup_mk64f12.o
                0x000021fc                ADC1_IRQHandler
 .text.I2C2_IRQHandler
                0x00002204        0x8 ./SDK/startup/startup_mk64f12.o
                0x00002204                I2C2_IRQHandler
 .text.CAN0_ORed_Message_buffer_IRQHandler
                0x0000220c        0x8 ./SDK/startup/startup_mk64f12.o
                0x0000220c                CAN0_ORed_Message_buffer_IRQHandler
 .text.CAN0_Bus_Off_IRQHandler
                0x00002214        0x8 ./SDK/startup/startup_mk64f12.o
                0x00002214                CAN0_Bus_Off_IRQHandler
 .text.CAN0_Error_IRQHandler
                0x0000221c        0x8 ./SDK/startup/startup_mk64f12.o
                0x0000221c                CAN0_Error_IRQHandler
 .text.CAN0_Tx_Warning_IRQHandler
                0x00002224        0x8 ./SDK/startup/startup_mk64f12.o
                0x00002224                CAN0_Tx_Warning_IRQHandler
 .text.CAN0_Rx_Warning_IRQHandler
                0x0000222c        0x8 ./SDK/startup/startup_mk64f12.o
                0x0000222c                CAN0_Rx_Warning_IRQHandler
 .text.CAN0_Wake_Up_IRQHandler
                0x00002234        0x8 ./SDK/startup/startup_mk64f12.o
                0x00002234                CAN0_Wake_Up_IRQHandler
 .text.SDHC_IRQHandler
                0x0000223c        0x8 ./SDK/startup/startup_mk64f12.o
                0x0000223c                SDHC_IRQHandler
 .text.ENET_1588_Timer_IRQHandler
                0x00002244        0x8 ./SDK/startup/startup_mk64f12.o
                0x00002244                ENET_1588_Timer_IRQHandler
 .text.ENET_Transmit_IRQHandler
                0x0000224c        0x8 ./SDK/startup/startup_mk64f12.o
                0x0000224c                ENET_Transmit_IRQHandler
 .text.ENET_Receive_IRQHandler
                0x00002254        0x8 ./SDK/startup/startup_mk64f12.o
                0x00002254                ENET_Receive_IRQHandler
 .text.ENET_Error_IRQHandler
                0x0000225c        0x8 ./SDK/startup/startup_mk64f12.o
                0x0000225c                ENET_Error_IRQHandler
 .text.SystemInitHook
                0x00002264        0xe ./SDK/CMSIS/system_MK64F12.o
                0x00002264                SystemInitHook
 *(SORT_BY_ALIGNMENT(.rodata) SORT_BY_ALIGNMENT(.rodata.*) SORT_BY_ALIGNMENT(.constdata) SORT_BY_ALIGNMENT(.constdata.*))
 *fill*         0x00002272        0x2 ff
 .rodata.keepAliveTx
                0x00002274        0x6 ./source/gatewayComm.o
 *fill*         0x0000227a        0x2 ff
 .rodata.msgPrefix
                0x0000227c        0x5 ./source/gatewayComm.o
 *fill*         0x00002281        0x3 ff
 .rodata        0x00002284       0x40 ./source/gatewayComm.o
 .rodata        0x000022c4       0x30 ./source/gpio.o
 .rodata        0x000022f4       0x2c ./source/uart.o
                0x00002320                . = ALIGN (0x8)

.glue_7         0x00002320        0x0
 .glue_7        0x00002320        0x0 linker stubs

.glue_7t        0x00002320        0x0
 .glue_7t       0x00002320        0x0 linker stubs

.vfp11_veneer   0x00002320        0x0
 .vfp11_veneer  0x00002320        0x0 linker stubs

.v4_bx          0x00002320        0x0
 .v4_bx         0x00002320        0x0 linker stubs

.iplt           0x00002320        0x0
 .iplt          0x00002320        0x0 ./source/App.o

.rel.dyn        0x00002320        0x0
 .rel.iplt      0x00002320        0x0 ./source/App.o

.ARM.extab
 *(SORT_BY_ALIGNMENT(.ARM.extab*) SORT_BY_ALIGNMENT(.gnu.linkonce.armextab.*))
                0x00002320                __exidx_start = .

.ARM.exidx
 *(SORT_BY_ALIGNMENT(.ARM.exidx*) SORT_BY_ALIGNMENT(.gnu.linkonce.armexidx.*))
                0x00002320                __exidx_end = .
                0x00002320                _etext = .

.m_usb_data
 *(SORT_BY_ALIGNMENT(m_usb_bdt))

.data_RAM2      0x1fff0000        0x0 load address 0x00002320
 FILL mask 0xff
                [!provide]                PROVIDE (__start_data_RAM2, .)
 *(SORT_BY_ALIGNMENT(.ramfunc.$RAM2))
 *(SORT_BY_ALIGNMENT(.ramfunc.$SRAM_LOWER))
 *(SORT_BY_ALIGNMENT(.data.$RAM2*))
 *(SORT_BY_ALIGNMENT(.data.$SRAM_LOWER*))
                0x1fff0000                . = ALIGN (0x8)
                [!provide]                PROVIDE (__end_data_RAM2, .)

.data_RAM3      0x14000000        0x0 load address 0x00002320
 FILL mask 0xff
                [!provide]                PROVIDE (__start_data_RAM3, .)
 *(SORT_BY_ALIGNMENT(.ramfunc.$RAM3))
 *(SORT_BY_ALIGNMENT(.ramfunc.$FLEX_RAM))
 *(SORT_BY_ALIGNMENT(.data.$RAM3*))
 *(SORT_BY_ALIGNMENT(.data.$FLEX_RAM*))
                0x14000000                . = ALIGN (0x8)
                [!provide]                PROVIDE (__end_data_RAM3, .)

.uninit_RESERVED
                0x20000000        0x0
 *(SORT_BY_ALIGNMENT(.bss.$RESERVED*))
                0x20000000                . = ALIGN (0x4)
                0x20000000                _end_uninit_RESERVED = .

.data           0x20000000       0x78 load address 0x00002320
 FILL mask 0xff
                0x20000000                _data = .
 *(SORT_BY_ALIGNMENT(vtable))
 *(SORT_BY_ALIGNMENT(.ramfunc*))
 *(SORT_BY_ALIGNMENT(.data*))
 .data.msgTx    0x20000000        0x6 ./source/App.o
 *fill*         0x20000006        0x2 ff
 .data.msgTx    0x20000008       0x32 ./source/gatewayComm.o
 *fill*         0x2000003a        0x2 ff
 .data.uartRXpins
                0x2000003c        0x5 ./source/uart.o
 *fill*         0x20000041        0x3 ff
 .data.uartTXpins
                0x20000044        0x5 ./source/uart.o
 *fill*         0x20000049        0x3 ff
 .data.markersRXbuffer
                0x2000004c       0x14 ./source/uart.o
 .data.uartIRQs_TX_RX
                0x20000060        0x6 ./source/uart.o
                0x20000060                uartIRQs_TX_RX
 *fill*         0x20000066        0x2 ff
 .data.uartIRQs_ERR
                0x20000068        0x6 ./source/uart.o
                0x20000068                uartIRQs_ERR
 *fill*         0x2000006e        0x2 ff
 .data.uartIRQs_LON
                0x20000070        0x6 ./source/uart.o
                0x20000070                uartIRQs_LON
                0x20000078                . = ALIGN (0x8)
 *fill*         0x20000076        0x2 ff
                0x20000078                _edata = .

.igot.plt       0x20000078        0x0 load address 0x00002398
 .igot.plt      0x20000078        0x0 ./source/App.o

.bss_RAM2       0x1fff0000        0x0
                [!provide]                PROVIDE (__start_bss_RAM2, .)
 *(SORT_BY_ALIGNMENT(.bss.$RAM2*))
 *(SORT_BY_ALIGNMENT(.bss.$SRAM_LOWER*))
                0x1fff0000                . = ALIGN ((. != 0x0)?0x8:0x1)
                [!provide]                PROVIDE (__end_bss_RAM2, .)

.bss_RAM3       0x14000000        0x0
                [!provide]                PROVIDE (__start_bss_RAM3, .)
 *(SORT_BY_ALIGNMENT(.bss.$RAM3*))
 *(SORT_BY_ALIGNMENT(.bss.$FLEX_RAM*))
                0x14000000                . = ALIGN ((. != 0x0)?0x8:0x1)
                [!provide]                PROVIDE (__end_bss_RAM3, .)

.bss            0x20000078     0xc700
                0x20000078                _bss = .
 *(SORT_BY_ALIGNMENT(.bss*))
 .bss.msgRx     0x20000078        0xc ./source/App.o
 .bss.timerEnabled
                0x20000084        0x4 ./source/PIT.o
 .bss.timerInChainMode
                0x20000088        0x4 ./source/PIT.o
 .bss.pitFuns   0x2000008c       0x10 ./source/PIT.o
 .bss.floor     0x2000009c       0xc8 ./source/buildingDataBase.o
 .bss.p2irqFunctions
                0x20000164      0x280 ./source/gpio.o
                0x20000164                p2irqFunctions
 .bss.uartMode  0x200003e4        0x5 ./source/uart.o
 *fill*         0x200003e9        0x3 
 .bss.RXbuffers
                0x200003ec     0x9c40 ./source/uart.o
 .bss.flagsReading
                0x2000a02c        0x5 ./source/uart.o
 *fill*         0x2000a031        0x3 
 .bss.countersRXfailed
                0x2000a034        0x5 ./source/uart.o
 *fill*         0x2000a039        0x3 
 .bss.TXbuffers
                0x2000a03c     0x2710 ./source/uart.o
 .bss.outMarkersTXbuffer
                0x2000c74c        0x5 ./source/uart.o
 *fill*         0x2000c751        0x3 
 .bss.inMarkersTXbuffer
                0x2000c754        0x5 ./source/uart.o
 *fill*         0x2000c759        0x3 
 .bss.lensTXbuffer
                0x2000c75c        0x5 ./source/uart.o
 *fill*         0x2000c761        0x3 
 .bss.__LDM_interruptDisableCount
                0x2000c764        0x4 ./SDK/startup/hardware.o
 .bss.cant      0x2000c768        0x1 ./source/App.o
 .bss.pitInitDone
                0x2000c769        0x1 ./source/PIT.o
 .bss.activeFloors
                0x2000c76a        0x1 ./source/buildingDataBase.o
 .bss.initialized
                0x2000c76b        0x1 ./source/buildingDataBase.o
 .bss.resend    0x2000c76c        0x1 ./source/gatewayComm.o
 .bss.readyToSend
                0x2000c76d        0x1 ./source/gatewayComm.o
 .bss.readyToSendKA
                0x2000c76e        0x1 ./source/gatewayComm.o
 .bss.connected
                0x2000c76f        0x1 ./source/gatewayComm.o
 .bss.keepAlive
                0x2000c770        0x1 ./source/gatewayComm.o
 .bss.msgCompleted
                0x2000c771        0x1 ./source/gatewayComm.o
 .bss.msgRx     0x2000c772        0x1 ./source/gatewayComm.o
 .bss.msgIdx    0x2000c773        0x1 ./source/gatewayComm.o
 *(SORT_BY_ALIGNMENT(COMMON))
                0x2000c778                . = ALIGN (0x8)
 *fill*         0x2000c774        0x4 
                0x2000c778                _ebss = .
                [!provide]                PROVIDE (end, .)

.noinit_RAM2    0x1fff0000        0x0
 *(SORT_BY_ALIGNMENT(.noinit.$RAM2*))
 *(SORT_BY_ALIGNMENT(.noinit.$SRAM_LOWER*))
                0x1fff0000                . = ALIGN (0x8)

.noinit_RAM3    0x14000000        0x0
 *(SORT_BY_ALIGNMENT(.noinit.$RAM3*))
 *(SORT_BY_ALIGNMENT(.noinit.$FLEX_RAM*))
                0x14000000                . = ALIGN (0x8)

.noinit         0x2000c778        0x0
                0x2000c778                _noinit = .
 *(SORT_BY_ALIGNMENT(.noinit*))
                0x2000c778                . = ALIGN (0x8)
                0x2000c778                _end_noinit = .
                0x00001000                _HeapSize = 0x1000

.heap           0x2000c778     0x1000
                0x2000c778                _pvHeapStart = .
                0x2000d778                . = (. + _HeapSize)
 *fill*         0x2000c778     0x1000 
                0x2000d778                . = ALIGN (0x8)
                0x2000d778                _pvHeapLimit = .
                0x00001000                _StackSize = 0x1000

.heap2stackfill
                0x2000d778     0x1000
                0x2000e778                . = (. + _StackSize)
 *fill*         0x2000d778     0x1000 

.stack          0x2002f000        0x0
                0x2002f000                _vStackBase = .
                0x2002f000                . = ALIGN (0x8)
                0x20030000                _vStackTop = (. + _StackSize)
                0x00000000                _image_start = LOADADDR (.text)
                0x00002398                _image_end = (LOADADDR (.data) + SIZEOF (.data))
                0x00002398                _image_size = (_image_end - _image_start)
OUTPUT(ThingSpeakCom.axf elf32-littlearm)

.debug_info     0x00000000     0x47fe
 .debug_info    0x00000000      0x144 ./source/App.o
 .debug_info    0x00000144      0xa70 ./source/PIT.o
 .debug_info    0x00000bb4      0x198 ./source/buildingDataBase.o
 .debug_info    0x00000d4c      0x105 ./source/connectivityLED.o
 .debug_info    0x00000e51      0x4dc ./source/gatewayComm.o
 .debug_info    0x0000132d      0xdf4 ./source/gpio.o
 .debug_info    0x00002121     0x10ca ./source/uart.o
 .debug_info    0x000031eb      0x675 ./SDK/startup/hardware.o
 .debug_info    0x00003860       0xb7 ./SDK/startup/main.o
 .debug_info    0x00003917       0x3b ./SDK/startup/semihost_hardfault.o
 .debug_info    0x00003952      0x8b0 ./SDK/startup/startup_mk64f12.o
 .debug_info    0x00004202      0x5fc ./SDK/CMSIS/system_MK64F12.o

.debug_abbrev   0x00000000      0xfe7
 .debug_abbrev  0x00000000       0xbf ./source/App.o
 .debug_abbrev  0x000000bf      0x23d ./source/PIT.o
 .debug_abbrev  0x000002fc       0xd9 ./source/buildingDataBase.o
 .debug_abbrev  0x000003d5       0xbe ./source/connectivityLED.o
 .debug_abbrev  0x00000493      0x197 ./source/gatewayComm.o
 .debug_abbrev  0x0000062a      0x290 ./source/gpio.o
 .debug_abbrev  0x000008ba      0x2ae ./source/uart.o
 .debug_abbrev  0x00000b68      0x138 ./SDK/startup/hardware.o
 .debug_abbrev  0x00000ca0       0x7d ./SDK/startup/main.o
 .debug_abbrev  0x00000d1d       0x2f ./SDK/startup/semihost_hardfault.o
 .debug_abbrev  0x00000d4c      0x15c ./SDK/startup/startup_mk64f12.o
 .debug_abbrev  0x00000ea8      0x13f ./SDK/CMSIS/system_MK64F12.o

.debug_aranges  0x00000000      0x728
 .debug_aranges
                0x00000000       0x28 ./source/App.o
 .debug_aranges
                0x00000028       0xa0 ./source/PIT.o
 .debug_aranges
                0x000000c8       0x30 ./source/buildingDataBase.o
 .debug_aranges
                0x000000f8       0x28 ./source/connectivityLED.o
 .debug_aranges
                0x00000120       0x78 ./source/gatewayComm.o
 .debug_aranges
                0x00000198       0xc8 ./source/gpio.o
 .debug_aranges
                0x00000260       0xf8 ./source/uart.o
 .debug_aranges
                0x00000358       0x30 ./SDK/startup/hardware.o
 .debug_aranges
                0x00000388       0x20 ./SDK/startup/main.o
 .debug_aranges
                0x000003a8       0x20 ./SDK/startup/semihost_hardfault.o
 .debug_aranges
                0x000003c8      0x330 ./SDK/startup/startup_mk64f12.o
 .debug_aranges
                0x000006f8       0x30 ./SDK/CMSIS/system_MK64F12.o

.debug_ranges   0x00000000      0x668
 .debug_ranges  0x00000000       0x18 ./source/App.o
 .debug_ranges  0x00000018       0x90 ./source/PIT.o
 .debug_ranges  0x000000a8       0x20 ./source/buildingDataBase.o
 .debug_ranges  0x000000c8       0x18 ./source/connectivityLED.o
 .debug_ranges  0x000000e0       0x68 ./source/gatewayComm.o
 .debug_ranges  0x00000148       0xb8 ./source/gpio.o
 .debug_ranges  0x00000200       0xe8 ./source/uart.o
 .debug_ranges  0x000002e8       0x20 ./SDK/startup/hardware.o
 .debug_ranges  0x00000308       0x10 ./SDK/startup/main.o
 .debug_ranges  0x00000318       0x10 ./SDK/startup/semihost_hardfault.o
 .debug_ranges  0x00000328      0x320 ./SDK/startup/startup_mk64f12.o
 .debug_ranges  0x00000648       0x20 ./SDK/CMSIS/system_MK64F12.o

.debug_macro    0x00000000    0x11854
 .debug_macro   0x00000000       0x60 ./source/App.o
 .debug_macro   0x00000060      0xa5a ./source/App.o
 .debug_macro   0x00000aba       0x22 ./source/App.o
 .debug_macro   0x00000adc      0x34e ./source/App.o
 .debug_macro   0x00000e2a       0x46 ./source/App.o
 .debug_macro   0x00000e70       0x9e ./source/PIT.o
 .debug_macro   0x00000f0e       0x10 ./source/PIT.o
 .debug_macro   0x00000f1e       0x5c ./source/PIT.o
 .debug_macro   0x00000f7a       0x1c ./source/PIT.o
 .debug_macro   0x00000f96       0x22 ./source/PIT.o
 .debug_macro   0x00000fb8       0xdf ./source/PIT.o
 .debug_macro   0x00001097      0xecf ./source/PIT.o
 .debug_macro   0x00001f66       0x48 ./source/PIT.o
 .debug_macro   0x00001fae     0xe07b ./source/PIT.o
 .debug_macro   0x00010029       0x3d ./source/buildingDataBase.o
 .debug_macro   0x00010066       0xa2 ./source/connectivityLED.o
 .debug_macro   0x00010108       0x3a ./source/connectivityLED.o
 .debug_macro   0x00010142       0xbd ./source/gatewayComm.o
 .debug_macro   0x000101ff       0x16 ./source/gatewayComm.o
 .debug_macro   0x00010215       0xa4 ./source/gpio.o
 .debug_macro   0x000102b9      0x118 ./source/uart.o
 .debug_macro   0x000103d1       0x40 ./source/uart.o
 .debug_macro   0x00010411       0x10 ./source/uart.o
 .debug_macro   0x00010421     0x122b ./source/uart.o
 .debug_macro   0x0001164c       0x16 ./source/uart.o
 .debug_macro   0x00011662       0x9c ./SDK/startup/hardware.o
 .debug_macro   0x000116fe       0x9c ./SDK/startup/main.o
 .debug_macro   0x0001179a       0x11 ./SDK/startup/semihost_hardfault.o
 .debug_macro   0x000117ab       0x29 ./SDK/startup/startup_mk64f12.o
 .debug_macro   0x000117d4       0x80 ./SDK/CMSIS/system_MK64F12.o

.debug_line     0x00000000     0x1dfc
 .debug_line    0x00000000      0x123 ./source/App.o
 .debug_line    0x00000123      0x2fe ./source/PIT.o
 .debug_line    0x00000421      0x13a ./source/buildingDataBase.o
 .debug_line    0x0000055b      0x16c ./source/connectivityLED.o
 .debug_line    0x000006c7      0x25d ./source/gatewayComm.o
 .debug_line    0x00000924      0x347 ./source/gpio.o
 .debug_line    0x00000c6b      0x550 ./source/uart.o
 .debug_line    0x000011bb      0x1d4 ./SDK/startup/hardware.o
 .debug_line    0x0000138f      0x175 ./SDK/startup/main.o
 .debug_line    0x00001504       0x59 ./SDK/startup/semihost_hardfault.o
 .debug_line    0x0000155d      0x6d8 ./SDK/startup/startup_mk64f12.o
 .debug_line    0x00001c35      0x1c7 ./SDK/CMSIS/system_MK64F12.o

.debug_str      0x00000000    0x78e00
 .debug_str     0x00000000     0x3828 ./source/App.o
                               0x3990 (size before relaxing)
 .debug_str     0x00003828    0x6d499 ./source/PIT.o
                              0x70d36 (size before relaxing)
 .debug_str     0x00070cc1       0xb8 ./source/buildingDataBase.o
                               0x38fa (size before relaxing)
 .debug_str     0x00070d79      0x164 ./source/connectivityLED.o
                              0x705fa (size before relaxing)
 .debug_str     0x00070edd      0x327 ./source/gatewayComm.o
                               0x3d1d (size before relaxing)
 .debug_str     0x00071204      0x308 ./source/gpio.o
                              0x70e7b (size before relaxing)
 .debug_str     0x0007150c     0x701e ./source/uart.o
                              0x77d1d (size before relaxing)
 .debug_str     0x0007852a      0x16f ./SDK/startup/hardware.o
                              0x77210 (size before relaxing)
 .debug_str     0x00078699       0x1b ./SDK/startup/main.o
                              0x76fe4 (size before relaxing)
 .debug_str     0x000786b4       0x36 ./SDK/startup/semihost_hardfault.o
                               0x2d4a (size before relaxing)
 .debug_str     0x000786ea      0x6b4 ./SDK/startup/startup_mk64f12.o
                               0x35b8 (size before relaxing)
 .debug_str     0x00078d9e       0x62 ./SDK/CMSIS/system_MK64F12.o
                              0x7711f (size before relaxing)

.comment        0x00000000       0x7e
 .comment       0x00000000       0x7e ./source/App.o
                                 0x7f (size before relaxing)
 .comment       0x0000007e       0x7f ./source/PIT.o
 .comment       0x0000007e       0x7f ./source/buildingDataBase.o
 .comment       0x0000007e       0x7f ./source/connectivityLED.o
 .comment       0x0000007e       0x7f ./source/gatewayComm.o
 .comment       0x0000007e       0x7f ./source/gpio.o
 .comment       0x0000007e       0x7f ./source/uart.o
 .comment       0x0000007e       0x7f ./SDK/startup/hardware.o
 .comment       0x0000007e       0x7f ./SDK/startup/main.o
 .comment       0x0000007e       0x7f ./SDK/startup/semihost_hardfault.o
 .comment       0x0000007e       0x7f ./SDK/startup/startup_mk64f12.o
 .comment       0x0000007e       0x7f ./SDK/CMSIS/system_MK64F12.o

.ARM.attributes
                0x00000000       0x39
 .ARM.attributes
                0x00000000       0x39 ./source/App.o
 .ARM.attributes
                0x00000039       0x39 ./source/PIT.o
 .ARM.attributes
                0x00000072       0x39 ./source/buildingDataBase.o
 .ARM.attributes
                0x000000ab       0x39 ./source/connectivityLED.o
 .ARM.attributes
                0x000000e4       0x39 ./source/gatewayComm.o
 .ARM.attributes
                0x0000011d       0x39 ./source/gpio.o
 .ARM.attributes
                0x00000156       0x39 ./source/uart.o
 .ARM.attributes
                0x0000018f       0x39 ./SDK/startup/hardware.o
 .ARM.attributes
                0x000001c8       0x39 ./SDK/startup/main.o
 .ARM.attributes
                0x00000201       0x39 ./SDK/startup/semihost_hardfault.o
 .ARM.attributes
                0x0000023a       0x39 ./SDK/startup/startup_mk64f12.o
 .ARM.attributes
                0x00000273       0x39 ./SDK/CMSIS/system_MK64F12.o

.debug_frame    0x00000000     0x16e0
 .debug_frame   0x00000000       0x50 ./source/App.o
 .debug_frame   0x00000050      0x270 ./source/PIT.o
 .debug_frame   0x000002c0       0x88 ./source/buildingDataBase.o
 .debug_frame   0x00000348       0x50 ./source/connectivityLED.o
 .debug_frame   0x00000398      0x1b8 ./source/gatewayComm.o
 .debug_frame   0x00000550      0x350 ./source/gpio.o
 .debug_frame   0x000008a0      0x40c ./source/uart.o
 .debug_frame   0x00000cac       0x70 ./SDK/startup/hardware.o
 .debug_frame   0x00000d1c       0x2c ./SDK/startup/main.o
 .debug_frame   0x00000d48       0x20 ./SDK/startup/semihost_hardfault.o
 .debug_frame   0x00000d68      0x904 ./SDK/startup/startup_mk64f12.o
 .debug_frame   0x0000166c       0x74 ./SDK/CMSIS/system_MK64F12.o
